<html>
<body>
<pre>
<h1>µVision Build Log</h1>
<h2>Tool Versions:</h2>
IDE-Version: µVision V5.27.0.0
Copyright (C) 2018 ARM Ltd and ARM Germany GmbH. All rights reserved.
License Information: PHUC NGUYEN, IU, LIC=76FWF-6RF4F-PZ8WB-2GS6K-S54IU-5MT4C
 
Tool Versions:
Toolchain:       MDK-ARM Plus  Version: 5.27.0.0
Toolchain Path:  C:\Keil_v5\ARM\ARMCC\Bin
C Compiler:      Armcc.exe V5.06 update 6 (build 750)
Assembler:       Armasm.exe V5.06 update 6 (build 750)
Linker/Locator:  ArmLink.exe V5.06 update 6 (build 750)
Library Manager: ArmAr.exe V5.06 update 6 (build 750)
Hex Converter:   FromElf.exe V5.06 update 6 (build 750)
CPU DLL:         SARMCM3.DLL V5.27.0.0
Dialog DLL:      DCM.DLL V1.17.2.0
Target DLL:      STLink\ST-LINKIII-KEIL_SWO.dll V3.0.5.0
Dialog DLL:      TCM.DLL V1.36.1.0
 
<h2>Project:</h2>
K:\5. CODING\2. OFFICAL\STM32F103RCT6\ROTATING DRUM COLLECTOR_6\Project\ROTATING DRUM COLLECTOR_4.uvprojx
Project File Date:  07/02/2019

<h2>Output:</h2>
*** Using Compiler 'V5.06 update 6 (build 750)', folder: 'C:\Keil_v5\ARM\ARMCC\Bin'
Rebuild target 'ROTATING DRUM COLLECTOR_4'
compiling system_stm32f10x.c...
compiling stm32f10x_it.c...
compiling main.c...
..\Source\inc\main.h(10): warning:  #1-D: last line of file ends without a newline
  #endif
..\Source\main.c(174): warning:  #1-D: last line of file ends without a newline
  	}
..\Source\main.c: 2 warnings, 0 errors
compiling core_cm3.c...
compiling misc.c...
compiling stm32f10x_gpio.c...
compiling stm32f10x_exti.c...
compiling stm32f10x_rcc.c...
compiling stm32f10x_usart.c...
assembling startup_stm32f10x_hd.s...
compiling stm32f10x_tim.c...
compiling stm32f10x_i2c.c...
compiling button_config.c...
..\Source\inc\main.h(10): warning:  #1-D: last line of file ends without a newline
  #endif
..\Source\src\button_config.c: 1 warning, 0 errors
compiling at24cxx.c...
..\Source\inc\main.h(10): warning:  #1-D: last line of file ends without a newline
  #endif
..\Source\src\at24cxx.c: 1 warning, 0 errors
compiling delay.c...
compiling enc_config.c...
..\Source\inc\main.h(10): warning:  #1-D: last line of file ends without a newline
  #endif
..\Source\src\enc_config.c: 1 warning, 0 errors
compiling i2c.c...
..\Source\inc\main.h(10): warning:  #1-D: last line of file ends without a newline
  #endif
..\Source\src\i2c.c: 1 warning, 0 errors
compiling LiquidCrystal_I2C.c...
compiling sermotor_config.c...
..\Source\inc\main.h(10): warning:  #1-D: last line of file ends without a newline
  #endif
..\Source\src\sermotor_config.c: 1 warning, 0 errors
compiling pid.c...
..\Source\inc\main.h(10): warning:  #1-D: last line of file ends without a newline
  #endif
..\Source\src\pid.c: 1 warning, 0 errors
compiling usart.c...
..\Source\inc\main.h(10): warning:  #1-D: last line of file ends without a newline
  #endif
..\Source\src\usart.c: 1 warning, 0 errors
linking...
Program Size: Code=9064 RO-data=336 RW-data=136 ZI-data=1096  
FromELF: creating hex file...
".\Objects\ROTATING DRUM COLLECTOR_4.axf" - 0 Error(s), 9 Warning(s).

<h2>Software Packages used:</h2>

Package Vendor: Keil
                http://www.keil.com/pack/Keil.STM32F1xx_DFP.2.3.0.pack
                Keil.STM32F1xx_DFP.2.3.0
                STMicroelectronics STM32F1 Series Device Support, Drivers and Examples

<h2>Collection of Component include folders:</h2>
  .\RTE\_ROTATING_DRUM_COLLECTOR_4
  C:\Keil_v5\ARM\PACK\Keil\STM32F1xx_DFP\2.3.0\Device\Include

<h2>Collection of Component Files used:</h2>
Build Time Elapsed:  00:00:13
</pre>
</body>
</html>
