Component: ARM Compiler 5.06 update 6 (build 750) Tool: armlink [4d35ed]

==============================================================================

Section Cross References

    main.o(i.main) refers to liquidcrystal_i2c.o(i.I2C_LCD_Config) for I2C_LCD_Config
    main.o(i.main) refers to usart.o(i.USART_Config) for USART_Config
    main.o(i.main) refers to i2c.o(i.I2CSOFT_Init) for I2CSOFT_Init
    main.o(i.main) refers to sermotor_config.o(i.Sermotor_Config) for Sermotor_Config
    main.o(i.main) refers to enc_config.o(i.Enc_Config) for Enc_Config
    main.o(i.main) refers to button_config.o(i.Button_Config) for Button_Config
    main.o(i.main) refers to button_config.o(i.Keypad_Getkey) for Keypad_Getkey
    main.o(i.main) refers to pid.o(i.FB_Control) for FB_Control
    main.o(i.main) refers to sermotor_config.o(i.Stop_Motor_BRA) for Stop_Motor_BRA
    main.o(i.main) refers to at24cxx.o(i.EEPROM_Write) for EEPROM_Write
    main.o(i.main) refers to liquidcrystal_i2c.o(i.lcd_goto_XY) for lcd_goto_XY
    main.o(i.main) refers to liquidcrystal_i2c.o(i.lcd_send_string) for lcd_send_string
    main.o(i.main) refers to at24cxx.o(i.EEPROM_Read) for EEPROM_Read
    main.o(i.main) refers to printf1.o(i.__0sprintf$1) for __2sprintf
    main.o(i.main) refers to liquidcrystal_i2c.o(i.lcd_init) for lcd_init
    main.o(i.main) refers to system_stm32f10x.o(.data) for SystemCoreClock
    main.o(i.main) refers to main.o(.data) for state
    main.o(i.main) refers to button_config.o(.data) for counterPulse
    main.o(i.main) refers to main.o(.bss) for Buff_Str
    stm32f10x_it.o(i.SysTick_Handler) refers to delay.o(.data) for Time_ST
    stm32f10x_it.o(i.TIM2_IRQHandler) refers to stm32f10x_tim.o(i.TIM_GetITStatus) for TIM_GetITStatus
    stm32f10x_it.o(i.TIM2_IRQHandler) refers to stm32f10x_tim.o(i.TIM_ClearFlag) for TIM_ClearFlag
    stm32f10x_it.o(i.TIM2_IRQHandler) refers to stm32f10x_it.o(.data) for timer2Ovr
    stm32f10x_it.o(i.TIM3_IRQHandler) refers to stm32f10x_tim.o(i.TIM_GetITStatus) for TIM_GetITStatus
    stm32f10x_it.o(i.TIM3_IRQHandler) refers to stm32f10x_tim.o(i.TIM_ClearFlag) for TIM_ClearFlag
    stm32f10x_it.o(i.TIM3_IRQHandler) refers to main.o(.data) for timer3Ovr
    stm32f10x_it.o(i.TIM4_IRQHandler) refers to stm32f10x_tim.o(i.TIM_GetITStatus) for TIM_GetITStatus
    stm32f10x_it.o(i.TIM4_IRQHandler) refers to stm32f10x_tim.o(i.TIM_ClearFlag) for TIM_ClearFlag
    stm32f10x_it.o(i.TIM4_IRQHandler) refers to main.o(.data) for sampleCount
    system_stm32f10x.o(i.SetSysClock) refers to system_stm32f10x.o(i.SetSysClockTo72) for SetSysClockTo72
    system_stm32f10x.o(i.SystemCoreClockUpdate) refers to system_stm32f10x.o(.data) for SystemCoreClock
    system_stm32f10x.o(i.SystemInit) refers to system_stm32f10x.o(i.SetSysClock) for SetSysClock
    stm32f10x_gpio.o(i.GPIO_AFIODeInit) refers to stm32f10x_rcc.o(i.RCC_APB2PeriphResetCmd) for RCC_APB2PeriphResetCmd
    stm32f10x_gpio.o(i.GPIO_DeInit) refers to stm32f10x_rcc.o(i.RCC_APB2PeriphResetCmd) for RCC_APB2PeriphResetCmd
    stm32f10x_i2c.o(i.I2C_DeInit) refers to stm32f10x_rcc.o(i.RCC_APB1PeriphResetCmd) for RCC_APB1PeriphResetCmd
    stm32f10x_i2c.o(i.I2C_Init) refers to stm32f10x_rcc.o(i.RCC_GetClocksFreq) for RCC_GetClocksFreq
    stm32f10x_flash.o(i.FLASH_EnableWriteProtection) refers to stm32f10x_flash.o(i.FLASH_WaitForLastOperation) for FLASH_WaitForLastOperation
    stm32f10x_flash.o(i.FLASH_EraseAllBank1Pages) refers to stm32f10x_flash.o(i.FLASH_WaitForLastBank1Operation) for FLASH_WaitForLastBank1Operation
    stm32f10x_flash.o(i.FLASH_EraseAllPages) refers to stm32f10x_flash.o(i.FLASH_WaitForLastOperation) for FLASH_WaitForLastOperation
    stm32f10x_flash.o(i.FLASH_EraseOptionBytes) refers to stm32f10x_flash.o(i.FLASH_GetReadOutProtectionStatus) for FLASH_GetReadOutProtectionStatus
    stm32f10x_flash.o(i.FLASH_EraseOptionBytes) refers to stm32f10x_flash.o(i.FLASH_WaitForLastOperation) for FLASH_WaitForLastOperation
    stm32f10x_flash.o(i.FLASH_ErasePage) refers to stm32f10x_flash.o(i.FLASH_WaitForLastOperation) for FLASH_WaitForLastOperation
    stm32f10x_flash.o(i.FLASH_ProgramHalfWord) refers to stm32f10x_flash.o(i.FLASH_WaitForLastOperation) for FLASH_WaitForLastOperation
    stm32f10x_flash.o(i.FLASH_ProgramOptionByteData) refers to stm32f10x_flash.o(i.FLASH_WaitForLastOperation) for FLASH_WaitForLastOperation
    stm32f10x_flash.o(i.FLASH_ProgramWord) refers to stm32f10x_flash.o(i.FLASH_WaitForLastOperation) for FLASH_WaitForLastOperation
    stm32f10x_flash.o(i.FLASH_ReadOutProtection) refers to stm32f10x_flash.o(i.FLASH_WaitForLastOperation) for FLASH_WaitForLastOperation
    stm32f10x_flash.o(i.FLASH_UserOptionByteConfig) refers to stm32f10x_flash.o(i.FLASH_WaitForLastOperation) for FLASH_WaitForLastOperation
    stm32f10x_flash.o(i.FLASH_WaitForLastBank1Operation) refers to stm32f10x_flash.o(i.FLASH_GetBank1Status) for FLASH_GetBank1Status
[...]
    entry5.o(.ARM.Collect$$$$00000004) refers to init.o(.text) for __scatterload
    entry9a.o(.ARM.Collect$$$$0000000B) refers to main.o(i.main) for main
    entry9b.o(.ARM.Collect$$$$0000000C) refers to main.o(i.main) for main
    fputc.o(i.fputc) refers (Special) to iusesemip.o(.text) for __I$use$semihosting$fputc
    fputc.o(i.fputc) refers (Special) to semi.o(.text) for __semihosting_library_function
    uldiv.o(.text) refers to llushr.o(.text) for __aeabi_llsr
    uldiv.o(.text) refers to llshl.o(.text) for __aeabi_llsl
    depilogue.o(.text) refers to llshl.o(.text) for __aeabi_llsl
    depilogue.o(.text) refers to llushr.o(.text) for __aeabi_llsr
    dfixul.o(.text) refers to llushr.o(.text) for __aeabi_llsr
    dfixul.o(.text) refers to llshl.o(.text) for __aeabi_llsl
    init.o(.text) refers to entry5.o(.ARM.Collect$$$$00000004) for __main_after_scatterload


==============================================================================

Removing Unused input sections from the image.

    Removing system_stm32f10x.o(i.SystemCoreClockUpdate), (164 bytes).
    Removing core_cm3.o(.emb_text), (32 bytes).
    Removing misc.o(i.NVIC_SetVectorTable), (20 bytes).
    Removing misc.o(i.NVIC_SystemLPConfig), (32 bytes).
    Removing misc.o(i.SysTick_CLKSourceConfig), (40 bytes).
    Removing stm32f10x_exti.o(i.EXTI_ClearFlag), (12 bytes).
    Removing stm32f10x_exti.o(i.EXTI_DeInit), (36 bytes).
    Removing stm32f10x_exti.o(i.EXTI_GenerateSWInterrupt), (16 bytes).
    Removing stm32f10x_exti.o(i.EXTI_GetFlagStatus), (24 bytes).
    Removing stm32f10x_exti.o(i.EXTI_StructInit), (16 bytes).
    Removing stm32f10x_gpio.o(i.GPIO_AFIODeInit), (20 bytes).
    Removing stm32f10x_gpio.o(i.GPIO_DeInit), (200 bytes).
    Removing stm32f10x_gpio.o(i.GPIO_ETH_MediaInterfaceConfig), (12 bytes).
    Removing stm32f10x_gpio.o(i.GPIO_EventOutputCmd), (12 bytes).
    Removing stm32f10x_gpio.o(i.GPIO_EventOutputConfig), (32 bytes).
    Removing stm32f10x_gpio.o(i.GPIO_PinLockConfig), (18 bytes).
    Removing stm32f10x_gpio.o(i.GPIO_PinRemapConfig), (144 bytes).
    Removing stm32f10x_gpio.o(i.GPIO_ReadInputData), (8 bytes).
    Removing stm32f10x_gpio.o(i.GPIO_ReadInputDataBit), (18 bytes).
    Removing stm32f10x_gpio.o(i.GPIO_ReadOutputData), (8 bytes).
    Removing stm32f10x_gpio.o(i.GPIO_ReadOutputDataBit), (18 bytes).
    Removing stm32f10x_gpio.o(i.GPIO_StructInit), (16 bytes).
    Removing stm32f10x_gpio.o(i.GPIO_Write), (4 bytes).
    Removing stm32f10x_gpio.o(i.GPIO_WriteBit), (10 bytes).
    Removing stm32f10x_i2c.o(i.I2C_ARPCmd), (24 bytes).
    Removing stm32f10x_i2c.o(i.I2C_AcknowledgeConfig), (24 bytes).
    Removing stm32f10x_i2c.o(i.I2C_CalculatePEC), (24 bytes).
    Removing stm32f10x_i2c.o(i.I2C_ClearFlag), (12 bytes).
    Removing stm32f10x_i2c.o(i.I2C_ClearITPendingBit), (12 bytes).
    Removing stm32f10x_i2c.o(i.I2C_DMACmd), (24 bytes).
    Removing stm32f10x_i2c.o(i.I2C_DMALastTransferCmd), (24 bytes).
    Removing stm32f10x_i2c.o(i.I2C_DeInit), (56 bytes).
    Removing stm32f10x_i2c.o(i.I2C_DualAddressCmd), (24 bytes).
    Removing stm32f10x_i2c.o(i.I2C_FastModeDutyCycleConfig), (28 bytes).
    Removing stm32f10x_i2c.o(i.I2C_GeneralCallCmd), (24 bytes).
    Removing stm32f10x_i2c.o(i.I2C_GetFlagStatus), (58 bytes).
    Removing stm32f10x_i2c.o(i.I2C_GetITStatus), (38 bytes).
    Removing stm32f10x_i2c.o(i.I2C_GetLastEvent), (26 bytes).
    Removing stm32f10x_i2c.o(i.I2C_GetPEC), (8 bytes).
    Removing stm32f10x_i2c.o(i.I2C_ITConfig), (18 bytes).
    Removing stm32f10x_i2c.o(i.I2C_NACKPositionConfig), (28 bytes).
    Removing stm32f10x_i2c.o(i.I2C_OwnAddress2Config), (22 bytes).
    Removing stm32f10x_i2c.o(i.I2C_PECPositionConfig), (28 bytes).
    Removing stm32f10x_i2c.o(i.I2C_ReadRegister), (22 bytes).
    Removing stm32f10x_i2c.o(i.I2C_ReceiveData), (8 bytes).
    Removing stm32f10x_i2c.o(i.I2C_SMBusAlertConfig), (28 bytes).
    Removing stm32f10x_i2c.o(i.I2C_SoftwareResetCmd), (22 bytes).
    Removing stm32f10x_i2c.o(i.I2C_StretchClockCmd), (24 bytes).
    Removing stm32f10x_i2c.o(i.I2C_StructInit), (30 bytes).
    Removing stm32f10x_i2c.o(i.I2C_TransmitPEC), (24 bytes).
    Removing stm32f10x_flash.o(i.FLASH_ClearFlag), (12 bytes).
    Removing stm32f10x_flash.o(i.FLASH_EnableWriteProtection), (196 bytes).
    Removing stm32f10x_flash.o(i.FLASH_EraseAllBank1Pages), (72 bytes).
    Removing stm32f10x_flash.o(i.FLASH_EraseAllPages), (72 bytes).
    Removing stm32f10x_flash.o(i.FLASH_EraseOptionBytes), (168 bytes).
    Removing stm32f10x_flash.o(i.FLASH_ErasePage), (76 bytes).
    Removing stm32f10x_flash.o(i.FLASH_GetBank1Status), (52 bytes).
    Removing stm32f10x_flash.o(i.FLASH_GetFlagStatus), (48 bytes).
    Removing stm32f10x_flash.o(i.FLASH_GetPrefetchBufferStatus), (24 bytes).
    Removing stm32f10x_flash.o(i.FLASH_GetReadOutProtectionStatus), (24 bytes).
    Removing stm32f10x_flash.o(i.FLASH_GetStatus), (52 bytes).
    Removing stm32f10x_flash.o(i.FLASH_GetUserOptionByte), (12 bytes).
    Removing stm32f10x_flash.o(i.FLASH_GetWriteProtectionOptionByte), (12 bytes).
    Removing stm32f10x_flash.o(i.FLASH_HalfCycleAccessCmd), (28 bytes).
    Removing stm32f10x_flash.o(i.FLASH_ITConfig), (32 bytes).
    Removing stm32f10x_flash.o(i.FLASH_Lock), (20 bytes).
    Removing stm32f10x_flash.o(i.FLASH_LockBank1), (20 bytes).
    Removing stm32f10x_flash.o(i.FLASH_PrefetchBufferCmd), (28 bytes).
    Removing stm32f10x_flash.o(i.FLASH_ProgramHalfWord), (64 bytes).
    Removing stm32f10x_flash.o(i.FLASH_ProgramOptionByteData), (84 bytes).
    Removing stm32f10x_flash.o(i.FLASH_ProgramWord), (108 bytes).
    Removing stm32f10x_flash.o(i.FLASH_ReadOutProtection), (172 bytes).
    Removing stm32f10x_flash.o(i.FLASH_SetLatency), (24 bytes).
    Removing stm32f10x_flash.o(i.FLASH_Unlock), (24 bytes).
    Removing stm32f10x_flash.o(i.FLASH_UnlockBank1), (24 bytes).
    Removing stm32f10x_flash.o(i.FLASH_UserOptionByteConfig), (104 bytes).
    Removing stm32f10x_flash.o(i.FLASH_WaitForLastBank1Operation), (38 bytes).
    Removing stm32f10x_flash.o(i.FLASH_WaitForLastOperation), (38 bytes).
    Removing stm32f10x_rcc.o(i.RCC_ADCCLKConfig), (24 bytes).
    Removing stm32f10x_rcc.o(i.RCC_AHBPeriphClockCmd), (32 bytes).
    Removing stm32f10x_rcc.o(i.RCC_AdjustHSICalibrationValue), (24 bytes).
    Removing stm32f10x_rcc.o(i.RCC_BackupResetCmd), (12 bytes).
    Removing stm32f10x_rcc.o(i.RCC_ClearFlag), (20 bytes).
    Removing stm32f10x_rcc.o(i.RCC_ClearITPendingBit), (12 bytes).
    Removing stm32f10x_rcc.o(i.RCC_ClockSecuritySystemCmd), (12 bytes).
    Removing stm32f10x_rcc.o(i.RCC_DeInit), (76 bytes).
    Removing stm32f10x_rcc.o(i.RCC_GetFlagStatus), (60 bytes).
    Removing stm32f10x_rcc.o(i.RCC_GetITStatus), (24 bytes).
    Removing stm32f10x_rcc.o(i.RCC_GetSYSCLKSource), (16 bytes).
    Removing stm32f10x_rcc.o(i.RCC_HCLKConfig), (24 bytes).
    Removing stm32f10x_rcc.o(i.RCC_HSEConfig), (76 bytes).
    Removing stm32f10x_rcc.o(i.RCC_HSICmd), (12 bytes).
    Removing stm32f10x_rcc.o(i.RCC_ITConfig), (32 bytes).
    Removing stm32f10x_rcc.o(i.RCC_LSEConfig), (52 bytes).
    Removing stm32f10x_rcc.o(i.RCC_LSICmd), (12 bytes).
    Removing stm32f10x_rcc.o(i.RCC_MCOConfig), (12 bytes).
    Removing stm32f10x_rcc.o(i.RCC_PCLK1Config), (24 bytes).
    Removing stm32f10x_rcc.o(i.RCC_PCLK2Config), (24 bytes).
    Removing stm32f10x_rcc.o(i.RCC_PLLCmd), (12 bytes).
    Removing stm32f10x_rcc.o(i.RCC_PLLConfig), (28 bytes).
    Removing stm32f10x_rcc.o(i.RCC_RTCCLKCmd), (12 bytes).
    Removing stm32f10x_rcc.o(i.RCC_RTCCLKConfig), (16 bytes).
    Removing stm32f10x_rcc.o(i.RCC_SYSCLKConfig), (24 bytes).
    Removing stm32f10x_rcc.o(i.RCC_USBCLKConfig), (12 bytes).
    Removing stm32f10x_rcc.o(i.RCC_WaitForHSEStartUp), (56 bytes).
    Removing stm32f10x_sdio.o(i.SDIO_CEATAITCmd), (16 bytes).
    Removing stm32f10x_sdio.o(i.SDIO_ClearFlag), (12 bytes).
    Removing stm32f10x_sdio.o(i.SDIO_ClearITPendingBit), (12 bytes).
    Removing stm32f10x_sdio.o(i.SDIO_ClockCmd), (12 bytes).
    Removing stm32f10x_sdio.o(i.SDIO_CmdStructInit), (14 bytes).
    Removing stm32f10x_sdio.o(i.SDIO_CommandCompletionCmd), (12 bytes).
    Removing stm32f10x_sdio.o(i.SDIO_DMACmd), (12 bytes).
    Removing stm32f10x_sdio.o(i.SDIO_DataConfig), (48 bytes).
    Removing stm32f10x_sdio.o(i.SDIO_DataStructInit), (20 bytes).
    Removing stm32f10x_sdio.o(i.SDIO_DeInit), (36 bytes).
    Removing stm32f10x_sdio.o(i.SDIO_GetCommandResponse), (12 bytes).
    Removing stm32f10x_sdio.o(i.SDIO_GetDataCounter), (12 bytes).
    Removing stm32f10x_sdio.o(i.SDIO_GetFIFOCount), (12 bytes).
    Removing stm32f10x_sdio.o(i.SDIO_GetFlagStatus), (24 bytes).
    Removing stm32f10x_sdio.o(i.SDIO_GetITStatus), (24 bytes).
    Removing stm32f10x_sdio.o(i.SDIO_GetPowerState), (16 bytes).
    Removing stm32f10x_sdio.o(i.SDIO_GetResponse), (24 bytes).
    Removing stm32f10x_sdio.o(i.SDIO_ITConfig), (32 bytes).
    Removing stm32f10x_sdio.o(i.SDIO_Init), (48 bytes).
    Removing stm32f10x_sdio.o(i.SDIO_ReadData), (12 bytes).
    Removing stm32f10x_sdio.o(i.SDIO_SendCEATACmd), (12 bytes).
    Removing stm32f10x_sdio.o(i.SDIO_SendCommand), (44 bytes).
    Removing stm32f10x_sdio.o(i.SDIO_SendSDIOSuspendCmd), (12 bytes).
    Removing stm32f10x_sdio.o(i.SDIO_SetPowerState), (28 bytes).
    Removing stm32f10x_sdio.o(i.SDIO_SetSDIOOperation), (12 bytes).
    Removing stm32f10x_sdio.o(i.SDIO_SetSDIOReadWaitMode), (12 bytes).
    Removing stm32f10x_sdio.o(i.SDIO_StartSDIOReadWait), (12 bytes).
    Removing stm32f10x_sdio.o(i.SDIO_StopSDIOReadWait), (12 bytes).
    Removing stm32f10x_sdio.o(i.SDIO_StructInit), (16 bytes).
    Removing stm32f10x_sdio.o(i.SDIO_WriteData), (12 bytes).
    Removing stm32f10x_tim.o(i.TIM_BDTRConfig), (32 bytes).
    Removing stm32f10x_tim.o(i.TIM_BDTRStructInit), (18 bytes).
    Removing stm32f10x_tim.o(i.TIM_CCPreloadControl), (24 bytes).
    Removing stm32f10x_tim.o(i.TIM_CCxCmd), (30 bytes).
    Removing stm32f10x_tim.o(i.TIM_CCxNCmd), (30 bytes).
    Removing stm32f10x_tim.o(i.TIM_ClearITPendingBit), (6 bytes).
    Removing stm32f10x_tim.o(i.TIM_ClearOC1Ref), (18 bytes).
    Removing stm32f10x_tim.o(i.TIM_ClearOC2Ref), (24 bytes).
    Removing stm32f10x_tim.o(i.TIM_ClearOC3Ref), (18 bytes).
    Removing stm32f10x_tim.o(i.TIM_ClearOC4Ref), (24 bytes).
    Removing stm32f10x_tim.o(i.TIM_CounterModeConfig), (18 bytes).
    Removing stm32f10x_tim.o(i.TIM_CtrlPWMOutputs), (30 bytes).
    Removing stm32f10x_tim.o(i.TIM_DMACmd), (18 bytes).
    Removing stm32f10x_tim.o(i.TIM_DMAConfig), (10 bytes).
    Removing stm32f10x_tim.o(i.TIM_ETRClockMode1Config), (54 bytes).
    Removing stm32f10x_tim.o(i.TIM_ETRClockMode2Config), (32 bytes).
    Removing stm32f10x_tim.o(i.TIM_ETRConfig), (28 bytes).
    Removing stm32f10x_tim.o(i.TIM_ForcedOC1Config), (18 bytes).
    Removing stm32f10x_tim.o(i.TIM_ForcedOC2Config), (26 bytes).
    Removing stm32f10x_tim.o(i.TIM_ForcedOC3Config), (18 bytes).
    Removing stm32f10x_tim.o(i.TIM_ForcedOC4Config), (26 bytes).
    Removing stm32f10x_tim.o(i.TIM_GenerateEvent), (4 bytes).
    Removing stm32f10x_tim.o(i.TIM_GetCapture1), (6 bytes).
    Removing stm32f10x_tim.o(i.TIM_GetCapture2), (6 bytes).
    Removing stm32f10x_tim.o(i.TIM_GetCapture3), (6 bytes).
    Removing stm32f10x_tim.o(i.TIM_GetCapture4), (8 bytes).
    Removing stm32f10x_tim.o(i.TIM_GetFlagStatus), (18 bytes).
    Removing stm32f10x_tim.o(i.TIM_GetPrescaler), (6 bytes).
    Removing stm32f10x_tim.o(i.TIM_ICStructInit), (18 bytes).
    Removing stm32f10x_tim.o(i.TIM_ITRxExternalClockConfig), (24 bytes).
    Removing stm32f10x_tim.o(i.TIM_InternalClockConfig), (12 bytes).
    Removing stm32f10x_tim.o(i.TIM_OC1FastConfig), (18 bytes).
    Removing stm32f10x_tim.o(i.TIM_OC1Init), (152 bytes).
    Removing stm32f10x_tim.o(i.TIM_OC1NPolarityConfig), (18 bytes).
    Removing stm32f10x_tim.o(i.TIM_OC1PolarityConfig), (18 bytes).
    Removing stm32f10x_tim.o(i.TIM_OC1PreloadConfig), (18 bytes).
    Removing stm32f10x_tim.o(i.TIM_OC2FastConfig), (26 bytes).
    Removing stm32f10x_tim.o(i.TIM_OC2Init), (164 bytes).
    Removing stm32f10x_tim.o(i.TIM_OC2NPolarityConfig), (26 bytes).
    Removing stm32f10x_tim.o(i.TIM_OC2PolarityConfig), (26 bytes).
    Removing stm32f10x_tim.o(i.TIM_OC2PreloadConfig), (26 bytes).
    Removing stm32f10x_tim.o(i.TIM_OC3FastConfig), (18 bytes).
    Removing stm32f10x_tim.o(i.TIM_OC3NPolarityConfig), (26 bytes).
    Removing stm32f10x_tim.o(i.TIM_OC3PolarityConfig), (26 bytes).
    Removing stm32f10x_tim.o(i.TIM_OC4FastConfig), (26 bytes).
    Removing stm32f10x_tim.o(i.TIM_OC4Init), (124 bytes).
    Removing stm32f10x_tim.o(i.TIM_OC4PolarityConfig), (26 bytes).
    Removing stm32f10x_tim.o(i.TIM_OC4PreloadConfig), (26 bytes).
    Removing stm32f10x_tim.o(i.TIM_OCStructInit), (20 bytes).
    Removing stm32f10x_tim.o(i.TIM_PWMIConfig), (124 bytes).
    Removing stm32f10x_tim.o(i.TIM_PrescalerConfig), (6 bytes).
    Removing stm32f10x_tim.o(i.TIM_SelectCCDMA), (24 bytes).
    Removing stm32f10x_tim.o(i.TIM_SelectCOM), (24 bytes).
    Removing stm32f10x_tim.o(i.TIM_SelectHallSensor), (24 bytes).
    Removing stm32f10x_tim.o(i.TIM_SelectInputTrigger), (18 bytes).
    Removing stm32f10x_tim.o(i.TIM_SelectMasterSlaveMode), (18 bytes).
    Removing stm32f10x_tim.o(i.TIM_SelectOCxM), (82 bytes).
    Removing stm32f10x_tim.o(i.TIM_SelectOnePulseMode), (18 bytes).
    Removing stm32f10x_tim.o(i.TIM_SelectOutputTrigger), (18 bytes).
    Removing stm32f10x_tim.o(i.TIM_SelectSlaveMode), (18 bytes).
    Removing stm32f10x_tim.o(i.TIM_SetAutoreload), (4 bytes).
    Removing stm32f10x_tim.o(i.TIM_SetClockDivision), (18 bytes).
    Removing stm32f10x_tim.o(i.TIM_SetCompare1), (4 bytes).
    Removing stm32f10x_tim.o(i.TIM_SetCompare2), (4 bytes).
    Removing stm32f10x_tim.o(i.TIM_SetCompare3), (4 bytes).
    Removing stm32f10x_tim.o(i.TIM_SetCompare4), (6 bytes).
    Removing stm32f10x_tim.o(i.TIM_TIxExternalClockConfig), (62 bytes).
    Removing stm32f10x_tim.o(i.TIM_TimeBaseStructInit), (18 bytes).
    Removing stm32f10x_tim.o(i.TIM_UpdateDisableConfig), (24 bytes).
    Removing stm32f10x_tim.o(i.TIM_UpdateRequestConfig), (24 bytes).
    Removing stm32f10x_usart.o(i.USART_ClearITPendingBit), (30 bytes).
    Removing stm32f10x_usart.o(i.USART_ClockInit), (34 bytes).
    Removing stm32f10x_usart.o(i.USART_ClockStructInit), (12 bytes).
    Removing stm32f10x_usart.o(i.USART_DMACmd), (18 bytes).
    Removing stm32f10x_usart.o(i.USART_GetFlagStatus), (26 bytes).
    Removing stm32f10x_usart.o(i.USART_GetITStatus), (84 bytes).
    Removing stm32f10x_usart.o(i.USART_HalfDuplexCmd), (24 bytes).
    Removing stm32f10x_usart.o(i.USART_IrDACmd), (24 bytes).
    Removing stm32f10x_usart.o(i.USART_IrDAConfig), (18 bytes).
    Removing stm32f10x_usart.o(i.USART_LINBreakDetectLengthConfig), (18 bytes).
    Removing stm32f10x_usart.o(i.USART_LINCmd), (24 bytes).
    Removing stm32f10x_usart.o(i.USART_OneBitMethodCmd), (24 bytes).
    Removing stm32f10x_usart.o(i.USART_OverSampling8Cmd), (22 bytes).
    Removing stm32f10x_usart.o(i.USART_ReceiveData), (10 bytes).
    Removing stm32f10x_usart.o(i.USART_ReceiverWakeUpCmd), (24 bytes).
    Removing stm32f10x_usart.o(i.USART_SendBreak), (10 bytes).
    Removing stm32f10x_usart.o(i.USART_SendData), (8 bytes).
    Removing stm32f10x_usart.o(i.USART_SetAddress), (18 bytes).
    Removing stm32f10x_usart.o(i.USART_SetGuardTime), (16 bytes).
    Removing stm32f10x_usart.o(i.USART_SetPrescaler), (16 bytes).
    Removing stm32f10x_usart.o(i.USART_SmartCardCmd), (24 bytes).
    Removing stm32f10x_usart.o(i.USART_SmartCardNACKCmd), (24 bytes).
    Removing stm32f10x_usart.o(i.USART_StructInit), (24 bytes).
    Removing stm32f10x_usart.o(i.USART_WakeUpConfig), (18 bytes).
    Removing startup_stm32f10x_hd.o(HEAP), (512 bytes).
    Removing sermotor_config.o(i.Stop_Motor_no_BRA), (44 bytes).
    Removing liquidcrystal_i2c.o(i.Delete_LCD), (16 bytes).
    Removing at24cxx.o(i.EEP24CXX_ReadMultiData), (38 bytes).
    Removing at24cxx.o(i.EEP24CXX_WriteMultiData), (34 bytes).
    Removing usart.o(i.USARTx_GetChar), (30 bytes).
    Removing usart.o(i.USARTx_GetString), (26 bytes).
    Removing usart.o(i.USARTx_SendChar), (30 bytes).
    Removing usart.o(i.USARTx_SendString), (26 bytes).
    Removing usart.o(i.__io_putchar), (36 bytes).
    Removing delay.o(i.Delay_msST), (20 bytes).
    Removing dfixul.o(.text), (48 bytes).
    Removing cdrcmple.o(.text), (48 bytes).

242 unused section(s) (total 7916 bytes) removed from the image.

==============================================================================

Image Symbol Table

    Local Symbols

    Symbol Name                              Value     Ov Type        Size  Object(Section)

    ../clib/microlib/division.c              0x00000000   Number         0  uidiv.o ABSOLUTE
    ../clib/microlib/division.c              0x00000000   Number         0  uldiv.o ABSOLUTE
    ../clib/microlib/init/entry.s            0x00000000   Number         0  entry11a.o ABSOLUTE
    ../clib/microlib/init/entry.s            0x00000000   Number         0  entry2.o ABSOLUTE
    ../clib/microlib/init/entry.s            0x00000000   Number         0  entry7a.o ABSOLUTE
    ../clib/microlib/init/entry.s            0x00000000   Number         0  entry7b.o ABSOLUTE
    ../clib/microlib/init/entry.s            0x00000000   Number         0  entry.o ABSOLUTE
    ../clib/microlib/init/entry.s            0x00000000   Number         0  entry8a.o ABSOLUTE
    ../clib/microlib/init/entry.s            0x00000000   Number         0  entry8b.o ABSOLUTE
    ../clib/microlib/init/entry.s            0x00000000   Number         0  entry9a.o ABSOLUTE
    ../clib/microlib/init/entry.s            0x00000000   Number         0  entry5.o ABSOLUTE
    ../clib/microlib/init/entry.s            0x00000000   Number         0  entry9b.o ABSOLUTE
    ../clib/microlib/init/entry.s            0x00000000   Number         0  entry10a.o ABSOLUTE
    ../clib/microlib/init/entry.s            0x00000000   Number         0  entry10b.o ABSOLUTE
    ../clib/microlib/init/entry.s            0x00000000   Number         0  entry11b.o ABSOLUTE
    ../clib/microlib/longlong.c              0x00000000   Number         0  llshl.o ABSOLUTE
    ../clib/microlib/longlong.c              0x00000000   Number         0  llushr.o ABSOLUTE
    ../clib/microlib/longlong.c              0x00000000   Number         0  llsshr.o ABSOLUTE
    ../clib/microlib/printf/printf.c         0x00000000   Number         0  printf3.o ABSOLUTE
    ../clib/microlib/printf/printf.c         0x00000000   Number         0  printf8.o ABSOLUTE
    ../clib/microlib/printf/printf.c         0x00000000   Number         0  printf7.o ABSOLUTE
    ../clib/microlib/printf/printf.c         0x00000000   Number         0  printf6.o ABSOLUTE
    ../clib/microlib/printf/printf.c         0x00000000   Number         0  printf5.o ABSOLUTE
    ../clib/microlib/printf/printf.c         0x00000000   Number         0  printfa.o ABSOLUTE
    ../clib/microlib/printf/printf.c         0x00000000   Number         0  printf1.o ABSOLUTE
    ../clib/microlib/printf/printf.c         0x00000000   Number         0  printf0.o ABSOLUTE
    ../clib/microlib/printf/printf.c         0x00000000   Number         0  printf4.o ABSOLUTE
    ../clib/microlib/printf/printf.c         0x00000000   Number         0  printfb.o ABSOLUTE
    ../clib/microlib/printf/printf.c         0x00000000   Number         0  printf2.o ABSOLUTE
    ../clib/microlib/printf/stubs.s          0x00000000   Number         0  stubs.o ABSOLUTE
    ../clib/microlib/stdio/fputc.c           0x00000000   Number         0  fputc.o ABSOLUTE
    ../clib/microlib/stdio/semi.s            0x00000000   Number         0  semi.o ABSOLUTE
    ../clib/microlib/stdio/streams.c         0x00000000   Number         0  stdout.o ABSOLUTE
    ../clib/microlib/stubs.s                 0x00000000   Number         0  iusesemip.o ABSOLUTE
    ../clib/microlib/stubs.s                 0x00000000   Number         0  iusefp.o ABSOLUTE
    ../fplib/microlib/fpadd.c                0x00000000   Number         0  dadd.o ABSOLUTE
    ../fplib/microlib/fpdiv.c                0x00000000   Number         0  ddiv.o ABSOLUTE
    ../fplib/microlib/fpepilogue.c           0x00000000   Number         0  depilogue.o ABSOLUTE
    ../fplib/microlib/fpepilogue.c           0x00000000   Number         0  fepilogue.o ABSOLUTE
    ../fplib/microlib/fpfix.c                0x00000000   Number         0  dfixul.o ABSOLUTE
    ../fplib/microlib/fpfix.c                0x00000000   Number         0  dfixi.o ABSOLUTE
    ../fplib/microlib/fpfix.c                0x00000000   Number         0  ffixi.o ABSOLUTE
    ../fplib/microlib/fpflt.c                0x00000000   Number         0  dflti.o ABSOLUTE
    ../fplib/microlib/fpflt.c                0x00000000   Number         0  fflti.o ABSOLUTE
    ../fplib/microlib/fpmul.c                0x00000000   Number         0  dmul.o ABSOLUTE
    ..\Libraries\CMSIS\CoreSupport\core_cm3.c 0x00000000   Number         0  core_cm3.o ABSOLUTE
    ..\Libraries\CMSIS\DeviceSupport\ST\STM32F10x\startup\arm\startup_stm32f10x_hd.s 0x00000000   Number         0  startup_stm32f10x_hd.o ABSOLUTE
    ..\Libraries\STM32F10x_StdPeriph_Driver\src\misc.c 0x00000000   Number         0  misc.o ABSOLUTE
    ..\Libraries\STM32F10x_StdPeriph_Driver\src\stm32f10x_exti.c 0x00000000   Number         0  stm32f10x_exti.o ABSOLUTE
    ..\Libraries\STM32F10x_StdPeriph_Driver\src\stm32f10x_flash.c 0x00000000   Number         0  stm32f10x_flash.o ABSOLUTE
    ..\Libraries\STM32F10x_StdPeriph_Driver\src\stm32f10x_gpio.c 0x00000000   Number         0  stm32f10x_gpio.o ABSOLUTE
    ..\Libraries\STM32F10x_StdPeriph_Driver\src\stm32f10x_i2c.c 0x00000000   Number         0  stm32f10x_i2c.o ABSOLUTE
    ..\Libraries\STM32F10x_StdPeriph_Driver\src\stm32f10x_rcc.c 0x00000000   Number         0  stm32f10x_rcc.o ABSOLUTE
    ..\Libraries\STM32F10x_StdPeriph_Driver\src\stm32f10x_sdio.c 0x00000000   Number         0  stm32f10x_sdio.o ABSOLUTE
    ..\Libraries\STM32F10x_StdPeriph_Driver\src\stm32f10x_tim.c 0x00000000   Number         0  stm32f10x_tim.o ABSOLUTE
    ..\Libraries\STM32F10x_StdPeriph_Driver\src\stm32f10x_usart.c 0x00000000   Number         0  stm32f10x_usart.o ABSOLUTE
    ..\Source\main.c                         0x00000000   Number         0  main.o ABSOLUTE
    ..\Source\src\LiquidCrystal_I2C.c        0x00000000   Number         0  liquidcrystal_i2c.o ABSOLUTE
    ..\Source\src\at24cxx.c                  0x00000000   Number         0  at24cxx.o ABSOLUTE
    ..\Source\src\button_config.c            0x00000000   Number         0  button_config.o ABSOLUTE
    ..\Source\src\delay.c                    0x00000000   Number         0  delay.o ABSOLUTE
    ..\Source\src\enc_config.c               0x00000000   Number         0  enc_config.o ABSOLUTE
    ..\Source\src\i2c.c                      0x00000000   Number         0  i2c.o ABSOLUTE
    ..\Source\src\pid.c                      0x00000000   Number         0  pid.o ABSOLUTE
    ..\Source\src\sermotor_config.c          0x00000000   Number         0  sermotor_config.o ABSOLUTE
    ..\Source\src\usart.c                    0x00000000   Number         0  usart.o ABSOLUTE
    ..\Source\stm32f10x_it.c                 0x00000000   Number         0  stm32f10x_it.o ABSOLUTE
    ..\Source\system_stm32f10x.c             0x00000000   Number         0  system_stm32f10x.o ABSOLUTE
    ..\\Libraries\\CMSIS\\CoreSupport\\core_cm3.c 0x00000000   Number         0  core_cm3.o ABSOLUTE
    cdrcmple.s                               0x00000000   Number         0  cdrcmple.o ABSOLUTE
    dc.s                                     0x00000000   Number         0  dc.o ABSOLUTE
    handlers.s                               0x00000000   Number         0  handlers.o ABSOLUTE
    init.s                                   0x00000000   Number         0  init.o ABSOLUTE
    RESET                                    0x08000000   Section      304  startup_stm32f10x_hd.o(RESET)
    .ARM.Collect$$$$00000000                 0x08000130   Section        0  entry.o(.ARM.Collect$$$$00000000)
    .ARM.Collect$$$$00000001                 0x08000130   Section        4  entry2.o(.ARM.Collect$$$$00000001)
    .ARM.Collect$$$$00000004                 0x08000134   Section        4  entry5.o(.ARM.Collect$$$$00000004)
    .ARM.Collect$$$$00000008                 0x08000138   Section        0  entry7b.o(.ARM.Collect$$$$00000008)
    .ARM.Collect$$$$0000000A                 0x08000138   Section        0  entry8b.o(.ARM.Collect$$$$0000000A)
    .ARM.Collect$$$$0000000B                 0x08000138   Section        8  entry9a.o(.ARM.Collect$$$$0000000B)
    .ARM.Collect$$$$0000000D                 0x08000140   Section        0  entry10a.o(.ARM.Collect$$$$0000000D)
    .ARM.Collect$$$$0000000F                 0x08000140   Section        0  entry11a.o(.ARM.Collect$$$$0000000F)
    .ARM.Collect$$$$00002712                 0x08000140   Section        4  entry2.o(.ARM.Collect$$$$00002712)
    __lit__00000000                          0x08000140   Data           4  entry2.o(.ARM.Collect$$$$00002712)
    .text                                    0x08000144   Section       36  startup_stm32f10x_hd.o(.text)
    .text                                    0x08000168   Section        0  dadd.o(.text)
    .text                                    0x080002b6   Section        0  dmul.o(.text)
    .text                                    0x0800039a   Section        0  ddiv.o(.text)
    .text                                    0x08000478   Section        0  fflti.o(.text)
    .text                                    0x0800048a   Section        0  dflti.o(.text)
    .text                                    0x080004ac   Section        0  ffixi.o(.text)
    .text                                    0x080004de   Section        0  dfixi.o(.text)
    .text                                    0x0800051c   Section        0  uidiv.o(.text)
    .text                                    0x08000548   Section        0  llshl.o(.text)
    .text                                    0x08000566   Section        0  llushr.o(.text)
    .text                                    0x08000586   Section        0  llsshr.o(.text)
    .text                                    0x080005aa   Section        0  fepilogue.o(.text)
    .text                                    0x080005aa   Section        0  iusefp.o(.text)
    .text                                    0x08000618   Section        0  depilogue.o(.text)
    .text                                    0x080006d4   Section       36  init.o(.text)
    i.BusFault_Handler                       0x080006f8   Section        0  stm32f10x_it.o(i.BusFault_Handler)
    i.Button_Config                          0x080006fc   Section        0  button_config.o(i.Button_Config)
    i.DebugMon_Handler                       0x08000710   Section        0  stm32f10x_it.o(i.DebugMon_Handler)
    i.EEP24CXX_IsReady                       0x08000712   Section        0  at24cxx.o(i.EEP24CXX_IsReady)
    i.EEP24CXX_ReadData                      0x08000728   Section        0  at24cxx.o(i.EEP24CXX_ReadData)
    i.EEP24CXX_WriteData                     0x0800076e   Section        0  at24cxx.o(i.EEP24CXX_WriteData)
    i.EEPROM_Read                            0x080007a2   Section        0  at24cxx.o(i.EEPROM_Read)
    i.EEPROM_Write                           0x080007c0   Section        0  at24cxx.o(i.EEPROM_Write)
    i.EXTI15_10_Configuration                0x080007f8   Section        0  button_config.o(i.EXTI15_10_Configuration)
    i.EXTI15_10_IRQHandler                   0x08000860   Section        0  button_config.o(i.EXTI15_10_IRQHandler)
    i.EXTI4_Configuration                    0x0800089c   Section        0  button_config.o(i.EXTI4_Configuration)
    i.EXTI4_IRQHandler                       0x080008f0   Section        0  button_config.o(i.EXTI4_IRQHandler)
    i.EXTI9_5_Configuration                  0x0800091c   Section        0  button_config.o(i.EXTI9_5_Configuration)
    i.EXTI9_5_IRQHandler                     0x080009cc   Section        0  button_config.o(i.EXTI9_5_IRQHandler)
    i.EXTI_ClearITPendingBit                 0x08000a30   Section        0  stm32f10x_exti.o(i.EXTI_ClearITPendingBit)
    i.EXTI_GetITStatus                       0x08000a3c   Section        0  stm32f10x_exti.o(i.EXTI_GetITStatus)
    i.EXTI_Init                              0x08000a64   Section        0  stm32f10x_exti.o(i.EXTI_Init)
    i.Enc_Config                             0x08000af8   Section        0  enc_config.o(i.Enc_Config)
    i.Enc_pin_Config                         0x08000b08   Section        0  enc_config.o(i.Enc_pin_Config)
    i.Enc_read_Config                        0x08000b30   Section        0  enc_config.o(i.Enc_read_Config)
    i.Enc_sys_Config                         0x08000b90   Section        0  enc_config.o(i.Enc_sys_Config)
    i.Encoder_Reading                        0x08000c10   Section        0  pid.o(i.Encoder_Reading)
    i.FB_Control                             0x08000cac   Section        0  pid.o(i.FB_Control)
    i.FB_Control_PID                         0x08000d24   Section        0  pid.o(i.FB_Control_PID)
    i.GPIO_EXTILineConfig                    0x08000e2c   Section        0  stm32f10x_gpio.o(i.GPIO_EXTILineConfig)
    i.GPIO_Init                              0x08000e6c   Section        0  stm32f10x_gpio.o(i.GPIO_Init)
    i.GPIO_Motor_Config                      0x08000f84   Section        0  sermotor_config.o(i.GPIO_Motor_Config)
    i.GPIO_ResetBits                         0x08000fcc   Section        0  stm32f10x_gpio.o(i.GPIO_ResetBits)
    i.GPIO_SetBits                           0x08000fd0   Section        0  stm32f10x_gpio.o(i.GPIO_SetBits)
    i.GPIO_SetState                          0x08000fd4   Section        0  i2c.o(i.GPIO_SetState)
    i.GPIO_USART_Config                      0x08000ff4   Section        0  usart.o(i.GPIO_USART_Config)
    i.HardFault_Handler                      0x08001044   Section        0  stm32f10x_it.o(i.HardFault_Handler)
    i.I2CSOFT_Init                           0x08001048   Section        0  i2c.o(i.I2CSOFT_Init)
    i.I2CSOFT_ReadData                       0x0800108c   Section        0  i2c.o(i.I2CSOFT_ReadData)
    i.I2CSOFT_Start                          0x0800110c   Section        0  i2c.o(i.I2CSOFT_Start)
    i.I2CSOFT_Stop                           0x08001154   Section        0  i2c.o(i.I2CSOFT_Stop)
    i.I2CSOFT_WriteData                      0x080011a0   Section        0  i2c.o(i.I2CSOFT_WriteData)
    i.I2C_CheckEvent                         0x0800123c   Section        0  stm32f10x_i2c.o(i.I2C_CheckEvent)
    i.I2C_Cmd                                0x08001266   Section        0  stm32f10x_i2c.o(i.I2C_Cmd)
    i.I2C_GenerateSTART                      0x0800127e   Section        0  stm32f10x_i2c.o(i.I2C_GenerateSTART)
    i.I2C_GenerateSTOP                       0x08001296   Section        0  stm32f10x_i2c.o(i.I2C_GenerateSTOP)
    i.I2C_Init                               0x080012b0   Section        0  stm32f10x_i2c.o(i.I2C_Init)
    i.I2C_LCD_Config                         0x0800139c   Section        0  liquidcrystal_i2c.o(i.I2C_LCD_Config)
    i.I2C_Send7bitAddress                    0x08001404   Section        0  stm32f10x_i2c.o(i.I2C_Send7bitAddress)
    i.I2C_SendData                           0x08001416   Section        0  stm32f10x_i2c.o(i.I2C_SendData)
    i.Keypad_Getkey                          0x0800141c   Section        0  button_config.o(i.Keypad_Getkey)
    i.MemManage_Handler                      0x08001490   Section        0  stm32f10x_it.o(i.MemManage_Handler)
    i.NMI_Handler                            0x08001494   Section        0  stm32f10x_it.o(i.NMI_Handler)
    i.NVIC_Configuration                     0x08001498   Section        0  button_config.o(i.NVIC_Configuration)
    i.NVIC_Init                              0x08001520   Section        0  misc.o(i.NVIC_Init)
    i.NVIC_PriorityGroupConfig               0x08001590   Section        0  misc.o(i.NVIC_PriorityGroupConfig)
    i.PWM_Config                             0x080015a4   Section        0  sermotor_config.o(i.PWM_Config)
    i.PWM_Update                             0x08001608   Section        0  sermotor_config.o(i.PWM_Update)
    i.PendSV_Handler                         0x0800164c   Section        0  stm32f10x_it.o(i.PendSV_Handler)
    i.RCC_APB1PeriphClockCmd                 0x08001650   Section        0  stm32f10x_rcc.o(i.RCC_APB1PeriphClockCmd)
    i.RCC_APB1PeriphResetCmd                 0x08001670   Section        0  stm32f10x_rcc.o(i.RCC_APB1PeriphResetCmd)
    i.RCC_APB2PeriphClockCmd                 0x08001690   Section        0  stm32f10x_rcc.o(i.RCC_APB2PeriphClockCmd)
    i.RCC_APB2PeriphResetCmd                 0x080016b0   Section        0  stm32f10x_rcc.o(i.RCC_APB2PeriphResetCmd)
    i.RCC_GetClocksFreq                      0x080016d0   Section        0  stm32f10x_rcc.o(i.RCC_GetClocksFreq)
    i.Run_Motor                              0x080017a4   Section        0  sermotor_config.o(i.Run_Motor)
    i.SVC_Handler                            0x080017c4   Section        0  stm32f10x_it.o(i.SVC_Handler)
    i.Sermotor_Config                        0x080017c6   Section        0  sermotor_config.o(i.Sermotor_Config)
    i.SetSysClock                            0x080017da   Section        0  system_stm32f10x.o(i.SetSysClock)
    SetSysClock                              0x080017db   Thumb Code     8  system_stm32f10x.o(i.SetSysClock)
    i.SetSysClockTo72                        0x080017e4   Section        0  system_stm32f10x.o(i.SetSysClockTo72)
    SetSysClockTo72                          0x080017e5   Thumb Code   214  system_stm32f10x.o(i.SetSysClockTo72)
    i.Stop_Motor_BRA                         0x080018c4   Section        0  sermotor_config.o(i.Stop_Motor_BRA)
    i.SysTick_Handler                        0x080018e8   Section        0  stm32f10x_it.o(i.SysTick_Handler)
    i.SystemInit                             0x080018f8   Section        0  system_stm32f10x.o(i.SystemInit)
    i.TI1_Config                             0x08001958   Section        0  stm32f10x_tim.o(i.TI1_Config)
    TI1_Config                               0x08001959   Thumb Code   108  stm32f10x_tim.o(i.TI1_Config)
    i.TI2_Config                             0x080019d8   Section        0  stm32f10x_tim.o(i.TI2_Config)
    TI2_Config                               0x080019d9   Thumb Code   130  stm32f10x_tim.o(i.TI2_Config)
    i.TI3_Config                             0x08001a70   Section        0  stm32f10x_tim.o(i.TI3_Config)
    TI3_Config                               0x08001a71   Thumb Code   122  stm32f10x_tim.o(i.TI3_Config)
    i.TI4_Config                             0x08001b00   Section        0  stm32f10x_tim.o(i.TI4_Config)
    TI4_Config                               0x08001b01   Thumb Code   130  stm32f10x_tim.o(i.TI4_Config)
    i.TIM2_IRQHandler                        0x08001b98   Section        0  stm32f10x_it.o(i.TIM2_IRQHandler)
    i.TIM3_IRQHandler                        0x08001bbc   Section        0  stm32f10x_it.o(i.TIM3_IRQHandler)
    i.TIM4_IRQHandler                        0x08001be4   Section        0  stm32f10x_it.o(i.TIM4_IRQHandler)
    i.TIM_ARRPreloadConfig                   0x08001c18   Section        0  stm32f10x_tim.o(i.TIM_ARRPreloadConfig)
    i.TIM_ClearFlag                          0x08001c30   Section        0  stm32f10x_tim.o(i.TIM_ClearFlag)
    i.TIM_Cmd                                0x08001c36   Section        0  stm32f10x_tim.o(i.TIM_Cmd)
    i.TIM_DeInit                             0x08001c50   Section        0  stm32f10x_tim.o(i.TIM_DeInit)
    i.TIM_EncoderInterfaceConfig             0x08001e38   Section        0  stm32f10x_tim.o(i.TIM_EncoderInterfaceConfig)
    i.TIM_GetCounter                         0x08001e7a   Section        0  stm32f10x_tim.o(i.TIM_GetCounter)
    i.TIM_GetITStatus                        0x08001e80   Section        0  stm32f10x_tim.o(i.TIM_GetITStatus)
    i.TIM_ICInit                             0x08001ea4   Section        0  stm32f10x_tim.o(i.TIM_ICInit)
    i.TIM_ITConfig                           0x08001f50   Section        0  stm32f10x_tim.o(i.TIM_ITConfig)
    i.TIM_OC3Init                            0x08001f64   Section        0  stm32f10x_tim.o(i.TIM_OC3Init)
    i.TIM_OC3PreloadConfig                   0x08002004   Section        0  stm32f10x_tim.o(i.TIM_OC3PreloadConfig)
    i.TIM_SetCounter                         0x08002016   Section        0  stm32f10x_tim.o(i.TIM_SetCounter)
    i.TIM_SetIC1Prescaler                    0x0800201a   Section        0  stm32f10x_tim.o(i.TIM_SetIC1Prescaler)
    i.TIM_SetIC2Prescaler                    0x0800202c   Section        0  stm32f10x_tim.o(i.TIM_SetIC2Prescaler)
    i.TIM_SetIC3Prescaler                    0x08002046   Section        0  stm32f10x_tim.o(i.TIM_SetIC3Prescaler)
    i.TIM_SetIC4Prescaler                    0x08002058   Section        0  stm32f10x_tim.o(i.TIM_SetIC4Prescaler)
    i.TIM_TimeBaseInit                       0x08002074   Section        0  stm32f10x_tim.o(i.TIM_TimeBaseInit)
    i.USART_ClearFlag                        0x08002118   Section        0  stm32f10x_usart.o(i.USART_ClearFlag)
    i.USART_Cmd                              0x0800212a   Section        0  stm32f10x_usart.o(i.USART_Cmd)
    i.USART_Config                           0x08002144   Section        0  usart.o(i.USART_Config)
    i.USART_DeInit                           0x08002158   Section        0  stm32f10x_usart.o(i.USART_DeInit)
    i.USART_ITConfig                         0x080021f4   Section        0  stm32f10x_usart.o(i.USART_ITConfig)
    i.USART_Init                             0x08002240   Section        0  stm32f10x_usart.o(i.USART_Init)
    i.USARTx_Config                          0x08002318   Section        0  usart.o(i.USARTx_Config)
    i.UsageFault_Handler                     0x080023bc   Section        0  stm32f10x_it.o(i.UsageFault_Handler)
    i.__0sprintf$1                           0x080023c0   Section        0  printf1.o(i.__0sprintf$1)
    i.__scatterload_copy                     0x080023e8   Section       14  handlers.o(i.__scatterload_copy)
    i.__scatterload_null                     0x080023f6   Section        2  handlers.o(i.__scatterload_null)
    i.__scatterload_zeroinit                 0x080023f8   Section       14  handlers.o(i.__scatterload_zeroinit)
    i._printf_core                           0x08002408   Section        0  printf1.o(i._printf_core)
    _printf_core                             0x08002409   Thumb Code   336  printf1.o(i._printf_core)
    i._sputc                                 0x0800255c   Section        0  printf1.o(i._sputc)
    _sputc                                   0x0800255d   Thumb Code    10  printf1.o(i._sputc)
    i.delay_ms                               0x08002566   Section        0  delay.o(i.delay_ms)
    i.delay_us                               0x08002588   Section        0  delay.o(i.delay_us)
    i.lcd_Control_Write                      0x080025ac   Section        0  liquidcrystal_i2c.o(i.lcd_Control_Write)
    i.lcd_Data_Write                         0x080025ee   Section        0  liquidcrystal_i2c.o(i.lcd_Data_Write)
    i.lcd_Write_byte                         0x08002634   Section        0  liquidcrystal_i2c.o(i.lcd_Write_byte)
    i.lcd_goto_XY                            0x08002694   Section        0  liquidcrystal_i2c.o(i.lcd_goto_XY)
    i.lcd_init                               0x080026ba   Section        0  liquidcrystal_i2c.o(i.lcd_init)
    i.lcd_send_string                        0x08002712   Section        0  liquidcrystal_i2c.o(i.lcd_send_string)
    i.main                                   0x08002728   Section        0  main.o(i.main)
    i.movingAverage                          0x08002968   Section        0  pid.o(i.movingAverage)
    .data                                    0x20000000   Section       62  main.o(.data)
    .data                                    0x20000040   Section        4  stm32f10x_it.o(.data)
    .data                                    0x20000044   Section       20  system_stm32f10x.o(.data)
    .data                                    0x20000058   Section       20  stm32f10x_rcc.o(.data)
    APBAHBPrescTable                         0x20000058   Data          16  stm32f10x_rcc.o(.data)
    ADCPrescTable                            0x20000068   Data           4  stm32f10x_rcc.o(.data)
    .data                                    0x20000070   Section       84  pid.o(.data)
    .data                                    0x200000c4   Section        2  button_config.o(.data)
    .data                                    0x200000c6   Section        2  at24cxx.o(.data)
    .data                                    0x200000c8   Section        4  delay.o(.data)
    .bss                                     0x200000cc   Section      180  main.o(.bss)
    STACK                                    0x20000180   Section     1024  startup_stm32f10x_hd.o(STACK)

    Global Symbols

    Symbol Name                              Value     Ov Type        Size  Object(Section)

    BuildAttributes$$THM_ISAv4$P$D$K$B$S$PE$A:L22UL41UL21$X:L11$S22US41US21$IEEE1$IW$USESV6$~STKCKD$USESV7$~SHL$OTIME$ROPI$EBA8$MICROLIB$REQ8$PRES8$EABIv2 0x00000000   Number         0  anon$$obj.o ABSOLUTE
    __ARM_use_no_argv                        0x00000000   Number         0  main.o ABSOLUTE
    _printf_a                                0x00000000   Number         0  stubs.o ABSOLUTE
    _printf_c                                0x00000000   Number         0  stubs.o ABSOLUTE
    _printf_charcount                        0x00000000   Number         0  stubs.o ABSOLUTE
    _printf_d                                0x00000000   Number         0  stubs.o ABSOLUTE
    _printf_e                                0x00000000   Number         0  stubs.o ABSOLUTE
    _printf_f                                0x00000000   Number         0  stubs.o ABSOLUTE
    _printf_flags                            0x00000000   Number         0  stubs.o ABSOLUTE
    _printf_fp_dec                           0x00000000   Number         0  stubs.o ABSOLUTE
    _printf_fp_hex                           0x00000000   Number         0  stubs.o ABSOLUTE
    _printf_g                                0x00000000   Number         0  stubs.o ABSOLUTE
    _printf_i                                0x00000000   Number         0  stubs.o ABSOLUTE
    _printf_int_dec                          0x00000000   Number         0  stubs.o ABSOLUTE
    _printf_l                                0x00000000   Number         0  stubs.o ABSOLUTE
    _printf_lc                               0x00000000   Number         0  stubs.o ABSOLUTE
    _printf_ll                               0x00000000   Number         0  stubs.o ABSOLUTE
    _printf_lld                              0x00000000   Number         0  stubs.o ABSOLUTE
    _printf_lli                              0x00000000   Number         0  stubs.o ABSOLUTE
    _printf_llo                              0x00000000   Number         0  stubs.o ABSOLUTE
    _printf_llu                              0x00000000   Number         0  stubs.o ABSOLUTE
    _printf_llx                              0x00000000   Number         0  stubs.o ABSOLUTE
    _printf_longlong_dec                     0x00000000   Number         0  stubs.o ABSOLUTE
    _printf_longlong_hex                     0x00000000   Number         0  stubs.o ABSOLUTE
    _printf_longlong_oct                     0x00000000   Number         0  stubs.o ABSOLUTE
    _printf_ls                               0x00000000   Number         0  stubs.o ABSOLUTE
    _printf_mbtowc                           0x00000000   Number         0  stubs.o ABSOLUTE
    _printf_n                                0x00000000   Number         0  stubs.o ABSOLUTE
    _printf_o                                0x00000000   Number         0  stubs.o ABSOLUTE
    _printf_p                                0x00000000   Number         0  stubs.o ABSOLUTE
    _printf_percent                          0x00000000   Number         0  stubs.o ABSOLUTE
    _printf_pre_padding                      0x00000000   Number         0  stubs.o ABSOLUTE
    _printf_return_value                     0x00000000   Number         0  stubs.o ABSOLUTE
    _printf_s                                0x00000000   Number         0  stubs.o ABSOLUTE
    _printf_sizespec                         0x00000000   Number         0  stubs.o ABSOLUTE
    _printf_str                              0x00000000   Number         0  stubs.o ABSOLUTE
    _printf_truncate_signed                  0x00000000   Number         0  stubs.o ABSOLUTE
    _printf_truncate_unsigned                0x00000000   Number         0  stubs.o ABSOLUTE
    _printf_u                                0x00000000   Number         0  stubs.o ABSOLUTE
    _printf_wc                               0x00000000   Number         0  stubs.o ABSOLUTE
    _printf_wctomb                           0x00000000   Number         0  stubs.o ABSOLUTE
    _printf_widthprec                        0x00000000   Number         0  stubs.o ABSOLUTE
    _printf_x                                0x00000000   Number         0  stubs.o ABSOLUTE
    __cpp_initialize__aeabi_                  - Undefined Weak Reference
    __cxa_finalize                            - Undefined Weak Reference
    __decompress                              - Undefined Weak Reference
    _clock_init                               - Undefined Weak Reference
    _microlib_exit                            - Undefined Weak Reference
    __Vectors_Size                           0x00000130   Number         0  startup_stm32f10x_hd.o ABSOLUTE
    __Vectors                                0x08000000   Data           4  startup_stm32f10x_hd.o(RESET)
    __Vectors_End                            0x08000130   Data           0  startup_stm32f10x_hd.o(RESET)
    __main                                   0x08000131   Thumb Code     0  entry.o(.ARM.Collect$$$$00000000)
    _main_stk                                0x08000131   Thumb Code     0  entry2.o(.ARM.Collect$$$$00000001)
    _main_scatterload                        0x08000135   Thumb Code     0  entry5.o(.ARM.Collect$$$$00000004)
    __main_after_scatterload                 0x08000139   Thumb Code     0  entry5.o(.ARM.Collect$$$$00000004)
    _main_clock                              0x08000139   Thumb Code     0  entry7b.o(.ARM.Collect$$$$00000008)
    _main_cpp_init                           0x08000139   Thumb Code     0  entry8b.o(.ARM.Collect$$$$0000000A)
    _main_init                               0x08000139   Thumb Code     0  entry9a.o(.ARM.Collect$$$$0000000B)
    __rt_final_cpp                           0x08000141   Thumb Code     0  entry10a.o(.ARM.Collect$$$$0000000D)
    __rt_final_exit                          0x08000141   Thumb Code     0  entry11a.o(.ARM.Collect$$$$0000000F)
    Reset_Handler                            0x08000145   Thumb Code     8  startup_stm32f10x_hd.o(.text)
    ADC1_2_IRQHandler                        0x0800015f   Thumb Code     0  startup_stm32f10x_hd.o(.text)
    ADC3_IRQHandler                          0x0800015f   Thumb Code     0  startup_stm32f10x_hd.o(.text)
    CAN1_RX1_IRQHandler                      0x0800015f   Thumb Code     0  startup_stm32f10x_hd.o(.text)
    CAN1_SCE_IRQHandler                      0x0800015f   Thumb Code     0  startup_stm32f10x_hd.o(.text)
    DMA1_Channel1_IRQHandler                 0x0800015f   Thumb Code     0  startup_stm32f10x_hd.o(.text)
    DMA1_Channel2_IRQHandler                 0x0800015f   Thumb Code     0  startup_stm32f10x_hd.o(.text)
    DMA1_Channel3_IRQHandler                 0x0800015f   Thumb Code     0  startup_stm32f10x_hd.o(.text)
    DMA1_Channel4_IRQHandler                 0x0800015f   Thumb Code     0  startup_stm32f10x_hd.o(.text)
    DMA1_Channel5_IRQHandler                 0x0800015f   Thumb Code     0  startup_stm32f10x_hd.o(.text)
    DMA1_Channel6_IRQHandler                 0x0800015f   Thumb Code     0  startup_stm32f10x_hd.o(.text)
    DMA1_Channel7_IRQHandler                 0x0800015f   Thumb Code     0  startup_stm32f10x_hd.o(.text)
    DMA2_Channel1_IRQHandler                 0x0800015f   Thumb Code     0  startup_stm32f10x_hd.o(.text)
    DMA2_Channel2_IRQHandler                 0x0800015f   Thumb Code     0  startup_stm32f10x_hd.o(.text)
    DMA2_Channel3_IRQHandler                 0x0800015f   Thumb Code     0  startup_stm32f10x_hd.o(.text)
    DMA2_Channel4_5_IRQHandler               0x0800015f   Thumb Code     0  startup_stm32f10x_hd.o(.text)
    EXTI0_IRQHandler                         0x0800015f   Thumb Code     0  startup_stm32f10x_hd.o(.text)
    EXTI1_IRQHandler                         0x0800015f   Thumb Code     0  startup_stm32f10x_hd.o(.text)
    EXTI2_IRQHandler                         0x0800015f   Thumb Code     0  startup_stm32f10x_hd.o(.text)
    EXTI3_IRQHandler                         0x0800015f   Thumb Code     0  startup_stm32f10x_hd.o(.text)
    FLASH_IRQHandler                         0x0800015f   Thumb Code     0  startup_stm32f10x_hd.o(.text)
    FSMC_IRQHandler                          0x0800015f   Thumb Code     0  startup_stm32f10x_hd.o(.text)
    I2C1_ER_IRQHandler                       0x0800015f   Thumb Code     0  startup_stm32f10x_hd.o(.text)
    I2C1_EV_IRQHandler                       0x0800015f   Thumb Code     0  startup_stm32f10x_hd.o(.text)
    I2C2_ER_IRQHandler                       0x0800015f   Thumb Code     0  startup_stm32f10x_hd.o(.text)
    I2C2_EV_IRQHandler                       0x0800015f   Thumb Code     0  startup_stm32f10x_hd.o(.text)
    PVD_IRQHandler                           0x0800015f   Thumb Code     0  startup_stm32f10x_hd.o(.text)
    RCC_IRQHandler                           0x0800015f   Thumb Code     0  startup_stm32f10x_hd.o(.text)
    RTCAlarm_IRQHandler                      0x0800015f   Thumb Code     0  startup_stm32f10x_hd.o(.text)
    RTC_IRQHandler                           0x0800015f   Thumb Code     0  startup_stm32f10x_hd.o(.text)
    SDIO_IRQHandler                          0x0800015f   Thumb Code     0  startup_stm32f10x_hd.o(.text)
    SPI1_IRQHandler                          0x0800015f   Thumb Code     0  startup_stm32f10x_hd.o(.text)
    SPI2_IRQHandler                          0x0800015f   Thumb Code     0  startup_stm32f10x_hd.o(.text)
    SPI3_IRQHandler                          0x0800015f   Thumb Code     0  startup_stm32f10x_hd.o(.text)
    TAMPER_IRQHandler                        0x0800015f   Thumb Code     0  startup_stm32f10x_hd.o(.text)
    TIM1_BRK_IRQHandler                      0x0800015f   Thumb Code     0  startup_stm32f10x_hd.o(.text)
    TIM1_CC_IRQHandler                       0x0800015f   Thumb Code     0  startup_stm32f10x_hd.o(.text)
    TIM1_TRG_COM_IRQHandler                  0x0800015f   Thumb Code     0  startup_stm32f10x_hd.o(.text)
    TIM1_UP_IRQHandler                       0x0800015f   Thumb Code     0  startup_stm32f10x_hd.o(.text)
    TIM5_IRQHandler                          0x0800015f   Thumb Code     0  startup_stm32f10x_hd.o(.text)
    TIM6_IRQHandler                          0x0800015f   Thumb Code     0  startup_stm32f10x_hd.o(.text)
    TIM7_IRQHandler                          0x0800015f   Thumb Code     0  startup_stm32f10x_hd.o(.text)
    TIM8_BRK_IRQHandler                      0x0800015f   Thumb Code     0  startup_stm32f10x_hd.o(.text)
    TIM8_CC_IRQHandler                       0x0800015f   Thumb Code     0  startup_stm32f10x_hd.o(.text)
    TIM8_TRG_COM_IRQHandler                  0x0800015f   Thumb Code     0  startup_stm32f10x_hd.o(.text)
    TIM8_UP_IRQHandler                       0x0800015f   Thumb Code     0  startup_stm32f10x_hd.o(.text)
    UART4_IRQHandler                         0x0800015f   Thumb Code     0  startup_stm32f10x_hd.o(.text)
    UART5_IRQHandler                         0x0800015f   Thumb Code     0  startup_stm32f10x_hd.o(.text)
    USART1_IRQHandler                        0x0800015f   Thumb Code     0  startup_stm32f10x_hd.o(.text)
    USART2_IRQHandler                        0x0800015f   Thumb Code     0  startup_stm32f10x_hd.o(.text)
    USART3_IRQHandler                        0x0800015f   Thumb Code     0  startup_stm32f10x_hd.o(.text)
    USBWakeUp_IRQHandler                     0x0800015f   Thumb Code     0  startup_stm32f10x_hd.o(.text)
    USB_HP_CAN1_TX_IRQHandler                0x0800015f   Thumb Code     0  startup_stm32f10x_hd.o(.text)
    USB_LP_CAN1_RX0_IRQHandler               0x0800015f   Thumb Code     0  startup_stm32f10x_hd.o(.text)
    WWDG_IRQHandler                          0x0800015f   Thumb Code     0  startup_stm32f10x_hd.o(.text)
    __aeabi_dadd                             0x08000169   Thumb Code   322  dadd.o(.text)
    __aeabi_dsub                             0x080002ab   Thumb Code     6  dadd.o(.text)
    __aeabi_drsub                            0x080002b1   Thumb Code     6  dadd.o(.text)
    __aeabi_dmul                             0x080002b7   Thumb Code   228  dmul.o(.text)
    __aeabi_ddiv                             0x0800039b   Thumb Code   222  ddiv.o(.text)
    __aeabi_i2f                              0x08000479   Thumb Code    18  fflti.o(.text)
    __aeabi_i2d                              0x0800048b   Thumb Code    34  dflti.o(.text)
    __aeabi_f2iz                             0x080004ad   Thumb Code    50  ffixi.o(.text)
    __aeabi_d2iz                             0x080004df   Thumb Code    62  dfixi.o(.text)
    __aeabi_uidiv                            0x0800051d   Thumb Code     0  uidiv.o(.text)
    __aeabi_uidivmod                         0x0800051d   Thumb Code    44  uidiv.o(.text)
    __aeabi_llsl                             0x08000549   Thumb Code    30  llshl.o(.text)
    _ll_shift_l                              0x08000549   Thumb Code     0  llshl.o(.text)
    __aeabi_llsr                             0x08000567   Thumb Code    32  llushr.o(.text)
    _ll_ushift_r                             0x08000567   Thumb Code     0  llushr.o(.text)
    __aeabi_lasr                             0x08000587   Thumb Code    36  llsshr.o(.text)
    _ll_sshift_r                             0x08000587   Thumb Code     0  llsshr.o(.text)
    __I$use$fp                               0x080005ab   Thumb Code     0  iusefp.o(.text)
    _float_round                             0x080005ab   Thumb Code    18  fepilogue.o(.text)
    _float_epilogue                          0x080005bd   Thumb Code    92  fepilogue.o(.text)
    _double_round                            0x08000619   Thumb Code    30  depilogue.o(.text)
    _double_epilogue                         0x08000637   Thumb Code   156  depilogue.o(.text)
    __scatterload                            0x080006d5   Thumb Code    28  init.o(.text)
    __scatterload_rt2                        0x080006d5   Thumb Code     0  init.o(.text)
    BusFault_Handler                         0x080006f9   Thumb Code     4  stm32f10x_it.o(i.BusFault_Handler)
    Button_Config                            0x080006fd   Thumb Code    20  button_config.o(i.Button_Config)
    DebugMon_Handler                         0x08000711   Thumb Code     2  stm32f10x_it.o(i.DebugMon_Handler)
    EEP24CXX_IsReady                         0x08000713   Thumb Code    22  at24cxx.o(i.EEP24CXX_IsReady)
    EEP24CXX_ReadData                        0x08000729   Thumb Code    70  at24cxx.o(i.EEP24CXX_ReadData)
    EEP24CXX_WriteData                       0x0800076f   Thumb Code    52  at24cxx.o(i.EEP24CXX_WriteData)
    EEPROM_Read                              0x080007a3   Thumb Code    28  at24cxx.o(i.EEPROM_Read)
    EEPROM_Write                             0x080007c1   Thumb Code    44  at24cxx.o(i.EEPROM_Write)
    EXTI15_10_Configuration                  0x080007f9   Thumb Code    92  button_config.o(i.EXTI15_10_Configuration)
    EXTI15_10_IRQHandler                     0x08000861   Thumb Code    52  button_config.o(i.EXTI15_10_IRQHandler)
    EXTI4_Configuration                      0x0800089d   Thumb Code    70  button_config.o(i.EXTI4_Configuration)
    EXTI4_IRQHandler                         0x080008f1   Thumb Code    36  button_config.o(i.EXTI4_IRQHandler)
    EXTI9_5_Configuration                    0x0800091d   Thumb Code   158  button_config.o(i.EXTI9_5_Configuration)
    EXTI9_5_IRQHandler                       0x080009cd   Thumb Code    84  button_config.o(i.EXTI9_5_IRQHandler)
    EXTI_ClearITPendingBit                   0x08000a31   Thumb Code     6  stm32f10x_exti.o(i.EXTI_ClearITPendingBit)
    EXTI_GetITStatus                         0x08000a3d   Thumb Code    34  stm32f10x_exti.o(i.EXTI_GetITStatus)
    EXTI_Init                                0x08000a65   Thumb Code   142  stm32f10x_exti.o(i.EXTI_Init)
    Enc_Config                               0x08000af9   Thumb Code    16  enc_config.o(i.Enc_Config)
    Enc_pin_Config                           0x08000b09   Thumb Code    32  enc_config.o(i.Enc_pin_Config)
    Enc_read_Config                          0x08000b31   Thumb Code    88  enc_config.o(i.Enc_read_Config)
    Enc_sys_Config                           0x08000b91   Thumb Code   114  enc_config.o(i.Enc_sys_Config)
    Encoder_Reading                          0x08000c11   Thumb Code   130  pid.o(i.Encoder_Reading)
    FB_Control                               0x08000cad   Thumb Code   106  pid.o(i.FB_Control)
    FB_Control_PID                           0x08000d25   Thumb Code   206  pid.o(i.FB_Control_PID)
    GPIO_EXTILineConfig                      0x08000e2d   Thumb Code    60  stm32f10x_gpio.o(i.GPIO_EXTILineConfig)
    GPIO_Init                                0x08000e6d   Thumb Code   278  stm32f10x_gpio.o(i.GPIO_Init)
    GPIO_Motor_Config                        0x08000f85   Thumb Code    60  sermotor_config.o(i.GPIO_Motor_Config)
    GPIO_ResetBits                           0x08000fcd   Thumb Code     4  stm32f10x_gpio.o(i.GPIO_ResetBits)
    GPIO_SetBits                             0x08000fd1   Thumb Code     4  stm32f10x_gpio.o(i.GPIO_SetBits)
    GPIO_SetState                            0x08000fd5   Thumb Code    32  i2c.o(i.GPIO_SetState)
    GPIO_USART_Config                        0x08000ff5   Thumb Code    76  usart.o(i.GPIO_USART_Config)
    HardFault_Handler                        0x08001045   Thumb Code     4  stm32f10x_it.o(i.HardFault_Handler)
    I2CSOFT_Init                             0x08001049   Thumb Code    54  i2c.o(i.I2CSOFT_Init)
    I2CSOFT_ReadData                         0x0800108d   Thumb Code   114  i2c.o(i.I2CSOFT_ReadData)
    I2CSOFT_Start                            0x0800110d   Thumb Code    60  i2c.o(i.I2CSOFT_Start)
    I2CSOFT_Stop                             0x08001155   Thumb Code    62  i2c.o(i.I2CSOFT_Stop)
    I2CSOFT_WriteData                        0x080011a1   Thumb Code   142  i2c.o(i.I2CSOFT_WriteData)
    I2C_CheckEvent                           0x0800123d   Thumb Code    42  stm32f10x_i2c.o(i.I2C_CheckEvent)
    I2C_Cmd                                  0x08001267   Thumb Code    24  stm32f10x_i2c.o(i.I2C_Cmd)
    I2C_GenerateSTART                        0x0800127f   Thumb Code    24  stm32f10x_i2c.o(i.I2C_GenerateSTART)
    I2C_GenerateSTOP                         0x08001297   Thumb Code    24  stm32f10x_i2c.o(i.I2C_GenerateSTOP)
    I2C_Init                                 0x080012b1   Thumb Code   222  stm32f10x_i2c.o(i.I2C_Init)
    I2C_LCD_Config                           0x0800139d   Thumb Code    82  liquidcrystal_i2c.o(i.I2C_LCD_Config)
    I2C_Send7bitAddress                      0x08001405   Thumb Code    18  stm32f10x_i2c.o(i.I2C_Send7bitAddress)
    I2C_SendData                             0x08001417   Thumb Code     4  stm32f10x_i2c.o(i.I2C_SendData)
    Keypad_Getkey                            0x0800141d   Thumb Code    94  button_config.o(i.Keypad_Getkey)
    MemManage_Handler                        0x08001491   Thumb Code     4  stm32f10x_it.o(i.MemManage_Handler)
    NMI_Handler                              0x08001495   Thumb Code     2  stm32f10x_it.o(i.NMI_Handler)
    NVIC_Configuration                       0x08001499   Thumb Code   130  button_config.o(i.NVIC_Configuration)
    NVIC_Init                                0x08001521   Thumb Code   100  misc.o(i.NVIC_Init)
    NVIC_PriorityGroupConfig                 0x08001591   Thumb Code    10  misc.o(i.NVIC_PriorityGroupConfig)
    PWM_Config                               0x080015a5   Thumb Code    90  sermotor_config.o(i.PWM_Config)
    PWM_Update                               0x08001609   Thumb Code    64  sermotor_config.o(i.PWM_Update)
    PendSV_Handler                           0x0800164d   Thumb Code     2  stm32f10x_it.o(i.PendSV_Handler)
    RCC_APB1PeriphClockCmd                   0x08001651   Thumb Code    26  stm32f10x_rcc.o(i.RCC_APB1PeriphClockCmd)
    RCC_APB1PeriphResetCmd                   0x08001671   Thumb Code    26  stm32f10x_rcc.o(i.RCC_APB1PeriphResetCmd)
    RCC_APB2PeriphClockCmd                   0x08001691   Thumb Code    26  stm32f10x_rcc.o(i.RCC_APB2PeriphClockCmd)
    RCC_APB2PeriphResetCmd                   0x080016b1   Thumb Code    26  stm32f10x_rcc.o(i.RCC_APB2PeriphResetCmd)
    RCC_GetClocksFreq                        0x080016d1   Thumb Code   192  stm32f10x_rcc.o(i.RCC_GetClocksFreq)
    Run_Motor                                0x080017a5   Thumb Code    28  sermotor_config.o(i.Run_Motor)
    SVC_Handler                              0x080017c5   Thumb Code     2  stm32f10x_it.o(i.SVC_Handler)
    Sermotor_Config                          0x080017c7   Thumb Code    20  sermotor_config.o(i.Sermotor_Config)
    Stop_Motor_BRA                           0x080018c5   Thumb Code    26  sermotor_config.o(i.Stop_Motor_BRA)
    SysTick_Handler                          0x080018e9   Thumb Code    12  stm32f10x_it.o(i.SysTick_Handler)
    SystemInit                               0x080018f9   Thumb Code    78  system_stm32f10x.o(i.SystemInit)
    TIM2_IRQHandler                          0x08001b99   Thumb Code    32  stm32f10x_it.o(i.TIM2_IRQHandler)
    TIM3_IRQHandler                          0x08001bbd   Thumb Code    32  stm32f10x_it.o(i.TIM3_IRQHandler)
    TIM4_IRQHandler                          0x08001be5   Thumb Code    38  stm32f10x_it.o(i.TIM4_IRQHandler)
    TIM_ARRPreloadConfig                     0x08001c19   Thumb Code    24  stm32f10x_tim.o(i.TIM_ARRPreloadConfig)
    TIM_ClearFlag                            0x08001c31   Thumb Code     6  stm32f10x_tim.o(i.TIM_ClearFlag)
    TIM_Cmd                                  0x08001c37   Thumb Code    24  stm32f10x_tim.o(i.TIM_Cmd)
    TIM_DeInit                               0x08001c51   Thumb Code   424  stm32f10x_tim.o(i.TIM_DeInit)
    TIM_EncoderInterfaceConfig               0x08001e39   Thumb Code    66  stm32f10x_tim.o(i.TIM_EncoderInterfaceConfig)
    TIM_GetCounter                           0x08001e7b   Thumb Code     6  stm32f10x_tim.o(i.TIM_GetCounter)
    TIM_GetITStatus                          0x08001e81   Thumb Code    34  stm32f10x_tim.o(i.TIM_GetITStatus)
    TIM_ICInit                               0x08001ea5   Thumb Code   150  stm32f10x_tim.o(i.TIM_ICInit)
    TIM_ITConfig                             0x08001f51   Thumb Code    18  stm32f10x_tim.o(i.TIM_ITConfig)
    TIM_OC3Init                              0x08001f65   Thumb Code   150  stm32f10x_tim.o(i.TIM_OC3Init)
    TIM_OC3PreloadConfig                     0x08002005   Thumb Code    18  stm32f10x_tim.o(i.TIM_OC3PreloadConfig)
    TIM_SetCounter                           0x08002017   Thumb Code     4  stm32f10x_tim.o(i.TIM_SetCounter)
    TIM_SetIC1Prescaler                      0x0800201b   Thumb Code    18  stm32f10x_tim.o(i.TIM_SetIC1Prescaler)
    TIM_SetIC2Prescaler                      0x0800202d   Thumb Code    26  stm32f10x_tim.o(i.TIM_SetIC2Prescaler)
    TIM_SetIC3Prescaler                      0x08002047   Thumb Code    18  stm32f10x_tim.o(i.TIM_SetIC3Prescaler)
    TIM_SetIC4Prescaler                      0x08002059   Thumb Code    26  stm32f10x_tim.o(i.TIM_SetIC4Prescaler)
    TIM_TimeBaseInit                         0x08002075   Thumb Code   122  stm32f10x_tim.o(i.TIM_TimeBaseInit)
    USART_ClearFlag                          0x08002119   Thumb Code    18  stm32f10x_usart.o(i.USART_ClearFlag)
    USART_Cmd                                0x0800212b   Thumb Code    24  stm32f10x_usart.o(i.USART_Cmd)
    USART_Config                             0x08002145   Thumb Code    14  usart.o(i.USART_Config)
    USART_DeInit                             0x08002159   Thumb Code   134  stm32f10x_usart.o(i.USART_DeInit)
    USART_ITConfig                           0x080021f5   Thumb Code    74  stm32f10x_usart.o(i.USART_ITConfig)
    USART_Init                               0x08002241   Thumb Code   210  stm32f10x_usart.o(i.USART_Init)
    USARTx_Config                            0x08002319   Thumb Code   150  usart.o(i.USARTx_Config)
    UsageFault_Handler                       0x080023bd   Thumb Code     4  stm32f10x_it.o(i.UsageFault_Handler)
    __0sprintf$1                             0x080023c1   Thumb Code    34  printf1.o(i.__0sprintf$1)
    __1sprintf$1                             0x080023c1   Thumb Code     0  printf1.o(i.__0sprintf$1)
    __2sprintf                               0x080023c1   Thumb Code     0  printf1.o(i.__0sprintf$1)
    __scatterload_copy                       0x080023e9   Thumb Code    14  handlers.o(i.__scatterload_copy)
    __scatterload_null                       0x080023f7   Thumb Code     2  handlers.o(i.__scatterload_null)
    __scatterload_zeroinit                   0x080023f9   Thumb Code    14  handlers.o(i.__scatterload_zeroinit)
    delay_ms                                 0x08002567   Thumb Code    34  delay.o(i.delay_ms)
    delay_us                                 0x08002589   Thumb Code    36  delay.o(i.delay_us)
    lcd_Control_Write                        0x080025ad   Thumb Code    66  liquidcrystal_i2c.o(i.lcd_Control_Write)
    lcd_Data_Write                           0x080025ef   Thumb Code    70  liquidcrystal_i2c.o(i.lcd_Data_Write)
    lcd_Write_byte                           0x08002635   Thumb Code    84  liquidcrystal_i2c.o(i.lcd_Write_byte)
    lcd_goto_XY                              0x08002695   Thumb Code    38  liquidcrystal_i2c.o(i.lcd_goto_XY)
    lcd_init                                 0x080026bb   Thumb Code    88  liquidcrystal_i2c.o(i.lcd_init)
    lcd_send_string                          0x08002713   Thumb Code    22  liquidcrystal_i2c.o(i.lcd_send_string)
    main                                     0x08002729   Thumb Code   466  main.o(i.main)
    movingAverage                            0x08002969   Thumb Code    54  pid.o(i.movingAverage)
    Region$$Table$$Base                      0x080029a0   Number         0  anon$$obj.o(Region$$Table)
    Region$$Table$$Limit                     0x080029c0   Number         0  anon$$obj.o(Region$$Table)
    NVIC_InitStructure                       0x20000000   Data           4  main.o(.data)
    GPIO_InitStructure                       0x20000004   Data           4  main.o(.data)
    EXTI_InitStructure                       0x20000008   Data           8  main.o(.data)
    actualSpeed                              0x20000010   Data           4  main.o(.data)
    sampleCount                              0x20000014   Data           1  main.o(.data)
    setSpeed                                 0x20000018   Data           4  main.o(.data)
    state                                    0x2000001c   Data           4  main.o(.data)
    flagControl                              0x20000020   Data           1  main.o(.data)
    flagRun                                  0x20000021   Data           1  main.o(.data)
    flagMode                                 0x20000022   Data           1  main.o(.data)
    flagStop                                 0x20000023   Data           1  main.o(.data)
    flagRunEPROM                             0x20000024   Data           1  main.o(.data)
    flagSaveEPROM                            0x20000025   Data           1  main.o(.data)
    flagBut                                  0x20000026   Data           1  main.o(.data)
    encoderCnt                               0x20000028   Data           2  main.o(.data)
    encoderPreCnt                            0x2000002a   Data           2  main.o(.data)
    encoderPulse                             0x2000002c   Data           2  main.o(.data)
    timer3Ovr                                0x20000030   Data           4  main.o(.data)
    inputSpeed                               0x20000034   Data           2  main.o(.data)
    movingArray                              0x20000036   Data           8  main.o(.data)
    timer2Ovr                                0x20000040   Data           4  stm32f10x_it.o(.data)
    SystemCoreClock                          0x20000044   Data           4  system_stm32f10x.o(.data)
    AHBPrescTable                            0x20000048   Data          16  system_stm32f10x.o(.data)
    CCW                                      0x20000070   Data           1  pid.o(.data)
    Kp                                       0x20000078   Data           8  pid.o(.data)
    Kd                                       0x20000080   Data           8  pid.o(.data)
    Ki                                       0x20000088   Data           8  pid.o(.data)
    pPart                                    0x20000090   Data           8  pid.o(.data)
    dPart                                    0x20000098   Data           8  pid.o(.data)
    iPart                                    0x200000a0   Data           8  pid.o(.data)
    Error                                    0x200000a8   Data           8  pid.o(.data)
    preError                                 0x200000b0   Data           8  pid.o(.data)
    desiredSpeed                             0x200000b8   Data           4  pid.o(.data)
    controlSpeed                             0x200000bc   Data           4  pid.o(.data)
    speedPID                                 0x200000c0   Data           4  pid.o(.data)
    counterPulse                             0x200000c4   Data           2  button_config.o(.data)
    High_byte                                0x200000c6   Data           1  at24cxx.o(.data)
    Low_byte                                 0x200000c7   Data           1  at24cxx.o(.data)
    Time_ST                                  0x200000c8   Data           4  delay.o(.data)
    TIM_TimeBaseInitStructure                0x200000cc   Data          10  main.o(.bss)
    TIM_OCInitStructure                      0x200000d6   Data          16  main.o(.bss)
    TIM_ICInitStructure                      0x200000e6   Data          10  main.o(.bss)
    I2C_InitStructure                        0x200000f0   Data          16  main.o(.bss)
    USART_InitStructure                      0x20000100   Data          16  main.o(.bss)
    buffer                                   0x20000110   Data          40  main.o(.bss)
    buffer1                                  0x20000138   Data          40  main.o(.bss)
    Buff_Str                                 0x20000160   Data          16  main.o(.bss)
    Buff_Str1                                0x20000170   Data          16  main.o(.bss)
    __initial_sp                             0x20000580   Data           0  startup_stm32f10x_hd.o(STACK)



==============================================================================

Memory Map of the image

  Image Entry point : 0x08000131

  Load Region LR_IROM1 (Base: 0x08000000, Size: 0x00002a8c, Max: 0x00040000, ABSOLUTE)

    Execution Region ER_IROM1 (Exec base: 0x08000000, Load base: 0x08000000, Size: 0x000029c0, Max: 0x00040000, ABSOLUTE)

    Exec Addr    Load Addr    Size         Type   Attr      Idx    E Section Name        Object

    0x08000000   0x08000000   0x00000130   Data   RO         1978    RESET               startup_stm32f10x_hd.o
    0x08000130   0x08000130   0x00000000   Code   RO         2500  * .ARM.Collect$$$$00000000  mc_w.l(entry.o)
    0x08000130   0x08000130   0x00000004   Code   RO         2778    .ARM.Collect$$$$00000001  mc_w.l(entry2.o)
    0x08000134   0x08000134   0x00000004   Code   RO         2781    .ARM.Collect$$$$00000004  mc_w.l(entry5.o)
    0x08000138   0x08000138   0x00000000   Code   RO         2783    .ARM.Collect$$$$00000008  mc_w.l(entry7b.o)
    0x08000138   0x08000138   0x00000000   Code   RO         2785    .ARM.Collect$$$$0000000A  mc_w.l(entry8b.o)
    0x08000138   0x08000138   0x00000008   Code   RO         2786    .ARM.Collect$$$$0000000B  mc_w.l(entry9a.o)
    0x08000140   0x08000140   0x00000000   Code   RO         2788    .ARM.Collect$$$$0000000D  mc_w.l(entry10a.o)
    0x08000140   0x08000140   0x00000000   Code   RO         2790    .ARM.Collect$$$$0000000F  mc_w.l(entry11a.o)
    0x08000140   0x08000140   0x00000004   Code   RO         2779    .ARM.Collect$$$$00002712  mc_w.l(entry2.o)
    0x08000144   0x08000144   0x00000024   Code   RO         1979    .text               startup_stm32f10x_hd.o
    0x08000168   0x08000168   0x0000014e   Code   RO         2764    .text               mf_w.l(dadd.o)
    0x080002b6   0x080002b6   0x000000e4   Code   RO         2766    .text               mf_w.l(dmul.o)
    0x0800039a   0x0800039a   0x000000de   Code   RO         2768    .text               mf_w.l(ddiv.o)
    0x08000478   0x08000478   0x00000012   Code   RO         2770    .text               mf_w.l(fflti.o)
    0x0800048a   0x0800048a   0x00000022   Code   RO         2772    .text               mf_w.l(dflti.o)
    0x080004ac   0x080004ac   0x00000032   Code   RO         2774    .text               mf_w.l(ffixi.o)
    0x080004de   0x080004de   0x0000003e   Code   RO         2776    .text               mf_w.l(dfixi.o)
    0x0800051c   0x0800051c   0x0000002c   Code   RO         2795    .text               mc_w.l(uidiv.o)
    0x08000548   0x08000548   0x0000001e   Code   RO         2799    .text               mc_w.l(llshl.o)
    0x08000566   0x08000566   0x00000020   Code   RO         2801    .text               mc_w.l(llushr.o)
    0x08000586   0x08000586   0x00000024   Code   RO         2803    .text               mc_w.l(llsshr.o)
    0x080005aa   0x080005aa   0x00000000   Code   RO         2805    .text               mc_w.l(iusefp.o)
    0x080005aa   0x080005aa   0x0000006e   Code   RO         2806    .text               mf_w.l(fepilogue.o)
    0x08000618   0x08000618   0x000000ba   Code   RO         2808    .text               mf_w.l(depilogue.o)
    0x080006d2   0x080006d2   0x00000002   PAD
    0x080006d4   0x080006d4   0x00000024   Code   RO         2814    .text               mc_w.l(init.o)
    0x080006f8   0x080006f8   0x00000004   Code   RO          149    i.BusFault_Handler  stm32f10x_it.o
    0x080006fc   0x080006fc   0x00000014   Code   RO         2077    i.Button_Config     button_config.o
    0x08000710   0x08000710   0x00000002   Code   RO          150    i.DebugMon_Handler  stm32f10x_it.o
    0x08000712   0x08000712   0x00000016   Code   RO         2241    i.EEP24CXX_IsReady  at24cxx.o
    0x08000728   0x08000728   0x00000046   Code   RO         2242    i.EEP24CXX_ReadData  at24cxx.o
    0x0800076e   0x0800076e   0x00000034   Code   RO         2244    i.EEP24CXX_WriteData  at24cxx.o
    0x080007a2   0x080007a2   0x0000001c   Code   RO         2246    i.EEPROM_Read       at24cxx.o
    0x080007be   0x080007be   0x00000002   PAD
    0x080007c0   0x080007c0   0x00000038   Code   RO         2247    i.EEPROM_Write      at24cxx.o
    0x080007f8   0x080007f8   0x00000068   Code   RO         2078    i.EXTI15_10_Configuration  button_config.o
    0x08000860   0x08000860   0x0000003c   Code   RO         2079    i.EXTI15_10_IRQHandler  button_config.o
    0x0800089c   0x0800089c   0x00000054   Code   RO         2080    i.EXTI4_Configuration  button_config.o
    0x080008f0   0x080008f0   0x0000002c   Code   RO         2081    i.EXTI4_IRQHandler  button_config.o
    0x0800091c   0x0800091c   0x000000b0   Code   RO         2082    i.EXTI9_5_Configuration  button_config.o
    0x080009cc   0x080009cc   0x00000064   Code   RO         2083    i.EXTI9_5_IRQHandler  button_config.o
    0x08000a30   0x08000a30   0x0000000c   Code   RO          317    i.EXTI_ClearITPendingBit  stm32f10x_exti.o
    0x08000a3c   0x08000a3c   0x00000028   Code   RO          321    i.EXTI_GetITStatus  stm32f10x_exti.o
    0x08000a64   0x08000a64   0x00000094   Code   RO          322    i.EXTI_Init         stm32f10x_exti.o
    0x08000af8   0x08000af8   0x00000010   Code   RO         2145    i.Enc_Config        enc_config.o
    0x08000b08   0x08000b08   0x00000028   Code   RO         2146    i.Enc_pin_Config    enc_config.o
    0x08000b30   0x08000b30   0x00000060   Code   RO         2147    i.Enc_read_Config   enc_config.o
    0x08000b90   0x08000b90   0x00000080   Code   RO         2148    i.Enc_sys_Config    enc_config.o
    0x08000c10   0x08000c10   0x0000009c   Code   RO         2036    i.Encoder_Reading   pid.o
    0x08000cac   0x08000cac   0x00000078   Code   RO         2037    i.FB_Control        pid.o
    0x08000d24   0x08000d24   0x00000108   Code   RO         2038    i.FB_Control_PID    pid.o
    0x08000e2c   0x08000e2c   0x00000040   Code   RO          373    i.GPIO_EXTILineConfig  stm32f10x_gpio.o
    0x08000e6c   0x08000e6c   0x00000116   Code   RO          376    i.GPIO_Init         stm32f10x_gpio.o
    0x08000f82   0x08000f82   0x00000002   PAD
    0x08000f84   0x08000f84   0x00000048   Code   RO         1983    i.GPIO_Motor_Config  sermotor_config.o
    0x08000fcc   0x08000fcc   0x00000004   Code   RO          383    i.GPIO_ResetBits    stm32f10x_gpio.o
    0x08000fd0   0x08000fd0   0x00000004   Code   RO          384    i.GPIO_SetBits      stm32f10x_gpio.o
    0x08000fd4   0x08000fd4   0x00000020   Code   RO         2454    i.GPIO_SetState     i2c.o
    0x08000ff4   0x08000ff4   0x00000050   Code   RO         2365    i.GPIO_USART_Config  usart.o
    0x08001044   0x08001044   0x00000004   Code   RO          151    i.HardFault_Handler  stm32f10x_it.o
    0x08001048   0x08001048   0x00000044   Code   RO         2455    i.I2CSOFT_Init      i2c.o
    0x0800108c   0x0800108c   0x00000080   Code   RO         2456    i.I2CSOFT_ReadData  i2c.o
    0x0800110c   0x0800110c   0x00000048   Code   RO         2457    i.I2CSOFT_Start     i2c.o
    0x08001154   0x08001154   0x0000004c   Code   RO         2458    i.I2CSOFT_Stop      i2c.o
    0x080011a0   0x080011a0   0x0000009c   Code   RO         2459    i.I2CSOFT_WriteData  i2c.o
    0x0800123c   0x0800123c   0x0000002a   Code   RO          487    i.I2C_CheckEvent    stm32f10x_i2c.o
    0x08001266   0x08001266   0x00000018   Code   RO          490    i.I2C_Cmd           stm32f10x_i2c.o
    0x0800127e   0x0800127e   0x00000018   Code   RO          497    i.I2C_GenerateSTART  stm32f10x_i2c.o
    0x08001296   0x08001296   0x00000018   Code   RO          498    i.I2C_GenerateSTOP  stm32f10x_i2c.o
    0x080012ae   0x080012ae   0x00000002   PAD
    0x080012b0   0x080012b0   0x000000ec   Code   RO          504    i.I2C_Init          stm32f10x_i2c.o
    0x0800139c   0x0800139c   0x00000068   Code   RO         2181    i.I2C_LCD_Config    liquidcrystal_i2c.o
    0x08001404   0x08001404   0x00000012   Code   RO          511    i.I2C_Send7bitAddress  stm32f10x_i2c.o
    0x08001416   0x08001416   0x00000004   Code   RO          512    i.I2C_SendData      stm32f10x_i2c.o
    0x0800141a   0x0800141a   0x00000002   PAD
    0x0800141c   0x0800141c   0x00000074   Code   RO         2084    i.Keypad_Getkey     button_config.o
    0x08001490   0x08001490   0x00000004   Code   RO          152    i.MemManage_Handler  stm32f10x_it.o
    0x08001494   0x08001494   0x00000002   Code   RO          153    i.NMI_Handler       stm32f10x_it.o
    0x08001496   0x08001496   0x00000002   PAD
    0x08001498   0x08001498   0x00000088   Code   RO         2085    i.NVIC_Configuration  button_config.o
    0x08001520   0x08001520   0x00000070   Code   RO          280    i.NVIC_Init         misc.o
    0x08001590   0x08001590   0x00000014   Code   RO          281    i.NVIC_PriorityGroupConfig  misc.o
    0x080015a4   0x080015a4   0x00000064   Code   RO         1984    i.PWM_Config        sermotor_config.o
    0x08001608   0x08001608   0x00000044   Code   RO         1985    i.PWM_Update        sermotor_config.o
    0x0800164c   0x0800164c   0x00000002   Code   RO          154    i.PendSV_Handler    stm32f10x_it.o
    0x0800164e   0x0800164e   0x00000002   PAD
    0x08001650   0x08001650   0x00000020   Code   RO          864    i.RCC_APB1PeriphClockCmd  stm32f10x_rcc.o
    0x08001670   0x08001670   0x00000020   Code   RO          865    i.RCC_APB1PeriphResetCmd  stm32f10x_rcc.o
    0x08001690   0x08001690   0x00000020   Code   RO          866    i.RCC_APB2PeriphClockCmd  stm32f10x_rcc.o
    0x080016b0   0x080016b0   0x00000020   Code   RO          867    i.RCC_APB2PeriphResetCmd  stm32f10x_rcc.o
    0x080016d0   0x080016d0   0x000000d4   Code   RO          874    i.RCC_GetClocksFreq  stm32f10x_rcc.o
    0x080017a4   0x080017a4   0x00000020   Code   RO         1986    i.Run_Motor         sermotor_config.o
    0x080017c4   0x080017c4   0x00000002   Code   RO          155    i.SVC_Handler       stm32f10x_it.o
    0x080017c6   0x080017c6   0x00000014   Code   RO         1987    i.Sermotor_Config   sermotor_config.o
    0x080017da   0x080017da   0x00000008   Code   RO          235    i.SetSysClock       system_stm32f10x.o
    0x080017e2   0x080017e2   0x00000002   PAD
    0x080017e4   0x080017e4   0x000000e0   Code   RO          236    i.SetSysClockTo72   system_stm32f10x.o
    0x080018c4   0x080018c4   0x00000024   Code   RO         1988    i.Stop_Motor_BRA    sermotor_config.o
    0x080018e8   0x080018e8   0x00000010   Code   RO          156    i.SysTick_Handler   stm32f10x_it.o
    0x080018f8   0x080018f8   0x00000060   Code   RO          238    i.SystemInit        system_stm32f10x.o
    0x08001958   0x08001958   0x00000080   Code   RO         1248    i.TI1_Config        stm32f10x_tim.o
    0x080019d8   0x080019d8   0x00000098   Code   RO         1249    i.TI2_Config        stm32f10x_tim.o
    0x08001a70   0x08001a70   0x00000090   Code   RO         1250    i.TI3_Config        stm32f10x_tim.o
    0x08001b00   0x08001b00   0x00000098   Code   RO         1251    i.TI4_Config        stm32f10x_tim.o
    0x08001b98   0x08001b98   0x00000024   Code   RO          157    i.TIM2_IRQHandler   stm32f10x_it.o
    0x08001bbc   0x08001bbc   0x00000028   Code   RO          158    i.TIM3_IRQHandler   stm32f10x_it.o
    0x08001be4   0x08001be4   0x00000034   Code   RO          159    i.TIM4_IRQHandler   stm32f10x_it.o
    0x08001c18   0x08001c18   0x00000018   Code   RO         1252    i.TIM_ARRPreloadConfig  stm32f10x_tim.o
    0x08001c30   0x08001c30   0x00000006   Code   RO         1258    i.TIM_ClearFlag     stm32f10x_tim.o
    0x08001c36   0x08001c36   0x00000018   Code   RO         1264    i.TIM_Cmd           stm32f10x_tim.o
    0x08001c4e   0x08001c4e   0x00000002   PAD
    0x08001c50   0x08001c50   0x000001e8   Code   RO         1269    i.TIM_DeInit        stm32f10x_tim.o
    0x08001e38   0x08001e38   0x00000042   Code   RO         1273    i.TIM_EncoderInterfaceConfig  stm32f10x_tim.o
    0x08001e7a   0x08001e7a   0x00000006   Code   RO         1283    i.TIM_GetCounter    stm32f10x_tim.o
    0x08001e80   0x08001e80   0x00000022   Code   RO         1285    i.TIM_GetITStatus   stm32f10x_tim.o
    0x08001ea2   0x08001ea2   0x00000002   PAD
    0x08001ea4   0x08001ea4   0x000000ac   Code   RO         1287    i.TIM_ICInit        stm32f10x_tim.o
    0x08001f50   0x08001f50   0x00000012   Code   RO         1289    i.TIM_ITConfig      stm32f10x_tim.o
    0x08001f62   0x08001f62   0x00000002   PAD
    0x08001f64   0x08001f64   0x000000a0   Code   RO         1303    i.TIM_OC3Init       stm32f10x_tim.o
    0x08002004   0x08002004   0x00000012   Code   RO         1306    i.TIM_OC3PreloadConfig  stm32f10x_tim.o
    0x08002016   0x08002016   0x00000004   Code   RO         1329    i.TIM_SetCounter    stm32f10x_tim.o
    0x0800201a   0x0800201a   0x00000012   Code   RO         1330    i.TIM_SetIC1Prescaler  stm32f10x_tim.o
    0x0800202c   0x0800202c   0x0000001a   Code   RO         1331    i.TIM_SetIC2Prescaler  stm32f10x_tim.o
    0x08002046   0x08002046   0x00000012   Code   RO         1332    i.TIM_SetIC3Prescaler  stm32f10x_tim.o
    0x08002058   0x08002058   0x0000001a   Code   RO         1333    i.TIM_SetIC4Prescaler  stm32f10x_tim.o
    0x08002072   0x08002072   0x00000002   PAD
    0x08002074   0x08002074   0x000000a4   Code   RO         1335    i.TIM_TimeBaseInit  stm32f10x_tim.o
    0x08002118   0x08002118   0x00000012   Code   RO         1796    i.USART_ClearFlag   stm32f10x_usart.o
    0x0800212a   0x0800212a   0x00000018   Code   RO         1800    i.USART_Cmd         stm32f10x_usart.o
    0x08002142   0x08002142   0x00000002   PAD
    0x08002144   0x08002144   0x00000014   Code   RO         2366    i.USART_Config      usart.o
    0x08002158   0x08002158   0x0000009c   Code   RO         1802    i.USART_DeInit      stm32f10x_usart.o
    0x080021f4   0x080021f4   0x0000004a   Code   RO         1806    i.USART_ITConfig    stm32f10x_usart.o
    0x0800223e   0x0800223e   0x00000002   PAD
    0x08002240   0x08002240   0x000000d8   Code   RO         1807    i.USART_Init        stm32f10x_usart.o
    0x08002318   0x08002318   0x000000a4   Code   RO         2367    i.USARTx_Config     usart.o
    0x080023bc   0x080023bc   0x00000004   Code   RO          160    i.UsageFault_Handler  stm32f10x_it.o
    0x080023c0   0x080023c0   0x00000028   Code   RO         2550    i.__0sprintf$1      mc_w.l(printf1.o)
    0x080023e8   0x080023e8   0x0000000e   Code   RO         2820    i.__scatterload_copy  mc_w.l(handlers.o)
    0x080023f6   0x080023f6   0x00000002   Code   RO         2821    i.__scatterload_null  mc_w.l(handlers.o)
    0x080023f8   0x080023f8   0x0000000e   Code   RO         2822    i.__scatterload_zeroinit  mc_w.l(handlers.o)
    0x08002406   0x08002406   0x00000002   PAD
    0x08002408   0x08002408   0x00000154   Code   RO         2555    i._printf_core      mc_w.l(printf1.o)
    0x0800255c   0x0800255c   0x0000000a   Code   RO         2557    i._sputc            mc_w.l(printf1.o)
    0x08002566   0x08002566   0x00000022   Code   RO         2428    i.delay_ms          delay.o
    0x08002588   0x08002588   0x00000024   Code   RO         2429    i.delay_us          delay.o
    0x080025ac   0x080025ac   0x00000042   Code   RO         2182    i.lcd_Control_Write  liquidcrystal_i2c.o
    0x080025ee   0x080025ee   0x00000046   Code   RO         2183    i.lcd_Data_Write    liquidcrystal_i2c.o
    0x08002634   0x08002634   0x00000060   Code   RO         2184    i.lcd_Write_byte    liquidcrystal_i2c.o
    0x08002694   0x08002694   0x00000026   Code   RO         2185    i.lcd_goto_XY       liquidcrystal_i2c.o
    0x080026ba   0x080026ba   0x00000058   Code   RO         2186    i.lcd_init          liquidcrystal_i2c.o
    0x08002712   0x08002712   0x00000016   Code   RO         2187    i.lcd_send_string   liquidcrystal_i2c.o
    0x08002728   0x08002728   0x00000240   Code   RO            1    i.main              main.o
    0x08002968   0x08002968   0x00000036   Code   RO         2039    i.movingAverage     pid.o
    0x0800299e   0x0800299e   0x00000002   PAD
    0x080029a0   0x080029a0   0x00000020   Data   RO         2818    Region$$Table       anon$$obj.o


    Execution Region RW_IRAM1 (Exec base: 0x20000000, Load base: 0x080029c0, Size: 0x00000580, Max: 0x0000c000, ABSOLUTE)

    Exec Addr    Load Addr    Size         Type   Attr      Idx    E Section Name        Object

    0x20000000   0x080029c0   0x0000003e   Data   RW            3    .data               main.o
    0x2000003e   0x080029fe   0x00000002   PAD
    0x20000040   0x08002a00   0x00000004   Data   RW          161    .data               stm32f10x_it.o
    0x20000044   0x08002a04   0x00000014   Data   RW          239    .data               system_stm32f10x.o
    0x20000058   0x08002a18   0x00000014   Data   RW          894    .data               stm32f10x_rcc.o
    0x2000006c   0x08002a2c   0x00000004   PAD
    0x20000070   0x08002a30   0x00000054   Data   RW         2040    .data               pid.o
    0x200000c4   0x08002a84   0x00000002   Data   RW         2086    .data               button_config.o
    0x200000c6   0x08002a86   0x00000002   Data   RW         2248    .data               at24cxx.o
    0x200000c8   0x08002a88   0x00000004   Data   RW         2430    .data               delay.o
    0x200000cc        -       0x000000b4   Zero   RW            2    .bss                main.o
    0x20000180        -       0x00000400   Zero   RW         1976    STACK               startup_stm32f10x_hd.o


==============================================================================

Image component sizes


      Code (inc. data)   RO Data    RW Data    ZI Data      Debug   Object Name

       228         12          0          2          0     217830   at24cxx.o
       840        104          0          2          0       5063   button_config.o
         0          0          0          0          0         32   core_cm3.o
        70          0          0          4          0       1668   delay.o
       280         30          0          0          0       2001   enc_config.o
       532         68          0          0          0       3837   i2c.o
       484         34          0          0          0       4717   liquidcrystal_i2c.o
       576        116          0         62        180     282553   main.o
       132         22          0          0          0       1819   misc.o
       594         98          0         84          0       4016   pid.o
       328         40          0          0          0       3149   sermotor_config.o
        36          8        304          0       1024        900   startup_stm32f10x_hd.o
       200         18          0          0          0       2448   stm32f10x_exti.o
       350          4          0          0          0       4034   stm32f10x_gpio.o
       372         14          0          0          0       6422   stm32f10x_i2c.o
       168         30          0          4          0       6220   stm32f10x_it.o
       340         44          0         20          0       6028   stm32f10x_rcc.o
      1848        224          0          0          0      15251   stm32f10x_tim.o
       488         28          0          0          0       5287   stm32f10x_usart.o
       328         28          0         20          0       2381   system_stm32f10x.o
       264         24          0          0          0       2268   usart.o

    ----------------------------------------------------------------------
      8486        946        336        204       1204     577924   Object Totals
         0          0         32          0          0          0   (incl. Generated)
        28          0          0          6          0          0   (incl. Padding)

    ----------------------------------------------------------------------

      Code (inc. data)   RO Data    RW Data    ZI Data      Debug   Library Member Name

         0          0          0          0          0          0   entry.o
         0          0          0          0          0          0   entry10a.o
         0          0          0          0          0          0   entry11a.o
         8          4          0          0          0          0   entry2.o
         4          0          0          0          0          0   entry5.o
         0          0          0          0          0          0   entry7b.o
         0          0          0          0          0          0   entry8b.o
         8          4          0          0          0          0   entry9a.o
        30          0          0          0          0          0   handlers.o
        36          8          0          0          0         68   init.o
         0          0          0          0          0          0   iusefp.o
        30          0          0          0          0         68   llshl.o
        36          0          0          0          0         68   llsshr.o
        32          0          0          0          0         68   llushr.o
       390         10          0          0          0        252   printf1.o
        44          0          0          0          0         80   uidiv.o
       334          0          0          0          0        148   dadd.o
       222          0          0          0          0        100   ddiv.o
       186          0          0          0          0        176   depilogue.o
        62          0          0          0          0         80   dfixi.o
        34          0          0          0          0         76   dflti.o
       228          0          0          0          0         96   dmul.o
       110          0          0          0          0        168   fepilogue.o
        50          0          0          0          0         68   ffixi.o
        18          0          0          0          0         68   fflti.o

    ----------------------------------------------------------------------
      1866         26          0          0          0       1584   Library Totals
         4          0          0          0          0          0   (incl. Padding)

    ----------------------------------------------------------------------

      Code (inc. data)   RO Data    RW Data    ZI Data      Debug   Library Name

       618         26          0          0          0        604   mc_w.l
      1244          0          0          0          0        980   mf_w.l

    ----------------------------------------------------------------------
      1866         26          0          0          0       1584   Library Totals

    ----------------------------------------------------------------------

==============================================================================


      Code (inc. data)   RO Data    RW Data    ZI Data      Debug   

     10352        972        336        204       1204     573420   Grand Totals
     10352        972        336        204       1204     573420   ELF Image Totals
     10352        972        336        204          0          0   ROM Totals

==============================================================================

    Total RO  Size (Code + RO Data)                10688 (  10.44kB)
    Total RW  Size (RW Data + ZI Data)              1408 (   1.38kB)
    Total ROM Size (Code + RO Data + RW Data)      10892 (  10.64kB)

==============================================================================

