Component: ARM Compiler 5.06 update 6 (build 750) Tool: armlink [4d35ed]

==============================================================================

Section Cross References

    main.o(i.main) refers to liquidcrystal_i2c.o(i.I2C_LCD_Configuration) for I2C_LCD_Configuration
    main.o(i.main) refers to gpio_configuration.o(i.Motor_Pin_Configuration) for Motor_Pin_Configuration
    main.o(i.main) refers to gpio_configuration.o(i.Encoder_Pin_Configuraton) for Encoder_Pin_Configuraton
    main.o(i.main) refers to gpio_configuration.o(i.GPIO_USART_Configuration) for GPIO_USART_Configuration
    main.o(i.main) refers to usart_serial.o(i.USARTx_Configuration) for USARTx_Configuration
    main.o(i.main) refers to dc_motor_control.o(i.PWM_Configuration) for PWM_Configuration
    main.o(i.main) refers to dc_motor_control.o(i.PWM_update) for PWM_update
    main.o(i.main) refers to encoder_configuration.o(i.Encoder_System_Configuration) for Encoder_System_Configuration
    main.o(i.main) refers to encoder_configuration.o(i.Encoder_Reading_Configuration) for Encoder_Reading_Configuration
    main.o(i.main) refers to butcontrol.o(i.EXTI9_5_Configuration) for EXTI9_5_Configuration
    main.o(i.main) refers to butcontrol.o(i.EXTI4_Configuration) for EXTI4_Configuration
    main.o(i.main) refers to encoder_configuration.o(i.NVIC_Configuration) for NVIC_Configuration
    main.o(i.main) refers to liquidcrystal_i2c.o(i.lcd_init) for lcd_init
    main.o(i.main) refers to liquidcrystal_i2c.o(i.lcd_goto_XY) for lcd_goto_XY
    main.o(i.main) refers to liquidcrystal_i2c.o(i.lcd_send_string) for lcd_send_string
    main.o(i.main) refers to gpio_configuration.o(i.GPIO_LED_Test) for GPIO_LED_Test
    main.o(i.main) refers to fb_control.o(i.FB_Control) for FB_Control
    main.o(i.main) refers to printf1.o(i.__0sprintf$1) for __2sprintf
    main.o(i.main) refers to butcontrol.o(i.Keypad_Getkey) for Keypad_Getkey
    main.o(i.main) refers to system_stm32f10x.o(.data) for SystemCoreClock
    main.o(i.main) refers to main.o(.data) for state
    main.o(i.main) refers to main.o(.bss) for buffer
    stm32f10x_it.o(i.SysTick_Handler) refers to delay.o(.data) for Time_ST
    system_stm32f10x.o(i.SetSysClock) refers to system_stm32f10x.o(i.SetSysClockTo72) for SetSysClockTo72
    system_stm32f10x.o(i.SystemCoreClockUpdate) refers to system_stm32f10x.o(.data) for SystemCoreClock
    system_stm32f10x.o(i.SystemInit) refers to system_stm32f10x.o(i.SetSysClock) for SetSysClock
    stm32f10x_adc.o(i.ADC_DeInit) refers to stm32f10x_rcc.o(i.RCC_APB2PeriphResetCmd) for RCC_APB2PeriphResetCmd
    stm32f10x_bkp.o(i.BKP_DeInit) refers to stm32f10x_rcc.o(i.RCC_BackupResetCmd) for RCC_BackupResetCmd
    stm32f10x_can.o(i.CAN_DeInit) refers to stm32f10x_rcc.o(i.RCC_APB1PeriphResetCmd) for RCC_APB1PeriphResetCmd
    stm32f10x_can.o(i.CAN_GetITStatus) refers to stm32f10x_can.o(i.CheckITStatus) for CheckITStatus
    stm32f10x_cec.o(i.CEC_DeInit) refers to stm32f10x_rcc.o(i.RCC_APB1PeriphResetCmd) for RCC_APB1PeriphResetCmd
    stm32f10x_dac.o(i.DAC_DeInit) refers to stm32f10x_rcc.o(i.RCC_APB1PeriphResetCmd) for RCC_APB1PeriphResetCmd
    stm32f10x_flash.o(i.FLASH_EnableWriteProtection) refers to stm32f10x_flash.o(i.FLASH_WaitForLastOperation) for FLASH_WaitForLastOperation
    stm32f10x_flash.o(i.FLASH_EraseAllBank1Pages) refers to stm32f10x_flash.o(i.FLASH_WaitForLastBank1Operation) for FLASH_WaitForLastBank1Operation
    stm32f10x_flash.o(i.FLASH_EraseAllPages) refers to stm32f10x_flash.o(i.FLASH_WaitForLastOperation) for FLASH_WaitForLastOperation
    stm32f10x_flash.o(i.FLASH_EraseOptionBytes) refers to stm32f10x_flash.o(i.FLASH_GetReadOutProtectionStatus) for FLASH_GetReadOutProtectionStatus
    stm32f10x_flash.o(i.FLASH_EraseOptionBytes) refers to stm32f10x_flash.o(i.FLASH_WaitForLastOperation) for FLASH_WaitForLastOperation
    stm32f10x_flash.o(i.FLASH_ErasePage) refers to stm32f10x_flash.o(i.FLASH_WaitForLastOperation) for FLASH_WaitForLastOperation
    stm32f10x_flash.o(i.FLASH_ProgramHalfWord) refers to stm32f10x_flash.o(i.FLASH_WaitForLastOperation) for FLASH_WaitForLastOperation
    stm32f10x_flash.o(i.FLASH_ProgramOptionByteData) refers to stm32f10x_flash.o(i.FLASH_WaitForLastOperation) for FLASH_WaitForLastOperation
    stm32f10x_flash.o(i.FLASH_ProgramWord) refers to stm32f10x_flash.o(i.FLASH_WaitForLastOperation) for FLASH_WaitForLastOperation
    stm32f10x_flash.o(i.FLASH_ReadOutProtection) refers to stm32f10x_flash.o(i.FLASH_WaitForLastOperation) for FLASH_WaitForLastOperation
    stm32f10x_flash.o(i.FLASH_UserOptionByteConfig) refers to stm32f10x_flash.o(i.FLASH_WaitForLastOperation) for FLASH_WaitForLastOperation
    stm32f10x_flash.o(i.FLASH_WaitForLastBank1Operation) refers to stm32f10x_flash.o(i.FLASH_GetBank1Status) for FLASH_GetBank1Status
    stm32f10x_flash.o(i.FLASH_WaitForLastOperation) refers to stm32f10x_flash.o(i.FLASH_GetBank1Status) for FLASH_GetBank1Status
[...]
    Removing stm32f10x_cec.o(i.CEC_OwnAddressConfig), (12 bytes).
    Removing stm32f10x_cec.o(i.CEC_ReceiveDataByte), (12 bytes).
    Removing stm32f10x_cec.o(i.CEC_SendDataByte), (12 bytes).
    Removing stm32f10x_cec.o(i.CEC_SetPrescaler), (12 bytes).
    Removing stm32f10x_cec.o(i.CEC_StartOfMessage), (12 bytes).
    Removing stm32f10x_crc.o(i.CRC_CalcBlockCRC), (36 bytes).
    Removing stm32f10x_crc.o(i.CRC_CalcCRC), (16 bytes).
    Removing stm32f10x_crc.o(i.CRC_GetCRC), (12 bytes).
    Removing stm32f10x_crc.o(i.CRC_GetIDRegister), (12 bytes).
    Removing stm32f10x_crc.o(i.CRC_ResetDR), (12 bytes).
    Removing stm32f10x_crc.o(i.CRC_SetIDRegister), (12 bytes).
    Removing stm32f10x_dac.o(i.DAC_Cmd), (40 bytes).
    Removing stm32f10x_dac.o(i.DAC_DMACmd), (44 bytes).
    Removing stm32f10x_dac.o(i.DAC_DeInit), (22 bytes).
    Removing stm32f10x_dac.o(i.DAC_DualSoftwareTriggerCmd), (36 bytes).
    Removing stm32f10x_dac.o(i.DAC_GetDataOutputValue), (36 bytes).
    Removing stm32f10x_dac.o(i.DAC_Init), (52 bytes).
    Removing stm32f10x_dac.o(i.DAC_SetChannel1Data), (32 bytes).
    Removing stm32f10x_dac.o(i.DAC_SetChannel2Data), (32 bytes).
    Removing stm32f10x_dac.o(i.DAC_SetDualChannelData), (36 bytes).
    Removing stm32f10x_dac.o(i.DAC_SoftwareTriggerCmd), (44 bytes).
    Removing stm32f10x_dac.o(i.DAC_StructInit), (12 bytes).
    Removing stm32f10x_dac.o(i.DAC_WaveGenerationCmd), (40 bytes).
    Removing stm32f10x_dbgmcu.o(i.DBGMCU_Config), (32 bytes).
    Removing stm32f10x_dbgmcu.o(i.DBGMCU_GetDEVID), (16 bytes).
    Removing stm32f10x_dbgmcu.o(i.DBGMCU_GetREVID), (12 bytes).
    Removing stm32f10x_dma.o(i.DMA_ClearFlag), (28 bytes).
    Removing stm32f10x_dma.o(i.DMA_ClearITPendingBit), (28 bytes).
    Removing stm32f10x_dma.o(i.DMA_Cmd), (24 bytes).
    Removing stm32f10x_dma.o(i.DMA_DeInit), (332 bytes).
    Removing stm32f10x_dma.o(i.DMA_GetCurrDataCounter), (8 bytes).
    Removing stm32f10x_dma.o(i.DMA_GetFlagStatus), (44 bytes).
    Removing stm32f10x_dma.o(i.DMA_GetITStatus), (44 bytes).
    Removing stm32f10x_dma.o(i.DMA_ITConfig), (18 bytes).
    Removing stm32f10x_dma.o(i.DMA_Init), (60 bytes).
    Removing stm32f10x_dma.o(i.DMA_SetCurrDataCounter), (4 bytes).
    Removing stm32f10x_dma.o(i.DMA_StructInit), (26 bytes).
    Removing stm32f10x_exti.o(i.EXTI_ClearFlag), (12 bytes).
    Removing stm32f10x_exti.o(i.EXTI_DeInit), (36 bytes).
    Removing stm32f10x_exti.o(i.EXTI_GenerateSWInterrupt), (16 bytes).
    Removing stm32f10x_exti.o(i.EXTI_GetFlagStatus), (24 bytes).
    Removing stm32f10x_exti.o(i.EXTI_StructInit), (16 bytes).
    Removing stm32f10x_flash.o(i.FLASH_ClearFlag), (12 bytes).
    Removing stm32f10x_flash.o(i.FLASH_EnableWriteProtection), (196 bytes).
    Removing stm32f10x_flash.o(i.FLASH_EraseAllBank1Pages), (72 bytes).
    Removing stm32f10x_flash.o(i.FLASH_EraseAllPages), (72 bytes).
    Removing stm32f10x_flash.o(i.FLASH_EraseOptionBytes), (168 bytes).
    Removing stm32f10x_flash.o(i.FLASH_ErasePage), (76 bytes).
    Removing stm32f10x_flash.o(i.FLASH_GetBank1Status), (52 bytes).
    Removing stm32f10x_flash.o(i.FLASH_GetFlagStatus), (48 bytes).
    Removing stm32f10x_flash.o(i.FLASH_GetPrefetchBufferStatus), (24 bytes).
    Removing stm32f10x_flash.o(i.FLASH_GetReadOutProtectionStatus), (24 bytes).
    Removing stm32f10x_flash.o(i.FLASH_GetStatus), (52 bytes).
    Removing stm32f10x_flash.o(i.FLASH_GetUserOptionByte), (12 bytes).
    Removing stm32f10x_flash.o(i.FLASH_GetWriteProtectionOptionByte), (12 bytes).
    Removing stm32f10x_flash.o(i.FLASH_HalfCycleAccessCmd), (28 bytes).
    Removing stm32f10x_flash.o(i.FLASH_ITConfig), (32 bytes).
    Removing stm32f10x_flash.o(i.FLASH_Lock), (20 bytes).
    Removing stm32f10x_flash.o(i.FLASH_LockBank1), (20 bytes).
    Removing stm32f10x_flash.o(i.FLASH_PrefetchBufferCmd), (28 bytes).
    Removing stm32f10x_flash.o(i.FLASH_ProgramHalfWord), (64 bytes).
    Removing stm32f10x_flash.o(i.FLASH_ProgramOptionByteData), (84 bytes).
    Removing stm32f10x_flash.o(i.FLASH_ProgramWord), (108 bytes).
    Removing stm32f10x_flash.o(i.FLASH_ReadOutProtection), (172 bytes).
    Removing stm32f10x_flash.o(i.FLASH_SetLatency), (24 bytes).
    Removing stm32f10x_flash.o(i.FLASH_Unlock), (24 bytes).
    Removing stm32f10x_flash.o(i.FLASH_UnlockBank1), (24 bytes).
    Removing stm32f10x_flash.o(i.FLASH_UserOptionByteConfig), (104 bytes).
    Removing stm32f10x_flash.o(i.FLASH_WaitForLastBank1Operation), (38 bytes).
    Removing stm32f10x_flash.o(i.FLASH_WaitForLastOperation), (38 bytes).
    Removing stm32f10x_fsmc.o(i.FSMC_ClearFlag), (64 bytes).
    Removing stm32f10x_fsmc.o(i.FSMC_ClearITPendingBit), (72 bytes).
    Removing stm32f10x_fsmc.o(i.FSMC_GetECC), (28 bytes).
    Removing stm32f10x_fsmc.o(i.FSMC_GetFlagStatus), (56 bytes).
    Removing stm32f10x_fsmc.o(i.FSMC_GetITStatus), (68 bytes).
    Removing stm32f10x_fsmc.o(i.FSMC_ITConfig), (128 bytes).
    Removing stm32f10x_fsmc.o(i.FSMC_NANDCmd), (92 bytes).
    Removing stm32f10x_fsmc.o(i.FSMC_NANDDeInit), (68 bytes).
    Removing stm32f10x_fsmc.o(i.FSMC_NANDECCCmd), (92 bytes).
    Removing stm32f10x_fsmc.o(i.FSMC_NANDInit), (136 bytes).
    Removing stm32f10x_fsmc.o(i.FSMC_NANDStructInit), (54 bytes).
    Removing stm32f10x_fsmc.o(i.FSMC_NORSRAMCmd), (52 bytes).
    Removing stm32f10x_fsmc.o(i.FSMC_NORSRAMDeInit), (54 bytes).
    Removing stm32f10x_fsmc.o(i.FSMC_NORSRAMInit), (230 bytes).
    Removing stm32f10x_fsmc.o(i.FSMC_NORSRAMStructInit), (114 bytes).
    Removing stm32f10x_fsmc.o(i.FSMC_PCCARDCmd), (48 bytes).
    Removing stm32f10x_fsmc.o(i.FSMC_PCCARDDeInit), (40 bytes).
    Removing stm32f10x_fsmc.o(i.FSMC_PCCARDInit), (132 bytes).
    Removing stm32f10x_fsmc.o(i.FSMC_PCCARDStructInit), (60 bytes).
    Removing stm32f10x_gpio.o(i.GPIO_AFIODeInit), (20 bytes).
    Removing stm32f10x_gpio.o(i.GPIO_DeInit), (200 bytes).
    Removing stm32f10x_gpio.o(i.GPIO_ETH_MediaInterfaceConfig), (12 bytes).
    Removing stm32f10x_gpio.o(i.GPIO_EventOutputCmd), (12 bytes).
    Removing stm32f10x_gpio.o(i.GPIO_EventOutputConfig), (32 bytes).
    Removing stm32f10x_gpio.o(i.GPIO_PinLockConfig), (18 bytes).
    Removing stm32f10x_gpio.o(i.GPIO_PinRemapConfig), (144 bytes).
    Removing stm32f10x_gpio.o(i.GPIO_ReadInputData), (8 bytes).
    Removing stm32f10x_gpio.o(i.GPIO_ReadOutputData), (8 bytes).
    Removing stm32f10x_gpio.o(i.GPIO_ReadOutputDataBit), (18 bytes).
    Removing stm32f10x_gpio.o(i.GPIO_StructInit), (16 bytes).
    Removing stm32f10x_gpio.o(i.GPIO_Write), (4 bytes).
    Removing stm32f10x_i2c.o(i.I2C_ARPCmd), (24 bytes).
    Removing stm32f10x_i2c.o(i.I2C_AcknowledgeConfig), (24 bytes).
    Removing stm32f10x_i2c.o(i.I2C_CalculatePEC), (24 bytes).
    Removing stm32f10x_i2c.o(i.I2C_ClearFlag), (12 bytes).
    Removing stm32f10x_i2c.o(i.I2C_ClearITPendingBit), (12 bytes).
    Removing stm32f10x_i2c.o(i.I2C_DMACmd), (24 bytes).
    Removing stm32f10x_i2c.o(i.I2C_DMALastTransferCmd), (24 bytes).
    Removing stm32f10x_i2c.o(i.I2C_DeInit), (56 bytes).
    Removing stm32f10x_i2c.o(i.I2C_DualAddressCmd), (24 bytes).
    Removing stm32f10x_i2c.o(i.I2C_FastModeDutyCycleConfig), (28 bytes).
    Removing stm32f10x_i2c.o(i.I2C_GeneralCallCmd), (24 bytes).
    Removing stm32f10x_i2c.o(i.I2C_GetFlagStatus), (58 bytes).
    Removing stm32f10x_i2c.o(i.I2C_GetITStatus), (38 bytes).
    Removing stm32f10x_i2c.o(i.I2C_GetLastEvent), (26 bytes).
    Removing stm32f10x_i2c.o(i.I2C_GetPEC), (8 bytes).
    Removing stm32f10x_i2c.o(i.I2C_ITConfig), (18 bytes).
    Removing stm32f10x_i2c.o(i.I2C_NACKPositionConfig), (28 bytes).
    Removing stm32f10x_i2c.o(i.I2C_OwnAddress2Config), (22 bytes).
    Removing stm32f10x_i2c.o(i.I2C_PECPositionConfig), (28 bytes).
    Removing stm32f10x_i2c.o(i.I2C_ReadRegister), (22 bytes).
    Removing stm32f10x_i2c.o(i.I2C_ReceiveData), (8 bytes).
    Removing stm32f10x_i2c.o(i.I2C_SMBusAlertConfig), (28 bytes).
    Removing stm32f10x_i2c.o(i.I2C_SoftwareResetCmd), (22 bytes).
    Removing stm32f10x_i2c.o(i.I2C_StretchClockCmd), (24 bytes).
    Removing stm32f10x_i2c.o(i.I2C_StructInit), (30 bytes).
    Removing stm32f10x_i2c.o(i.I2C_TransmitPEC), (24 bytes).
    Removing stm32f10x_iwdg.o(i.IWDG_Enable), (16 bytes).
    Removing stm32f10x_iwdg.o(i.IWDG_GetFlagStatus), (24 bytes).
    Removing stm32f10x_iwdg.o(i.IWDG_ReloadCounter), (16 bytes).
    Removing stm32f10x_iwdg.o(i.IWDG_SetPrescaler), (12 bytes).
    Removing stm32f10x_iwdg.o(i.IWDG_SetReload), (12 bytes).
    Removing stm32f10x_iwdg.o(i.IWDG_WriteAccessCmd), (12 bytes).
    Removing stm32f10x_pwr.o(i.PWR_BackupAccessCmd), (12 bytes).
    Removing stm32f10x_pwr.o(i.PWR_ClearFlag), (20 bytes).
    Removing stm32f10x_pwr.o(i.PWR_DeInit), (22 bytes).
    Removing stm32f10x_pwr.o(i.PWR_EnterSTANDBYMode), (52 bytes).
    Removing stm32f10x_pwr.o(i.PWR_EnterSTOPMode), (64 bytes).
    Removing stm32f10x_pwr.o(i.PWR_GetFlagStatus), (24 bytes).
    Removing stm32f10x_pwr.o(i.PWR_PVDCmd), (12 bytes).
    Removing stm32f10x_pwr.o(i.PWR_PVDLevelConfig), (24 bytes).
    Removing stm32f10x_pwr.o(i.PWR_WakeUpPinCmd), (12 bytes).
    Removing stm32f10x_rcc.o(i.RCC_ADCCLKConfig), (24 bytes).
    Removing stm32f10x_rcc.o(i.RCC_AHBPeriphClockCmd), (32 bytes).
    Removing stm32f10x_rcc.o(i.RCC_AdjustHSICalibrationValue), (24 bytes).
    Removing stm32f10x_rcc.o(i.RCC_BackupResetCmd), (12 bytes).
    Removing stm32f10x_rcc.o(i.RCC_ClearFlag), (20 bytes).
    Removing stm32f10x_rcc.o(i.RCC_ClearITPendingBit), (12 bytes).
    Removing stm32f10x_rcc.o(i.RCC_ClockSecuritySystemCmd), (12 bytes).
    Removing stm32f10x_rcc.o(i.RCC_DeInit), (76 bytes).
    Removing stm32f10x_rcc.o(i.RCC_GetFlagStatus), (60 bytes).
    Removing stm32f10x_rcc.o(i.RCC_GetITStatus), (24 bytes).
    Removing stm32f10x_rcc.o(i.RCC_GetSYSCLKSource), (16 bytes).
    Removing stm32f10x_rcc.o(i.RCC_HCLKConfig), (24 bytes).
    Removing stm32f10x_rcc.o(i.RCC_HSEConfig), (76 bytes).
    Removing stm32f10x_rcc.o(i.RCC_HSICmd), (12 bytes).
    Removing stm32f10x_rcc.o(i.RCC_ITConfig), (32 bytes).
    Removing stm32f10x_rcc.o(i.RCC_LSEConfig), (52 bytes).
    Removing stm32f10x_rcc.o(i.RCC_LSICmd), (12 bytes).
    Removing stm32f10x_rcc.o(i.RCC_MCOConfig), (12 bytes).
    Removing stm32f10x_rcc.o(i.RCC_PCLK1Config), (24 bytes).
    Removing stm32f10x_rcc.o(i.RCC_PCLK2Config), (24 bytes).
    Removing stm32f10x_rcc.o(i.RCC_PLLCmd), (12 bytes).
    Removing stm32f10x_rcc.o(i.RCC_PLLConfig), (28 bytes).
    Removing stm32f10x_rcc.o(i.RCC_RTCCLKCmd), (12 bytes).
    Removing stm32f10x_rcc.o(i.RCC_RTCCLKConfig), (16 bytes).
    Removing stm32f10x_rcc.o(i.RCC_SYSCLKConfig), (24 bytes).
    Removing stm32f10x_rcc.o(i.RCC_USBCLKConfig), (12 bytes).
    Removing stm32f10x_rcc.o(i.RCC_WaitForHSEStartUp), (56 bytes).
    Removing stm32f10x_rtc.o(i.RTC_ClearFlag), (16 bytes).
    Removing stm32f10x_rtc.o(i.RTC_ClearITPendingBit), (16 bytes).
    Removing stm32f10x_rtc.o(i.RTC_EnterConfigMode), (20 bytes).
    Removing stm32f10x_rtc.o(i.RTC_ExitConfigMode), (20 bytes).
    Removing stm32f10x_rtc.o(i.RTC_GetCounter), (20 bytes).
    Removing stm32f10x_rtc.o(i.RTC_GetDivider), (24 bytes).
    Removing stm32f10x_rtc.o(i.RTC_GetFlagStatus), (24 bytes).
    Removing stm32f10x_rtc.o(i.RTC_GetITStatus), (36 bytes).
    Removing stm32f10x_rtc.o(i.RTC_ITConfig), (32 bytes).
    Removing stm32f10x_rtc.o(i.RTC_SetAlarm), (28 bytes).
    Removing stm32f10x_rtc.o(i.RTC_SetCounter), (28 bytes).
    Removing stm32f10x_rtc.o(i.RTC_SetPrescaler), (32 bytes).
    Removing stm32f10x_rtc.o(i.RTC_WaitForLastTask), (20 bytes).
    Removing stm32f10x_rtc.o(i.RTC_WaitForSynchro), (36 bytes).
    Removing stm32f10x_sdio.o(i.SDIO_CEATAITCmd), (16 bytes).
    Removing stm32f10x_sdio.o(i.SDIO_ClearFlag), (12 bytes).
    Removing stm32f10x_sdio.o(i.SDIO_ClearITPendingBit), (12 bytes).
    Removing stm32f10x_sdio.o(i.SDIO_ClockCmd), (12 bytes).
    Removing stm32f10x_sdio.o(i.SDIO_CmdStructInit), (14 bytes).
    Removing stm32f10x_sdio.o(i.SDIO_CommandCompletionCmd), (12 bytes).
    Removing stm32f10x_sdio.o(i.SDIO_DMACmd), (12 bytes).
    Removing stm32f10x_sdio.o(i.SDIO_DataConfig), (48 bytes).
    Removing stm32f10x_sdio.o(i.SDIO_DataStructInit), (20 bytes).
    Removing stm32f10x_sdio.o(i.SDIO_DeInit), (36 bytes).
    Removing stm32f10x_sdio.o(i.SDIO_GetCommandResponse), (12 bytes).
    Removing stm32f10x_sdio.o(i.SDIO_GetDataCounter), (12 bytes).
    Removing stm32f10x_sdio.o(i.SDIO_GetFIFOCount), (12 bytes).
    Removing stm32f10x_sdio.o(i.SDIO_GetFlagStatus), (24 bytes).
    Removing stm32f10x_sdio.o(i.SDIO_GetITStatus), (24 bytes).
    Removing stm32f10x_sdio.o(i.SDIO_GetPowerState), (16 bytes).
    Removing stm32f10x_sdio.o(i.SDIO_GetResponse), (24 bytes).
    Removing stm32f10x_sdio.o(i.SDIO_ITConfig), (32 bytes).
    Removing stm32f10x_sdio.o(i.SDIO_Init), (48 bytes).
    Removing stm32f10x_sdio.o(i.SDIO_ReadData), (12 bytes).
    Removing stm32f10x_sdio.o(i.SDIO_SendCEATACmd), (12 bytes).
    Removing stm32f10x_sdio.o(i.SDIO_SendCommand), (44 bytes).
    Removing stm32f10x_sdio.o(i.SDIO_SendSDIOSuspendCmd), (12 bytes).
    Removing stm32f10x_sdio.o(i.SDIO_SetPowerState), (28 bytes).
    Removing stm32f10x_sdio.o(i.SDIO_SetSDIOOperation), (12 bytes).
    Removing stm32f10x_sdio.o(i.SDIO_SetSDIOReadWaitMode), (12 bytes).
    Removing stm32f10x_sdio.o(i.SDIO_StartSDIOReadWait), (12 bytes).
    Removing stm32f10x_sdio.o(i.SDIO_StopSDIOReadWait), (12 bytes).
    Removing stm32f10x_sdio.o(i.SDIO_StructInit), (16 bytes).
    Removing stm32f10x_sdio.o(i.SDIO_WriteData), (12 bytes).
    Removing stm32f10x_spi.o(i.I2S_Cmd), (24 bytes).
    Removing stm32f10x_spi.o(i.I2S_Init), (232 bytes).
    Removing stm32f10x_spi.o(i.I2S_StructInit), (20 bytes).
    Removing stm32f10x_spi.o(i.SPI_BiDirectionalLineConfig), (28 bytes).
    Removing stm32f10x_spi.o(i.SPI_CalculateCRC), (24 bytes).
    Removing stm32f10x_spi.o(i.SPI_Cmd), (24 bytes).
    Removing stm32f10x_spi.o(i.SPI_DataSizeConfig), (18 bytes).
    Removing stm32f10x_spi.o(i.SPI_GetCRC), (16 bytes).
    Removing stm32f10x_spi.o(i.SPI_GetCRCPolynomial), (6 bytes).
    Removing stm32f10x_spi.o(i.SPI_I2S_ClearFlag), (6 bytes).
    Removing stm32f10x_spi.o(i.SPI_I2S_ClearITPendingBit), (20 bytes).
    Removing stm32f10x_spi.o(i.SPI_I2S_DMACmd), (18 bytes).
    Removing stm32f10x_spi.o(i.SPI_I2S_DeInit), (88 bytes).
    Removing stm32f10x_spi.o(i.SPI_I2S_GetFlagStatus), (18 bytes).
    Removing stm32f10x_spi.o(i.SPI_I2S_GetITStatus), (52 bytes).
    Removing stm32f10x_spi.o(i.SPI_I2S_ITConfig), (32 bytes).
    Removing stm32f10x_spi.o(i.SPI_I2S_ReceiveData), (6 bytes).
    Removing stm32f10x_spi.o(i.SPI_I2S_SendData), (4 bytes).
    Removing stm32f10x_spi.o(i.SPI_Init), (60 bytes).
    Removing stm32f10x_spi.o(i.SPI_NSSInternalSoftwareConfig), (30 bytes).
    Removing stm32f10x_spi.o(i.SPI_SSOutputCmd), (24 bytes).
    Removing stm32f10x_spi.o(i.SPI_StructInit), (24 bytes).
    Removing stm32f10x_spi.o(i.SPI_TransmitCRC), (10 bytes).
    Removing stm32f10x_tim.o(i.TIM_BDTRConfig), (32 bytes).
    Removing stm32f10x_tim.o(i.TIM_BDTRStructInit), (18 bytes).
    Removing stm32f10x_tim.o(i.TIM_CCPreloadControl), (24 bytes).
    Removing stm32f10x_tim.o(i.TIM_CCxCmd), (30 bytes).
    Removing stm32f10x_tim.o(i.TIM_CCxNCmd), (30 bytes).
    Removing stm32f10x_tim.o(i.TIM_ClearITPendingBit), (6 bytes).
    Removing stm32f10x_tim.o(i.TIM_ClearOC1Ref), (18 bytes).
    Removing stm32f10x_tim.o(i.TIM_ClearOC2Ref), (24 bytes).
    Removing stm32f10x_tim.o(i.TIM_ClearOC3Ref), (18 bytes).
    Removing stm32f10x_tim.o(i.TIM_ClearOC4Ref), (24 bytes).
    Removing stm32f10x_tim.o(i.TIM_CounterModeConfig), (18 bytes).
    Removing stm32f10x_tim.o(i.TIM_CtrlPWMOutputs), (30 bytes).
    Removing stm32f10x_tim.o(i.TIM_DMACmd), (18 bytes).
    Removing stm32f10x_tim.o(i.TIM_DMAConfig), (10 bytes).
    Removing stm32f10x_tim.o(i.TIM_ETRClockMode1Config), (54 bytes).
    Removing stm32f10x_tim.o(i.TIM_ETRClockMode2Config), (32 bytes).
    Removing stm32f10x_tim.o(i.TIM_ETRConfig), (28 bytes).
    Removing stm32f10x_tim.o(i.TIM_ForcedOC1Config), (18 bytes).
    Removing stm32f10x_tim.o(i.TIM_ForcedOC2Config), (26 bytes).
    Removing stm32f10x_tim.o(i.TIM_ForcedOC3Config), (18 bytes).
    Removing stm32f10x_tim.o(i.TIM_ForcedOC4Config), (26 bytes).
    Removing stm32f10x_tim.o(i.TIM_GenerateEvent), (4 bytes).
    Removing stm32f10x_tim.o(i.TIM_GetCapture1), (6 bytes).
    Removing stm32f10x_tim.o(i.TIM_GetCapture2), (6 bytes).
    Removing stm32f10x_tim.o(i.TIM_GetCapture3), (6 bytes).
    Removing stm32f10x_tim.o(i.TIM_GetCapture4), (8 bytes).
    Removing stm32f10x_tim.o(i.TIM_GetFlagStatus), (18 bytes).
    Removing stm32f10x_tim.o(i.TIM_GetPrescaler), (6 bytes).
    Removing stm32f10x_tim.o(i.TIM_ICStructInit), (18 bytes).
    Removing stm32f10x_tim.o(i.TIM_ITRxExternalClockConfig), (24 bytes).
    Removing stm32f10x_tim.o(i.TIM_InternalClockConfig), (12 bytes).
    Removing stm32f10x_tim.o(i.TIM_OC1FastConfig), (18 bytes).
    Removing stm32f10x_tim.o(i.TIM_OC1Init), (152 bytes).
    Removing stm32f10x_tim.o(i.TIM_OC1NPolarityConfig), (18 bytes).
    Removing stm32f10x_tim.o(i.TIM_OC1PolarityConfig), (18 bytes).
    Removing stm32f10x_tim.o(i.TIM_OC1PreloadConfig), (18 bytes).
    Removing stm32f10x_tim.o(i.TIM_OC2FastConfig), (26 bytes).
    Removing stm32f10x_tim.o(i.TIM_OC2Init), (164 bytes).
    Removing stm32f10x_tim.o(i.TIM_OC2NPolarityConfig), (26 bytes).
    Removing stm32f10x_tim.o(i.TIM_OC2PolarityConfig), (26 bytes).
    Removing stm32f10x_tim.o(i.TIM_OC2PreloadConfig), (26 bytes).
    Removing stm32f10x_tim.o(i.TIM_OC3FastConfig), (18 bytes).
    Removing stm32f10x_tim.o(i.TIM_OC3NPolarityConfig), (26 bytes).
    Removing stm32f10x_tim.o(i.TIM_OC3PolarityConfig), (26 bytes).
    Removing stm32f10x_tim.o(i.TIM_OC4FastConfig), (26 bytes).
    Removing stm32f10x_tim.o(i.TIM_OC4Init), (124 bytes).
    Removing stm32f10x_tim.o(i.TIM_OC4PolarityConfig), (26 bytes).
    Removing stm32f10x_tim.o(i.TIM_OC4PreloadConfig), (26 bytes).
    Removing stm32f10x_tim.o(i.TIM_OCStructInit), (20 bytes).
    Removing stm32f10x_tim.o(i.TIM_PWMIConfig), (124 bytes).
    Removing stm32f10x_tim.o(i.TIM_PrescalerConfig), (6 bytes).
    Removing stm32f10x_tim.o(i.TIM_SelectCCDMA), (24 bytes).
    Removing stm32f10x_tim.o(i.TIM_SelectCOM), (24 bytes).
    Removing stm32f10x_tim.o(i.TIM_SelectHallSensor), (24 bytes).
    Removing stm32f10x_tim.o(i.TIM_SelectInputTrigger), (18 bytes).
    Removing stm32f10x_tim.o(i.TIM_SelectMasterSlaveMode), (18 bytes).
    Removing stm32f10x_tim.o(i.TIM_SelectOCxM), (82 bytes).
    Removing stm32f10x_tim.o(i.TIM_SelectOnePulseMode), (18 bytes).
    Removing stm32f10x_tim.o(i.TIM_SelectOutputTrigger), (18 bytes).
    Removing stm32f10x_tim.o(i.TIM_SelectSlaveMode), (18 bytes).
    Removing stm32f10x_tim.o(i.TIM_SetAutoreload), (4 bytes).
    Removing stm32f10x_tim.o(i.TIM_SetClockDivision), (18 bytes).
    Removing stm32f10x_tim.o(i.TIM_SetCompare1), (4 bytes).
    Removing stm32f10x_tim.o(i.TIM_SetCompare2), (4 bytes).
    Removing stm32f10x_tim.o(i.TIM_SetCompare3), (4 bytes).
    Removing stm32f10x_tim.o(i.TIM_SetCompare4), (6 bytes).
    Removing stm32f10x_tim.o(i.TIM_TIxExternalClockConfig), (62 bytes).
    Removing stm32f10x_tim.o(i.TIM_TimeBaseStructInit), (18 bytes).
    Removing stm32f10x_tim.o(i.TIM_UpdateDisableConfig), (24 bytes).
    Removing stm32f10x_tim.o(i.TIM_UpdateRequestConfig), (24 bytes).
    Removing stm32f10x_usart.o(i.USART_ClearITPendingBit), (30 bytes).
    Removing stm32f10x_usart.o(i.USART_ClockInit), (34 bytes).
    Removing stm32f10x_usart.o(i.USART_ClockStructInit), (12 bytes).
    Removing stm32f10x_usart.o(i.USART_DMACmd), (18 bytes).
    Removing stm32f10x_usart.o(i.USART_GetFlagStatus), (26 bytes).
    Removing stm32f10x_usart.o(i.USART_GetITStatus), (84 bytes).
    Removing stm32f10x_usart.o(i.USART_HalfDuplexCmd), (24 bytes).
    Removing stm32f10x_usart.o(i.USART_IrDACmd), (24 bytes).
    Removing stm32f10x_usart.o(i.USART_IrDAConfig), (18 bytes).
    Removing stm32f10x_usart.o(i.USART_LINBreakDetectLengthConfig), (18 bytes).
    Removing stm32f10x_usart.o(i.USART_LINCmd), (24 bytes).
    Removing stm32f10x_usart.o(i.USART_OneBitMethodCmd), (24 bytes).
    Removing stm32f10x_usart.o(i.USART_OverSampling8Cmd), (22 bytes).
    Removing stm32f10x_usart.o(i.USART_ReceiveData), (10 bytes).
    Removing stm32f10x_usart.o(i.USART_ReceiverWakeUpCmd), (24 bytes).
    Removing stm32f10x_usart.o(i.USART_SendBreak), (10 bytes).
    Removing stm32f10x_usart.o(i.USART_SendData), (8 bytes).
    Removing stm32f10x_usart.o(i.USART_SetAddress), (18 bytes).
    Removing stm32f10x_usart.o(i.USART_SetGuardTime), (16 bytes).
    Removing stm32f10x_usart.o(i.USART_SetPrescaler), (16 bytes).
    Removing stm32f10x_usart.o(i.USART_SmartCardCmd), (24 bytes).
    Removing stm32f10x_usart.o(i.USART_SmartCardNACKCmd), (24 bytes).
    Removing stm32f10x_usart.o(i.USART_StructInit), (24 bytes).
    Removing stm32f10x_usart.o(i.USART_WakeUpConfig), (18 bytes).
    Removing stm32f10x_wwdg.o(i.WWDG_ClearFlag), (12 bytes).
    Removing stm32f10x_wwdg.o(i.WWDG_DeInit), (22 bytes).
    Removing stm32f10x_wwdg.o(i.WWDG_Enable), (16 bytes).
    Removing stm32f10x_wwdg.o(i.WWDG_EnableIT), (12 bytes).
    Removing stm32f10x_wwdg.o(i.WWDG_GetFlagStatus), (12 bytes).
    Removing stm32f10x_wwdg.o(i.WWDG_SetCounter), (16 bytes).
    Removing stm32f10x_wwdg.o(i.WWDG_SetPrescaler), (24 bytes).
    Removing stm32f10x_wwdg.o(i.WWDG_SetWindowValue), (40 bytes).
    Removing startup_stm32f10x_md.o(HEAP), (512 bytes).
    Removing dc_motor_control.o(i.Run_Motor), (36 bytes).
    Removing dc_motor_control.o(i.Stop_Motor_no_BRA), (28 bytes).
    Removing delay.o(i.delay_ms), (34 bytes).
    Removing delay.o(i.delay_us), (36 bytes).
    Removing gpio_configuration.o(i.Test_BlinkingLed), (100 bytes).
    Removing liquidcrystal_i2c.o(i.Delete_LCD), (16 bytes).
    Removing usart_serial.o(i.USARTx_GetChar), (30 bytes).
    Removing usart_serial.o(i.USARTx_GetString), (26 bytes).
    Removing usart_serial.o(i.USARTx_SendChar), (30 bytes).
    Removing usart_serial.o(i.USARTx_SendString), (26 bytes).
    Removing usart_serial.o(i.__io_putchar), (36 bytes).
    Removing dfixul.o(.text), (48 bytes).
    Removing cdrcmple.o(.text), (48 bytes).

439 unused section(s) (total 16620 bytes) removed from the image.

==============================================================================

Image Symbol Table

    Local Symbols

    Symbol Name                              Value     Ov Type        Size  Object(Section)

    ../clib/microlib/division.c              0x00000000   Number         0  uldiv.o ABSOLUTE
    ../clib/microlib/division.c              0x00000000   Number         0  uidiv.o ABSOLUTE
    ../clib/microlib/init/entry.s            0x00000000   Number         0  entry2.o ABSOLUTE
    ../clib/microlib/init/entry.s            0x00000000   Number         0  entry5.o ABSOLUTE
    ../clib/microlib/init/entry.s            0x00000000   Number         0  entry7a.o ABSOLUTE
    ../clib/microlib/init/entry.s            0x00000000   Number         0  entry7b.o ABSOLUTE
    ../clib/microlib/init/entry.s            0x00000000   Number         0  entry11a.o ABSOLUTE
    ../clib/microlib/init/entry.s            0x00000000   Number         0  entry.o ABSOLUTE
    ../clib/microlib/init/entry.s            0x00000000   Number         0  entry8b.o ABSOLUTE
    ../clib/microlib/init/entry.s            0x00000000   Number         0  entry9a.o ABSOLUTE
    ../clib/microlib/init/entry.s            0x00000000   Number         0  entry8a.o ABSOLUTE
    ../clib/microlib/init/entry.s            0x00000000   Number         0  entry9b.o ABSOLUTE
    ../clib/microlib/init/entry.s            0x00000000   Number         0  entry10a.o ABSOLUTE
    ../clib/microlib/init/entry.s            0x00000000   Number         0  entry10b.o ABSOLUTE
    ../clib/microlib/init/entry.s            0x00000000   Number         0  entry11b.o ABSOLUTE
    ../clib/microlib/longlong.c              0x00000000   Number         0  llsshr.o ABSOLUTE
    ../clib/microlib/longlong.c              0x00000000   Number         0  llushr.o ABSOLUTE
    ../clib/microlib/longlong.c              0x00000000   Number         0  llshl.o ABSOLUTE
    ../clib/microlib/printf/printf.c         0x00000000   Number         0  printf8.o ABSOLUTE
    ../clib/microlib/printf/printf.c         0x00000000   Number         0  printf7.o ABSOLUTE
    ../clib/microlib/printf/printf.c         0x00000000   Number         0  printf6.o ABSOLUTE
    ../clib/microlib/printf/printf.c         0x00000000   Number         0  printf5.o ABSOLUTE
    ../clib/microlib/printf/printf.c         0x00000000   Number         0  printf4.o ABSOLUTE
    ../clib/microlib/printf/printf.c         0x00000000   Number         0  printf3.o ABSOLUTE
    ../clib/microlib/printf/printf.c         0x00000000   Number         0  printf2.o ABSOLUTE
    ../clib/microlib/printf/printf.c         0x00000000   Number         0  printf1.o ABSOLUTE
    ../clib/microlib/printf/printf.c         0x00000000   Number         0  printf0.o ABSOLUTE
    ../clib/microlib/printf/printf.c         0x00000000   Number         0  printfb.o ABSOLUTE
    ../clib/microlib/printf/printf.c         0x00000000   Number         0  printfa.o ABSOLUTE
    ../clib/microlib/printf/stubs.s          0x00000000   Number         0  stubs.o ABSOLUTE
    ../clib/microlib/stdio/fputc.c           0x00000000   Number         0  fputc.o ABSOLUTE
    ../clib/microlib/stdio/semi.s            0x00000000   Number         0  semi.o ABSOLUTE
    ../clib/microlib/stdio/streams.c         0x00000000   Number         0  stdout.o ABSOLUTE
    ../clib/microlib/stubs.s                 0x00000000   Number         0  iusefp.o ABSOLUTE
    ../clib/microlib/stubs.s                 0x00000000   Number         0  iusesemip.o ABSOLUTE
    ../fplib/microlib/fpadd.c                0x00000000   Number         0  dadd.o ABSOLUTE
    ../fplib/microlib/fpdiv.c                0x00000000   Number         0  ddiv.o ABSOLUTE
    ../fplib/microlib/fpepilogue.c           0x00000000   Number         0  depilogue.o ABSOLUTE
    ../fplib/microlib/fpepilogue.c           0x00000000   Number         0  fepilogue.o ABSOLUTE
    ../fplib/microlib/fpfix.c                0x00000000   Number         0  dfixul.o ABSOLUTE
    ../fplib/microlib/fpfix.c                0x00000000   Number         0  ffixui.o ABSOLUTE
    ../fplib/microlib/fpfix.c                0x00000000   Number         0  dfixi.o ABSOLUTE
    ../fplib/microlib/fpflt.c                0x00000000   Number         0  fflti.o ABSOLUTE
    ../fplib/microlib/fpflt.c                0x00000000   Number         0  dflti.o ABSOLUTE
    ../fplib/microlib/fpmul.c                0x00000000   Number         0  dmul.o ABSOLUTE
    ..\Libraries\CMSIS\CoreSupport\core_cm3.c 0x00000000   Number         0  core_cm3.o ABSOLUTE
    ..\Libraries\CMSIS\DeviceSupport\ST\STM32F10x\startup\arm\startup_stm32f10x_md.s 0x00000000   Number         0  startup_stm32f10x_md.o ABSOLUTE
    ..\Libraries\STM32F10x_StdPeriph_Driver\src\misc.c 0x00000000   Number         0  misc.o ABSOLUTE
    ..\Libraries\STM32F10x_StdPeriph_Driver\src\stm32f10x_adc.c 0x00000000   Number         0  stm32f10x_adc.o ABSOLUTE
    ..\Libraries\STM32F10x_StdPeriph_Driver\src\stm32f10x_bkp.c 0x00000000   Number         0  stm32f10x_bkp.o ABSOLUTE
    ..\Libraries\STM32F10x_StdPeriph_Driver\src\stm32f10x_can.c 0x00000000   Number         0  stm32f10x_can.o ABSOLUTE
    ..\Libraries\STM32F10x_StdPeriph_Driver\src\stm32f10x_cec.c 0x00000000   Number         0  stm32f10x_cec.o ABSOLUTE
    ..\Libraries\STM32F10x_StdPeriph_Driver\src\stm32f10x_crc.c 0x00000000   Number         0  stm32f10x_crc.o ABSOLUTE
    ..\Libraries\STM32F10x_StdPeriph_Driver\src\stm32f10x_dac.c 0x00000000   Number         0  stm32f10x_dac.o ABSOLUTE
    ..\Libraries\STM32F10x_StdPeriph_Driver\src\stm32f10x_dbgmcu.c 0x00000000   Number         0  stm32f10x_dbgmcu.o ABSOLUTE
    ..\Libraries\STM32F10x_StdPeriph_Driver\src\stm32f10x_dma.c 0x00000000   Number         0  stm32f10x_dma.o ABSOLUTE
    ..\Libraries\STM32F10x_StdPeriph_Driver\src\stm32f10x_exti.c 0x00000000   Number         0  stm32f10x_exti.o ABSOLUTE
    ..\Libraries\STM32F10x_StdPeriph_Driver\src\stm32f10x_flash.c 0x00000000   Number         0  stm32f10x_flash.o ABSOLUTE
    ..\Libraries\STM32F10x_StdPeriph_Driver\src\stm32f10x_fsmc.c 0x00000000   Number         0  stm32f10x_fsmc.o ABSOLUTE
    ..\Libraries\STM32F10x_StdPeriph_Driver\src\stm32f10x_gpio.c 0x00000000   Number         0  stm32f10x_gpio.o ABSOLUTE
    ..\Libraries\STM32F10x_StdPeriph_Driver\src\stm32f10x_i2c.c 0x00000000   Number         0  stm32f10x_i2c.o ABSOLUTE
    ..\Libraries\STM32F10x_StdPeriph_Driver\src\stm32f10x_iwdg.c 0x00000000   Number         0  stm32f10x_iwdg.o ABSOLUTE
    ..\Libraries\STM32F10x_StdPeriph_Driver\src\stm32f10x_pwr.c 0x00000000   Number         0  stm32f10x_pwr.o ABSOLUTE
    ..\Libraries\STM32F10x_StdPeriph_Driver\src\stm32f10x_rcc.c 0x00000000   Number         0  stm32f10x_rcc.o ABSOLUTE
    ..\Libraries\STM32F10x_StdPeriph_Driver\src\stm32f10x_rtc.c 0x00000000   Number         0  stm32f10x_rtc.o ABSOLUTE
    ..\Libraries\STM32F10x_StdPeriph_Driver\src\stm32f10x_sdio.c 0x00000000   Number         0  stm32f10x_sdio.o ABSOLUTE
    ..\Libraries\STM32F10x_StdPeriph_Driver\src\stm32f10x_spi.c 0x00000000   Number         0  stm32f10x_spi.o ABSOLUTE
    ..\Libraries\STM32F10x_StdPeriph_Driver\src\stm32f10x_tim.c 0x00000000   Number         0  stm32f10x_tim.o ABSOLUTE
    ..\Libraries\STM32F10x_StdPeriph_Driver\src\stm32f10x_usart.c 0x00000000   Number         0  stm32f10x_usart.o ABSOLUTE
    ..\Libraries\STM32F10x_StdPeriph_Driver\src\stm32f10x_wwdg.c 0x00000000   Number         0  stm32f10x_wwdg.o ABSOLUTE
    ..\Source\Source_DIY\src\ButControl.c    0x00000000   Number         0  butcontrol.o ABSOLUTE
    ..\Source\Source_DIY\src\DC_Motor_Control.c 0x00000000   Number         0  dc_motor_control.o ABSOLUTE
    ..\Source\Source_DIY\src\Encoder_Configuration.c 0x00000000   Number         0  encoder_configuration.o ABSOLUTE
    ..\Source\Source_DIY\src\FB_Control.c    0x00000000   Number         0  fb_control.o ABSOLUTE
    ..\Source\Source_DIY\src\GPIO_Configuration.c 0x00000000   Number         0  gpio_configuration.o ABSOLUTE
    ..\Source\Source_DIY\src\LiquidCrystal_I2C.c 0x00000000   Number         0  liquidcrystal_i2c.o ABSOLUTE
    ..\Source\Source_DIY\src\Usart_serial.c  0x00000000   Number         0  usart_serial.o ABSOLUTE
    ..\Source\Source_DIY\src\delay.c         0x00000000   Number         0  delay.o ABSOLUTE
    ..\Source\main.c                         0x00000000   Number         0  main.o ABSOLUTE
    ..\Source\stm32f10x_it.c                 0x00000000   Number         0  stm32f10x_it.o ABSOLUTE
    ..\Source\system_stm32f10x.c             0x00000000   Number         0  system_stm32f10x.o ABSOLUTE
    ..\\Libraries\\CMSIS\\CoreSupport\\core_cm3.c 0x00000000   Number         0  core_cm3.o ABSOLUTE
    cdrcmple.s                               0x00000000   Number         0  cdrcmple.o ABSOLUTE
    dc.s                                     0x00000000   Number         0  dc.o ABSOLUTE
    handlers.s                               0x00000000   Number         0  handlers.o ABSOLUTE
    init.s                                   0x00000000   Number         0  init.o ABSOLUTE
    RESET                                    0x08000000   Section      236  startup_stm32f10x_md.o(RESET)
    .ARM.Collect$$$$00000000                 0x080000ec   Section        0  entry.o(.ARM.Collect$$$$00000000)
    .ARM.Collect$$$$00000001                 0x080000ec   Section        4  entry2.o(.ARM.Collect$$$$00000001)
    .ARM.Collect$$$$00000004                 0x080000f0   Section        4  entry5.o(.ARM.Collect$$$$00000004)
    .ARM.Collect$$$$00000008                 0x080000f4   Section        0  entry7b.o(.ARM.Collect$$$$00000008)
    .ARM.Collect$$$$0000000A                 0x080000f4   Section        0  entry8b.o(.ARM.Collect$$$$0000000A)
    .ARM.Collect$$$$0000000B                 0x080000f4   Section        8  entry9a.o(.ARM.Collect$$$$0000000B)
    .ARM.Collect$$$$0000000D                 0x080000fc   Section        0  entry10a.o(.ARM.Collect$$$$0000000D)
    .ARM.Collect$$$$0000000F                 0x080000fc   Section        0  entry11a.o(.ARM.Collect$$$$0000000F)
    .ARM.Collect$$$$00002712                 0x080000fc   Section        4  entry2.o(.ARM.Collect$$$$00002712)
    __lit__00000000                          0x080000fc   Data           4  entry2.o(.ARM.Collect$$$$00002712)
    .text                                    0x08000100   Section       36  startup_stm32f10x_md.o(.text)
    .text                                    0x08000124   Section        0  dadd.o(.text)
    .text                                    0x08000272   Section        0  dmul.o(.text)
    .text                                    0x08000356   Section        0  ddiv.o(.text)
    .text                                    0x08000434   Section        0  fflti.o(.text)
    .text                                    0x08000446   Section        0  dflti.o(.text)
    .text                                    0x08000468   Section        0  ffixui.o(.text)
    .text                                    0x08000490   Section        0  dfixi.o(.text)
    .text                                    0x080004ce   Section        0  uidiv.o(.text)
    .text                                    0x080004fa   Section        0  llshl.o(.text)
    .text                                    0x08000518   Section        0  llushr.o(.text)
    .text                                    0x08000538   Section        0  llsshr.o(.text)
    .text                                    0x0800055c   Section        0  fepilogue.o(.text)
    .text                                    0x0800055c   Section        0  iusefp.o(.text)
    .text                                    0x080005ca   Section        0  depilogue.o(.text)
    .text                                    0x08000684   Section       36  init.o(.text)
    i.BusFault_Handler                       0x080006a8   Section        0  stm32f10x_it.o(i.BusFault_Handler)
    i.DebugMon_Handler                       0x080006ac   Section        0  stm32f10x_it.o(i.DebugMon_Handler)
    i.Delay_msST                             0x080006b0   Section        0  delay.o(i.Delay_msST)
    i.EXTI4_Configuration                    0x080006c4   Section        0  butcontrol.o(i.EXTI4_Configuration)
    i.EXTI4_IRQHandler                       0x08000718   Section        0  butcontrol.o(i.EXTI4_IRQHandler)
    i.EXTI9_5_Configuration                  0x08000744   Section        0  butcontrol.o(i.EXTI9_5_Configuration)
    i.EXTI9_5_IRQHandler                     0x080007f4   Section        0  butcontrol.o(i.EXTI9_5_IRQHandler)
    i.EXTI_ClearITPendingBit                 0x08000858   Section        0  stm32f10x_exti.o(i.EXTI_ClearITPendingBit)
    i.EXTI_GetITStatus                       0x08000864   Section        0  stm32f10x_exti.o(i.EXTI_GetITStatus)
    i.EXTI_Init                              0x0800088c   Section        0  stm32f10x_exti.o(i.EXTI_Init)
    i.Encoder_Pin_Configuraton               0x08000920   Section        0  gpio_configuration.o(i.Encoder_Pin_Configuraton)
    i.Encoder_Reading                        0x08000948   Section        0  fb_control.o(i.Encoder_Reading)
    i.Encoder_Reading_Configuration          0x080009d8   Section        0  encoder_configuration.o(i.Encoder_Reading_Configuration)
    i.Encoder_System_Configuration           0x08000a38   Section        0  encoder_configuration.o(i.Encoder_System_Configuration)
    i.FB_Control                             0x08000ab8   Section        0  fb_control.o(i.FB_Control)
    i.FB_Control_PID                         0x08000af4   Section        0  fb_control.o(i.FB_Control_PID)
    i.GPIO_EXTILineConfig                    0x08000c38   Section        0  stm32f10x_gpio.o(i.GPIO_EXTILineConfig)
    i.GPIO_Init                              0x08000c78   Section        0  stm32f10x_gpio.o(i.GPIO_Init)
    i.GPIO_LED_Test                          0x08000d90   Section        0  gpio_configuration.o(i.GPIO_LED_Test)
    i.GPIO_ReadInputDataBit                  0x08000ddc   Section        0  stm32f10x_gpio.o(i.GPIO_ReadInputDataBit)
    i.GPIO_ResetBits                         0x08000dee   Section        0  stm32f10x_gpio.o(i.GPIO_ResetBits)
    i.GPIO_SetBits                           0x08000df2   Section        0  stm32f10x_gpio.o(i.GPIO_SetBits)
    i.GPIO_USART_Configuration               0x08000df8   Section        0  gpio_configuration.o(i.GPIO_USART_Configuration)
    i.GPIO_WriteBit                          0x08000e48   Section        0  stm32f10x_gpio.o(i.GPIO_WriteBit)
    i.HardFault_Handler                      0x08000e52   Section        0  stm32f10x_it.o(i.HardFault_Handler)
    i.I2C_CheckEvent                         0x08000e56   Section        0  stm32f10x_i2c.o(i.I2C_CheckEvent)
    i.I2C_Cmd                                0x08000e80   Section        0  stm32f10x_i2c.o(i.I2C_Cmd)
    i.I2C_GenerateSTART                      0x08000e98   Section        0  stm32f10x_i2c.o(i.I2C_GenerateSTART)
    i.I2C_GenerateSTOP                       0x08000eb0   Section        0  stm32f10x_i2c.o(i.I2C_GenerateSTOP)
    i.I2C_Init                               0x08000ec8   Section        0  stm32f10x_i2c.o(i.I2C_Init)
    i.I2C_LCD_Configuration                  0x08000fb4   Section        0  liquidcrystal_i2c.o(i.I2C_LCD_Configuration)
    i.I2C_Send7bitAddress                    0x0800101c   Section        0  stm32f10x_i2c.o(i.I2C_Send7bitAddress)
    i.I2C_SendData                           0x0800102e   Section        0  stm32f10x_i2c.o(i.I2C_SendData)
    i.Keypad_Getkey                          0x08001034   Section        0  butcontrol.o(i.Keypad_Getkey)
    i.MemManage_Handler                      0x080010a8   Section        0  stm32f10x_it.o(i.MemManage_Handler)
    i.Motor_Pin_Configuration                0x080010ac   Section        0  gpio_configuration.o(i.Motor_Pin_Configuration)
    i.NMI_Handler                            0x080010f4   Section        0  stm32f10x_it.o(i.NMI_Handler)
    i.NVIC_Configuration                     0x080010f8   Section        0  encoder_configuration.o(i.NVIC_Configuration)
    i.NVIC_Init                              0x08001168   Section        0  misc.o(i.NVIC_Init)
    i.NVIC_PriorityGroupConfig               0x080011d8   Section        0  misc.o(i.NVIC_PriorityGroupConfig)
    i.PWM_Configuration                      0x080011ec   Section        0  dc_motor_control.o(i.PWM_Configuration)
    i.PWM_update                             0x08001248   Section        0  dc_motor_control.o(i.PWM_update)
    i.PendSV_Handler                         0x08001288   Section        0  stm32f10x_it.o(i.PendSV_Handler)
    i.RCC_APB1PeriphClockCmd                 0x0800128c   Section        0  stm32f10x_rcc.o(i.RCC_APB1PeriphClockCmd)
    i.RCC_APB1PeriphResetCmd                 0x080012ac   Section        0  stm32f10x_rcc.o(i.RCC_APB1PeriphResetCmd)
    i.RCC_APB2PeriphClockCmd                 0x080012cc   Section        0  stm32f10x_rcc.o(i.RCC_APB2PeriphClockCmd)
    i.RCC_APB2PeriphResetCmd                 0x080012ec   Section        0  stm32f10x_rcc.o(i.RCC_APB2PeriphResetCmd)
    i.RCC_GetClocksFreq                      0x0800130c   Section        0  stm32f10x_rcc.o(i.RCC_GetClocksFreq)
    i.SVC_Handler                            0x080013e0   Section        0  stm32f10x_it.o(i.SVC_Handler)
    i.SetSysClock                            0x080013e2   Section        0  system_stm32f10x.o(i.SetSysClock)
    SetSysClock                              0x080013e3   Thumb Code     8  system_stm32f10x.o(i.SetSysClock)
    i.SetSysClockTo72                        0x080013ec   Section        0  system_stm32f10x.o(i.SetSysClockTo72)
    SetSysClockTo72                          0x080013ed   Thumb Code   214  system_stm32f10x.o(i.SetSysClockTo72)
    i.Stop_Motor_BRA                         0x080014cc   Section        0  dc_motor_control.o(i.Stop_Motor_BRA)
    i.SysTick_Handler                        0x080014f0   Section        0  stm32f10x_it.o(i.SysTick_Handler)
    i.SystemInit                             0x08001500   Section        0  system_stm32f10x.o(i.SystemInit)
    i.TI1_Config                             0x08001560   Section        0  stm32f10x_tim.o(i.TI1_Config)
    TI1_Config                               0x08001561   Thumb Code   108  stm32f10x_tim.o(i.TI1_Config)
    i.TI2_Config                             0x080015e0   Section        0  stm32f10x_tim.o(i.TI2_Config)
    TI2_Config                               0x080015e1   Thumb Code   130  stm32f10x_tim.o(i.TI2_Config)
    i.TI3_Config                             0x08001678   Section        0  stm32f10x_tim.o(i.TI3_Config)
    TI3_Config                               0x08001679   Thumb Code   122  stm32f10x_tim.o(i.TI3_Config)
    i.TI4_Config                             0x08001708   Section        0  stm32f10x_tim.o(i.TI4_Config)
    TI4_Config                               0x08001709   Thumb Code   130  stm32f10x_tim.o(i.TI4_Config)
    i.TIM2_IRQHandler                        0x080017a0   Section        0  fb_control.o(i.TIM2_IRQHandler)
    i.TIM3_IRQHandler                        0x080017c4   Section        0  fb_control.o(i.TIM3_IRQHandler)
    i.TIM4_IRQHandler                        0x080017ec   Section        0  fb_control.o(i.TIM4_IRQHandler)
    i.TIM_ARRPreloadConfig                   0x08001820   Section        0  stm32f10x_tim.o(i.TIM_ARRPreloadConfig)
    i.TIM_ClearFlag                          0x08001838   Section        0  stm32f10x_tim.o(i.TIM_ClearFlag)
    i.TIM_Cmd                                0x0800183e   Section        0  stm32f10x_tim.o(i.TIM_Cmd)
    i.TIM_DeInit                             0x08001858   Section        0  stm32f10x_tim.o(i.TIM_DeInit)
    i.TIM_EncoderInterfaceConfig             0x08001a40   Section        0  stm32f10x_tim.o(i.TIM_EncoderInterfaceConfig)
    i.TIM_GetCounter                         0x08001a82   Section        0  stm32f10x_tim.o(i.TIM_GetCounter)
    i.TIM_GetITStatus                        0x08001a88   Section        0  stm32f10x_tim.o(i.TIM_GetITStatus)
    i.TIM_ICInit                             0x08001aac   Section        0  stm32f10x_tim.o(i.TIM_ICInit)
    i.TIM_ITConfig                           0x08001b58   Section        0  stm32f10x_tim.o(i.TIM_ITConfig)
    i.TIM_OC3Init                            0x08001b6c   Section        0  stm32f10x_tim.o(i.TIM_OC3Init)
    i.TIM_OC3PreloadConfig                   0x08001c0c   Section        0  stm32f10x_tim.o(i.TIM_OC3PreloadConfig)
    i.TIM_SetCounter                         0x08001c1e   Section        0  stm32f10x_tim.o(i.TIM_SetCounter)
    i.TIM_SetIC1Prescaler                    0x08001c22   Section        0  stm32f10x_tim.o(i.TIM_SetIC1Prescaler)
    i.TIM_SetIC2Prescaler                    0x08001c34   Section        0  stm32f10x_tim.o(i.TIM_SetIC2Prescaler)
    i.TIM_SetIC3Prescaler                    0x08001c4e   Section        0  stm32f10x_tim.o(i.TIM_SetIC3Prescaler)
    i.TIM_SetIC4Prescaler                    0x08001c60   Section        0  stm32f10x_tim.o(i.TIM_SetIC4Prescaler)
    i.TIM_TimeBaseInit                       0x08001c7c   Section        0  stm32f10x_tim.o(i.TIM_TimeBaseInit)
    i.USART_ClearFlag                        0x08001d20   Section        0  stm32f10x_usart.o(i.USART_ClearFlag)
    i.USART_Cmd                              0x08001d32   Section        0  stm32f10x_usart.o(i.USART_Cmd)
    i.USART_DeInit                           0x08001d4c   Section        0  stm32f10x_usart.o(i.USART_DeInit)
    i.USART_ITConfig                         0x08001de8   Section        0  stm32f10x_usart.o(i.USART_ITConfig)
    i.USART_Init                             0x08001e34   Section        0  stm32f10x_usart.o(i.USART_Init)
    i.USARTx_Configuration                   0x08001f0c   Section        0  usart_serial.o(i.USARTx_Configuration)
    i.UsageFault_Handler                     0x08001fb0   Section        0  stm32f10x_it.o(i.UsageFault_Handler)
    i.__0sprintf$1                           0x08001fb4   Section        0  printf1.o(i.__0sprintf$1)
    i.__scatterload_copy                     0x08001fdc   Section       14  handlers.o(i.__scatterload_copy)
    i.__scatterload_null                     0x08001fea   Section        2  handlers.o(i.__scatterload_null)
    i.__scatterload_zeroinit                 0x08001fec   Section       14  handlers.o(i.__scatterload_zeroinit)
    i._printf_core                           0x08001ffc   Section        0  printf1.o(i._printf_core)
    _printf_core                             0x08001ffd   Thumb Code   336  printf1.o(i._printf_core)
    i._sputc                                 0x08002150   Section        0  printf1.o(i._sputc)
    _sputc                                   0x08002151   Thumb Code    10  printf1.o(i._sputc)
    i.lcd_Control_Write                      0x0800215a   Section        0  liquidcrystal_i2c.o(i.lcd_Control_Write)
    i.lcd_Data_Write                         0x0800219c   Section        0  liquidcrystal_i2c.o(i.lcd_Data_Write)
    i.lcd_Write_byte                         0x080021e4   Section        0  liquidcrystal_i2c.o(i.lcd_Write_byte)
    i.lcd_goto_XY                            0x08002244   Section        0  liquidcrystal_i2c.o(i.lcd_goto_XY)
    i.lcd_init                               0x0800226a   Section        0  liquidcrystal_i2c.o(i.lcd_init)
    i.lcd_send_string                        0x080022c2   Section        0  liquidcrystal_i2c.o(i.lcd_send_string)
    i.main                                   0x080022d8   Section        0  main.o(i.main)
    .data                                    0x20000000   Section       50  main.o(.data)
    .data                                    0x20000034   Section       20  system_stm32f10x.o(.data)
    .data                                    0x20000048   Section       20  stm32f10x_rcc.o(.data)
    APBAHBPrescTable                         0x20000048   Data          16  stm32f10x_rcc.o(.data)
    ADCPrescTable                            0x20000058   Data           4  stm32f10x_rcc.o(.data)
    .data                                    0x2000005c   Section       20  butcontrol.o(.data)
    .data                                    0x20000070   Section        4  delay.o(.data)
    .data                                    0x20000078   Section       80  fb_control.o(.data)
    .bss                                     0x200000c8   Section      132  main.o(.bss)
    STACK                                    0x20000150   Section     1024  startup_stm32f10x_md.o(STACK)

    Global Symbols

    Symbol Name                              Value     Ov Type        Size  Object(Section)

    BuildAttributes$$THM_ISAv4$P$D$K$B$S$PE$A:L22UL41UL21$X:L11$S22US41US21$IEEE1$IW$USESV6$~STKCKD$USESV7$~SHL$OTIME$ROPI$EBA8$MICROLIB$REQ8$PRES8$EABIv2 0x00000000   Number         0  anon$$obj.o ABSOLUTE
    __ARM_use_no_argv                        0x00000000   Number         0  main.o ABSOLUTE
    _printf_a                                0x00000000   Number         0  stubs.o ABSOLUTE
    _printf_c                                0x00000000   Number         0  stubs.o ABSOLUTE
    _printf_charcount                        0x00000000   Number         0  stubs.o ABSOLUTE
    _printf_d                                0x00000000   Number         0  stubs.o ABSOLUTE
    _printf_e                                0x00000000   Number         0  stubs.o ABSOLUTE
    _printf_f                                0x00000000   Number         0  stubs.o ABSOLUTE
    _printf_flags                            0x00000000   Number         0  stubs.o ABSOLUTE
    _printf_fp_dec                           0x00000000   Number         0  stubs.o ABSOLUTE
    _printf_fp_hex                           0x00000000   Number         0  stubs.o ABSOLUTE
    _printf_g                                0x00000000   Number         0  stubs.o ABSOLUTE
    _printf_i                                0x00000000   Number         0  stubs.o ABSOLUTE
    _printf_int_dec                          0x00000000   Number         0  stubs.o ABSOLUTE
    _printf_l                                0x00000000   Number         0  stubs.o ABSOLUTE
    _printf_lc                               0x00000000   Number         0  stubs.o ABSOLUTE
    _printf_ll                               0x00000000   Number         0  stubs.o ABSOLUTE
    _printf_lld                              0x00000000   Number         0  stubs.o ABSOLUTE
    _printf_lli                              0x00000000   Number         0  stubs.o ABSOLUTE
    _printf_llo                              0x00000000   Number         0  stubs.o ABSOLUTE
    _printf_llu                              0x00000000   Number         0  stubs.o ABSOLUTE
    _printf_llx                              0x00000000   Number         0  stubs.o ABSOLUTE
    _printf_longlong_dec                     0x00000000   Number         0  stubs.o ABSOLUTE
    _printf_longlong_hex                     0x00000000   Number         0  stubs.o ABSOLUTE
    _printf_longlong_oct                     0x00000000   Number         0  stubs.o ABSOLUTE
    _printf_ls                               0x00000000   Number         0  stubs.o ABSOLUTE
    _printf_mbtowc                           0x00000000   Number         0  stubs.o ABSOLUTE
    _printf_n                                0x00000000   Number         0  stubs.o ABSOLUTE
    _printf_o                                0x00000000   Number         0  stubs.o ABSOLUTE
    _printf_p                                0x00000000   Number         0  stubs.o ABSOLUTE
    _printf_percent                          0x00000000   Number         0  stubs.o ABSOLUTE
    _printf_pre_padding                      0x00000000   Number         0  stubs.o ABSOLUTE
    _printf_return_value                     0x00000000   Number         0  stubs.o ABSOLUTE
    _printf_s                                0x00000000   Number         0  stubs.o ABSOLUTE
    _printf_sizespec                         0x00000000   Number         0  stubs.o ABSOLUTE
    _printf_str                              0x00000000   Number         0  stubs.o ABSOLUTE
    _printf_truncate_signed                  0x00000000   Number         0  stubs.o ABSOLUTE
    _printf_truncate_unsigned                0x00000000   Number         0  stubs.o ABSOLUTE
    _printf_u                                0x00000000   Number         0  stubs.o ABSOLUTE
    _printf_wc                               0x00000000   Number         0  stubs.o ABSOLUTE
    _printf_wctomb                           0x00000000   Number         0  stubs.o ABSOLUTE
    _printf_widthprec                        0x00000000   Number         0  stubs.o ABSOLUTE
    _printf_x                                0x00000000   Number         0  stubs.o ABSOLUTE
    __cpp_initialize__aeabi_                  - Undefined Weak Reference
    __cxa_finalize                            - Undefined Weak Reference
    __decompress                              - Undefined Weak Reference
    _clock_init                               - Undefined Weak Reference
    _microlib_exit                            - Undefined Weak Reference
    __Vectors_Size                           0x000000ec   Number         0  startup_stm32f10x_md.o ABSOLUTE
    __Vectors                                0x08000000   Data           4  startup_stm32f10x_md.o(RESET)
    __Vectors_End                            0x080000ec   Data           0  startup_stm32f10x_md.o(RESET)
    __main                                   0x080000ed   Thumb Code     0  entry.o(.ARM.Collect$$$$00000000)
    _main_stk                                0x080000ed   Thumb Code     0  entry2.o(.ARM.Collect$$$$00000001)
    _main_scatterload                        0x080000f1   Thumb Code     0  entry5.o(.ARM.Collect$$$$00000004)
    __main_after_scatterload                 0x080000f5   Thumb Code     0  entry5.o(.ARM.Collect$$$$00000004)
    _main_clock                              0x080000f5   Thumb Code     0  entry7b.o(.ARM.Collect$$$$00000008)
    _main_cpp_init                           0x080000f5   Thumb Code     0  entry8b.o(.ARM.Collect$$$$0000000A)
    _main_init                               0x080000f5   Thumb Code     0  entry9a.o(.ARM.Collect$$$$0000000B)
    __rt_final_cpp                           0x080000fd   Thumb Code     0  entry10a.o(.ARM.Collect$$$$0000000D)
    __rt_final_exit                          0x080000fd   Thumb Code     0  entry11a.o(.ARM.Collect$$$$0000000F)
    Reset_Handler                            0x08000101   Thumb Code     8  startup_stm32f10x_md.o(.text)
    ADC1_2_IRQHandler                        0x0800011b   Thumb Code     0  startup_stm32f10x_md.o(.text)
    CAN1_RX1_IRQHandler                      0x0800011b   Thumb Code     0  startup_stm32f10x_md.o(.text)
    CAN1_SCE_IRQHandler                      0x0800011b   Thumb Code     0  startup_stm32f10x_md.o(.text)
    DMA1_Channel1_IRQHandler                 0x0800011b   Thumb Code     0  startup_stm32f10x_md.o(.text)
    DMA1_Channel2_IRQHandler                 0x0800011b   Thumb Code     0  startup_stm32f10x_md.o(.text)
    DMA1_Channel3_IRQHandler                 0x0800011b   Thumb Code     0  startup_stm32f10x_md.o(.text)
    DMA1_Channel4_IRQHandler                 0x0800011b   Thumb Code     0  startup_stm32f10x_md.o(.text)
    DMA1_Channel5_IRQHandler                 0x0800011b   Thumb Code     0  startup_stm32f10x_md.o(.text)
    DMA1_Channel6_IRQHandler                 0x0800011b   Thumb Code     0  startup_stm32f10x_md.o(.text)
    DMA1_Channel7_IRQHandler                 0x0800011b   Thumb Code     0  startup_stm32f10x_md.o(.text)
    EXTI0_IRQHandler                         0x0800011b   Thumb Code     0  startup_stm32f10x_md.o(.text)
    EXTI15_10_IRQHandler                     0x0800011b   Thumb Code     0  startup_stm32f10x_md.o(.text)
    EXTI1_IRQHandler                         0x0800011b   Thumb Code     0  startup_stm32f10x_md.o(.text)
    EXTI2_IRQHandler                         0x0800011b   Thumb Code     0  startup_stm32f10x_md.o(.text)
    EXTI3_IRQHandler                         0x0800011b   Thumb Code     0  startup_stm32f10x_md.o(.text)
    FLASH_IRQHandler                         0x0800011b   Thumb Code     0  startup_stm32f10x_md.o(.text)
    I2C1_ER_IRQHandler                       0x0800011b   Thumb Code     0  startup_stm32f10x_md.o(.text)
    I2C1_EV_IRQHandler                       0x0800011b   Thumb Code     0  startup_stm32f10x_md.o(.text)
    I2C2_ER_IRQHandler                       0x0800011b   Thumb Code     0  startup_stm32f10x_md.o(.text)
    I2C2_EV_IRQHandler                       0x0800011b   Thumb Code     0  startup_stm32f10x_md.o(.text)
    PVD_IRQHandler                           0x0800011b   Thumb Code     0  startup_stm32f10x_md.o(.text)
    RCC_IRQHandler                           0x0800011b   Thumb Code     0  startup_stm32f10x_md.o(.text)
    RTCAlarm_IRQHandler                      0x0800011b   Thumb Code     0  startup_stm32f10x_md.o(.text)
    RTC_IRQHandler                           0x0800011b   Thumb Code     0  startup_stm32f10x_md.o(.text)
    SPI1_IRQHandler                          0x0800011b   Thumb Code     0  startup_stm32f10x_md.o(.text)
    SPI2_IRQHandler                          0x0800011b   Thumb Code     0  startup_stm32f10x_md.o(.text)
    TAMPER_IRQHandler                        0x0800011b   Thumb Code     0  startup_stm32f10x_md.o(.text)
    TIM1_BRK_IRQHandler                      0x0800011b   Thumb Code     0  startup_stm32f10x_md.o(.text)
    TIM1_CC_IRQHandler                       0x0800011b   Thumb Code     0  startup_stm32f10x_md.o(.text)
    TIM1_TRG_COM_IRQHandler                  0x0800011b   Thumb Code     0  startup_stm32f10x_md.o(.text)
    TIM1_UP_IRQHandler                       0x0800011b   Thumb Code     0  startup_stm32f10x_md.o(.text)
    USART1_IRQHandler                        0x0800011b   Thumb Code     0  startup_stm32f10x_md.o(.text)
    USART2_IRQHandler                        0x0800011b   Thumb Code     0  startup_stm32f10x_md.o(.text)
    USART3_IRQHandler                        0x0800011b   Thumb Code     0  startup_stm32f10x_md.o(.text)
    USBWakeUp_IRQHandler                     0x0800011b   Thumb Code     0  startup_stm32f10x_md.o(.text)
    USB_HP_CAN1_TX_IRQHandler                0x0800011b   Thumb Code     0  startup_stm32f10x_md.o(.text)
    USB_LP_CAN1_RX0_IRQHandler               0x0800011b   Thumb Code     0  startup_stm32f10x_md.o(.text)
    WWDG_IRQHandler                          0x0800011b   Thumb Code     0  startup_stm32f10x_md.o(.text)
    __aeabi_dadd                             0x08000125   Thumb Code   322  dadd.o(.text)
    __aeabi_dsub                             0x08000267   Thumb Code     6  dadd.o(.text)
    __aeabi_drsub                            0x0800026d   Thumb Code     6  dadd.o(.text)
    __aeabi_dmul                             0x08000273   Thumb Code   228  dmul.o(.text)
    __aeabi_ddiv                             0x08000357   Thumb Code   222  ddiv.o(.text)
    __aeabi_i2f                              0x08000435   Thumb Code    18  fflti.o(.text)
    __aeabi_i2d                              0x08000447   Thumb Code    34  dflti.o(.text)
    __aeabi_f2uiz                            0x08000469   Thumb Code    40  ffixui.o(.text)
    __aeabi_d2iz                             0x08000491   Thumb Code    62  dfixi.o(.text)
    __aeabi_uidiv                            0x080004cf   Thumb Code     0  uidiv.o(.text)
    __aeabi_uidivmod                         0x080004cf   Thumb Code    44  uidiv.o(.text)
    __aeabi_llsl                             0x080004fb   Thumb Code    30  llshl.o(.text)
    _ll_shift_l                              0x080004fb   Thumb Code     0  llshl.o(.text)
    __aeabi_llsr                             0x08000519   Thumb Code    32  llushr.o(.text)
    _ll_ushift_r                             0x08000519   Thumb Code     0  llushr.o(.text)
    __aeabi_lasr                             0x08000539   Thumb Code    36  llsshr.o(.text)
    _ll_sshift_r                             0x08000539   Thumb Code     0  llsshr.o(.text)
    __I$use$fp                               0x0800055d   Thumb Code     0  iusefp.o(.text)
    _float_round                             0x0800055d   Thumb Code    18  fepilogue.o(.text)
    _float_epilogue                          0x0800056f   Thumb Code    92  fepilogue.o(.text)
    _double_round                            0x080005cb   Thumb Code    30  depilogue.o(.text)
    _double_epilogue                         0x080005e9   Thumb Code   156  depilogue.o(.text)
    __scatterload                            0x08000685   Thumb Code    28  init.o(.text)
    __scatterload_rt2                        0x08000685   Thumb Code     0  init.o(.text)
    BusFault_Handler                         0x080006a9   Thumb Code     4  stm32f10x_it.o(i.BusFault_Handler)
    DebugMon_Handler                         0x080006ad   Thumb Code     2  stm32f10x_it.o(i.DebugMon_Handler)
    Delay_msST                               0x080006b1   Thumb Code    16  delay.o(i.Delay_msST)
    EXTI4_Configuration                      0x080006c5   Thumb Code    70  butcontrol.o(i.EXTI4_Configuration)
    EXTI4_IRQHandler                         0x08000719   Thumb Code    36  butcontrol.o(i.EXTI4_IRQHandler)
    EXTI9_5_Configuration                    0x08000745   Thumb Code   158  butcontrol.o(i.EXTI9_5_Configuration)
    EXTI9_5_IRQHandler                       0x080007f5   Thumb Code    84  butcontrol.o(i.EXTI9_5_IRQHandler)
    EXTI_ClearITPendingBit                   0x08000859   Thumb Code     6  stm32f10x_exti.o(i.EXTI_ClearITPendingBit)
    EXTI_GetITStatus                         0x08000865   Thumb Code    34  stm32f10x_exti.o(i.EXTI_GetITStatus)
    EXTI_Init                                0x0800088d   Thumb Code   142  stm32f10x_exti.o(i.EXTI_Init)
    Encoder_Pin_Configuraton                 0x08000921   Thumb Code    32  gpio_configuration.o(i.Encoder_Pin_Configuraton)
    Encoder_Reading                          0x08000949   Thumb Code   118  fb_control.o(i.Encoder_Reading)
    Encoder_Reading_Configuration            0x080009d9   Thumb Code    88  encoder_configuration.o(i.Encoder_Reading_Configuration)
    Encoder_System_Configuration             0x08000a39   Thumb Code   114  encoder_configuration.o(i.Encoder_System_Configuration)
    FB_Control                               0x08000ab9   Thumb Code    52  fb_control.o(i.FB_Control)
    FB_Control_PID                           0x08000af5   Thumb Code   268  fb_control.o(i.FB_Control_PID)
    GPIO_EXTILineConfig                      0x08000c39   Thumb Code    60  stm32f10x_gpio.o(i.GPIO_EXTILineConfig)
    GPIO_Init                                0x08000c79   Thumb Code   278  stm32f10x_gpio.o(i.GPIO_Init)
    GPIO_LED_Test                            0x08000d91   Thumb Code    62  gpio_configuration.o(i.GPIO_LED_Test)
    GPIO_ReadInputDataBit                    0x08000ddd   Thumb Code    18  stm32f10x_gpio.o(i.GPIO_ReadInputDataBit)
    GPIO_ResetBits                           0x08000def   Thumb Code     4  stm32f10x_gpio.o(i.GPIO_ResetBits)
    GPIO_SetBits                             0x08000df3   Thumb Code     4  stm32f10x_gpio.o(i.GPIO_SetBits)
    GPIO_USART_Configuration                 0x08000df9   Thumb Code    76  gpio_configuration.o(i.GPIO_USART_Configuration)
    GPIO_WriteBit                            0x08000e49   Thumb Code    10  stm32f10x_gpio.o(i.GPIO_WriteBit)
    HardFault_Handler                        0x08000e53   Thumb Code     4  stm32f10x_it.o(i.HardFault_Handler)
    I2C_CheckEvent                           0x08000e57   Thumb Code    42  stm32f10x_i2c.o(i.I2C_CheckEvent)
    I2C_Cmd                                  0x08000e81   Thumb Code    24  stm32f10x_i2c.o(i.I2C_Cmd)
    I2C_GenerateSTART                        0x08000e99   Thumb Code    24  stm32f10x_i2c.o(i.I2C_GenerateSTART)
    I2C_GenerateSTOP                         0x08000eb1   Thumb Code    24  stm32f10x_i2c.o(i.I2C_GenerateSTOP)
    I2C_Init                                 0x08000ec9   Thumb Code   222  stm32f10x_i2c.o(i.I2C_Init)
    I2C_LCD_Configuration                    0x08000fb5   Thumb Code    84  liquidcrystal_i2c.o(i.I2C_LCD_Configuration)
    I2C_Send7bitAddress                      0x0800101d   Thumb Code    18  stm32f10x_i2c.o(i.I2C_Send7bitAddress)
    I2C_SendData                             0x0800102f   Thumb Code     4  stm32f10x_i2c.o(i.I2C_SendData)
    Keypad_Getkey                            0x08001035   Thumb Code   100  butcontrol.o(i.Keypad_Getkey)
    MemManage_Handler                        0x080010a9   Thumb Code     4  stm32f10x_it.o(i.MemManage_Handler)
    Motor_Pin_Configuration                  0x080010ad   Thumb Code    60  gpio_configuration.o(i.Motor_Pin_Configuration)
    NMI_Handler                              0x080010f5   Thumb Code     2  stm32f10x_it.o(i.NMI_Handler)
    NVIC_Configuration                       0x080010f9   Thumb Code   106  encoder_configuration.o(i.NVIC_Configuration)
    NVIC_Init                                0x08001169   Thumb Code   100  misc.o(i.NVIC_Init)
    NVIC_PriorityGroupConfig                 0x080011d9   Thumb Code    10  misc.o(i.NVIC_PriorityGroupConfig)
    PWM_Configuration                        0x080011ed   Thumb Code    84  dc_motor_control.o(i.PWM_Configuration)
    PWM_update                               0x08001249   Thumb Code    58  dc_motor_control.o(i.PWM_update)
    PendSV_Handler                           0x08001289   Thumb Code     2  stm32f10x_it.o(i.PendSV_Handler)
    RCC_APB1PeriphClockCmd                   0x0800128d   Thumb Code    26  stm32f10x_rcc.o(i.RCC_APB1PeriphClockCmd)
    RCC_APB1PeriphResetCmd                   0x080012ad   Thumb Code    26  stm32f10x_rcc.o(i.RCC_APB1PeriphResetCmd)
    RCC_APB2PeriphClockCmd                   0x080012cd   Thumb Code    26  stm32f10x_rcc.o(i.RCC_APB2PeriphClockCmd)
    RCC_APB2PeriphResetCmd                   0x080012ed   Thumb Code    26  stm32f10x_rcc.o(i.RCC_APB2PeriphResetCmd)
    RCC_GetClocksFreq                        0x0800130d   Thumb Code   192  stm32f10x_rcc.o(i.RCC_GetClocksFreq)
    SVC_Handler                              0x080013e1   Thumb Code     2  stm32f10x_it.o(i.SVC_Handler)
    Stop_Motor_BRA                           0x080014cd   Thumb Code    28  dc_motor_control.o(i.Stop_Motor_BRA)
    SysTick_Handler                          0x080014f1   Thumb Code    12  stm32f10x_it.o(i.SysTick_Handler)
    SystemInit                               0x08001501   Thumb Code    78  system_stm32f10x.o(i.SystemInit)
    TIM2_IRQHandler                          0x080017a1   Thumb Code    32  fb_control.o(i.TIM2_IRQHandler)
    TIM3_IRQHandler                          0x080017c5   Thumb Code    32  fb_control.o(i.TIM3_IRQHandler)
    TIM4_IRQHandler                          0x080017ed   Thumb Code    38  fb_control.o(i.TIM4_IRQHandler)
    TIM_ARRPreloadConfig                     0x08001821   Thumb Code    24  stm32f10x_tim.o(i.TIM_ARRPreloadConfig)
    TIM_ClearFlag                            0x08001839   Thumb Code     6  stm32f10x_tim.o(i.TIM_ClearFlag)
    TIM_Cmd                                  0x0800183f   Thumb Code    24  stm32f10x_tim.o(i.TIM_Cmd)
    TIM_DeInit                               0x08001859   Thumb Code   424  stm32f10x_tim.o(i.TIM_DeInit)
    TIM_EncoderInterfaceConfig               0x08001a41   Thumb Code    66  stm32f10x_tim.o(i.TIM_EncoderInterfaceConfig)
    TIM_GetCounter                           0x08001a83   Thumb Code     6  stm32f10x_tim.o(i.TIM_GetCounter)
    TIM_GetITStatus                          0x08001a89   Thumb Code    34  stm32f10x_tim.o(i.TIM_GetITStatus)
    TIM_ICInit                               0x08001aad   Thumb Code   150  stm32f10x_tim.o(i.TIM_ICInit)
    TIM_ITConfig                             0x08001b59   Thumb Code    18  stm32f10x_tim.o(i.TIM_ITConfig)
    TIM_OC3Init                              0x08001b6d   Thumb Code   150  stm32f10x_tim.o(i.TIM_OC3Init)
    TIM_OC3PreloadConfig                     0x08001c0d   Thumb Code    18  stm32f10x_tim.o(i.TIM_OC3PreloadConfig)
    TIM_SetCounter                           0x08001c1f   Thumb Code     4  stm32f10x_tim.o(i.TIM_SetCounter)
    TIM_SetIC1Prescaler                      0x08001c23   Thumb Code    18  stm32f10x_tim.o(i.TIM_SetIC1Prescaler)
    TIM_SetIC2Prescaler                      0x08001c35   Thumb Code    26  stm32f10x_tim.o(i.TIM_SetIC2Prescaler)
    TIM_SetIC3Prescaler                      0x08001c4f   Thumb Code    18  stm32f10x_tim.o(i.TIM_SetIC3Prescaler)
    TIM_SetIC4Prescaler                      0x08001c61   Thumb Code    26  stm32f10x_tim.o(i.TIM_SetIC4Prescaler)
    TIM_TimeBaseInit                         0x08001c7d   Thumb Code   122  stm32f10x_tim.o(i.TIM_TimeBaseInit)
    USART_ClearFlag                          0x08001d21   Thumb Code    18  stm32f10x_usart.o(i.USART_ClearFlag)
    USART_Cmd                                0x08001d33   Thumb Code    24  stm32f10x_usart.o(i.USART_Cmd)
    USART_DeInit                             0x08001d4d   Thumb Code   134  stm32f10x_usart.o(i.USART_DeInit)
    USART_ITConfig                           0x08001de9   Thumb Code    74  stm32f10x_usart.o(i.USART_ITConfig)
    USART_Init                               0x08001e35   Thumb Code   210  stm32f10x_usart.o(i.USART_Init)
    USARTx_Configuration                     0x08001f0d   Thumb Code   150  usart_serial.o(i.USARTx_Configuration)
    UsageFault_Handler                       0x08001fb1   Thumb Code     4  stm32f10x_it.o(i.UsageFault_Handler)
    __0sprintf$1                             0x08001fb5   Thumb Code    34  printf1.o(i.__0sprintf$1)
    __1sprintf$1                             0x08001fb5   Thumb Code     0  printf1.o(i.__0sprintf$1)
    __2sprintf                               0x08001fb5   Thumb Code     0  printf1.o(i.__0sprintf$1)
    __scatterload_copy                       0x08001fdd   Thumb Code    14  handlers.o(i.__scatterload_copy)
    __scatterload_null                       0x08001feb   Thumb Code     2  handlers.o(i.__scatterload_null)
    __scatterload_zeroinit                   0x08001fed   Thumb Code    14  handlers.o(i.__scatterload_zeroinit)
    lcd_Control_Write                        0x0800215b   Thumb Code    66  liquidcrystal_i2c.o(i.lcd_Control_Write)
    lcd_Data_Write                           0x0800219d   Thumb Code    70  liquidcrystal_i2c.o(i.lcd_Data_Write)
    lcd_Write_byte                           0x080021e5   Thumb Code    84  liquidcrystal_i2c.o(i.lcd_Write_byte)
    lcd_goto_XY                              0x08002245   Thumb Code    38  liquidcrystal_i2c.o(i.lcd_goto_XY)
    lcd_init                                 0x0800226b   Thumb Code    88  liquidcrystal_i2c.o(i.lcd_init)
    lcd_send_string                          0x080022c3   Thumb Code    22  liquidcrystal_i2c.o(i.lcd_send_string)
    main                                     0x080022d9   Thumb Code   352  main.o(i.main)
    Region$$Table$$Base                      0x08002498   Number         0  anon$$obj.o(Region$$Table)
    Region$$Table$$Limit                     0x080024b8   Number         0  anon$$obj.o(Region$$Table)
    NVIC_InitStructure                       0x20000000   Data           4  main.o(.data)
    GPIO_InitStructure                       0x20000004   Data           4  main.o(.data)
    EXTI_InitStructure                       0x20000008   Data           8  main.o(.data)
    actualSpeed                              0x20000010   Data           4  main.o(.data)
    sampleCount                              0x20000014   Data           1  main.o(.data)
    setSpeed                                 0x20000018   Data           4  main.o(.data)
    state                                    0x2000001c   Data           4  main.o(.data)
    flagControl                              0x20000020   Data           1  main.o(.data)
    flagRun                                  0x20000021   Data           1  main.o(.data)
    flagMode                                 0x20000022   Data           1  main.o(.data)
    flagStop                                 0x20000023   Data           1  main.o(.data)
    flagBut                                  0x20000024   Data           1  main.o(.data)
    encoderCnt                               0x20000026   Data           2  main.o(.data)
    encoderPreCnt                            0x20000028   Data           2  main.o(.data)
    encoderPulse                             0x2000002a   Data           2  main.o(.data)
    timer3Ovr                                0x2000002c   Data           4  main.o(.data)
    inputSpeed                               0x20000030   Data           2  main.o(.data)
    SystemCoreClock                          0x20000034   Data           4  system_stm32f10x.o(.data)
    AHBPrescTable                            0x20000038   Data          16  system_stm32f10x.o(.data)
    counterPulse                             0x2000005c   Data           2  butcontrol.o(.data)
    butPin                                   0x20000060   Data          16  butcontrol.o(.data)
    Time_ST                                  0x20000070   Data           4  delay.o(.data)
    CCW                                      0x20000078   Data           1  fb_control.o(.data)
    timer2Ovr                                0x2000007c   Data           4  fb_control.o(.data)
    Kp                                       0x20000080   Data           8  fb_control.o(.data)
    Kd                                       0x20000088   Data           8  fb_control.o(.data)
    Ki                                       0x20000090   Data           8  fb_control.o(.data)
    pPart                                    0x20000098   Data           8  fb_control.o(.data)
    dPart                                    0x200000a0   Data           8  fb_control.o(.data)
    iPart                                    0x200000a8   Data           8  fb_control.o(.data)
    Error                                    0x200000b0   Data           8  fb_control.o(.data)
    preError                                 0x200000b8   Data           8  fb_control.o(.data)
    desiredSpeed                             0x200000c0   Data           4  fb_control.o(.data)
    controlSpeed                             0x200000c4   Data           4  fb_control.o(.data)
    TIM_TimeBaseInitStructure                0x200000c8   Data          10  main.o(.bss)
    TIM_OCInitStructure                      0x200000d2   Data          16  main.o(.bss)
    TIM_ICInitStructure                      0x200000e2   Data          10  main.o(.bss)
    I2C_InitStructure                        0x200000ec   Data          16  main.o(.bss)
    buffer                                   0x200000fc   Data          40  main.o(.bss)
    buffer1                                  0x20000124   Data          40  main.o(.bss)
    __initial_sp                             0x20000550   Data           0  startup_stm32f10x_md.o(STACK)



==============================================================================

Memory Map of the image

  Image Entry point : 0x080000ed

  Load Region LR_IROM1 (Base: 0x08000000, Size: 0x00002580, Max: 0x00010000, ABSOLUTE)

    Execution Region ER_IROM1 (Exec base: 0x08000000, Load base: 0x08000000, Size: 0x000024b8, Max: 0x00010000, ABSOLUTE)

    Exec Addr    Load Addr    Size         Type   Attr      Idx    E Section Name        Object

    0x08000000   0x08000000   0x000000ec   Data   RO         3219    RESET               startup_stm32f10x_md.o
    0x080000ec   0x080000ec   0x00000000   Code   RO         3579  * .ARM.Collect$$$$00000000  mc_w.l(entry.o)
    0x080000ec   0x080000ec   0x00000004   Code   RO         3857    .ARM.Collect$$$$00000001  mc_w.l(entry2.o)
    0x080000f0   0x080000f0   0x00000004   Code   RO         3860    .ARM.Collect$$$$00000004  mc_w.l(entry5.o)
    0x080000f4   0x080000f4   0x00000000   Code   RO         3862    .ARM.Collect$$$$00000008  mc_w.l(entry7b.o)
    0x080000f4   0x080000f4   0x00000000   Code   RO         3864    .ARM.Collect$$$$0000000A  mc_w.l(entry8b.o)
    0x080000f4   0x080000f4   0x00000008   Code   RO         3865    .ARM.Collect$$$$0000000B  mc_w.l(entry9a.o)
    0x080000fc   0x080000fc   0x00000000   Code   RO         3867    .ARM.Collect$$$$0000000D  mc_w.l(entry10a.o)
    0x080000fc   0x080000fc   0x00000000   Code   RO         3869    .ARM.Collect$$$$0000000F  mc_w.l(entry11a.o)
    0x080000fc   0x080000fc   0x00000004   Code   RO         3858    .ARM.Collect$$$$00002712  mc_w.l(entry2.o)
    0x08000100   0x08000100   0x00000024   Code   RO         3220    .text               startup_stm32f10x_md.o
    0x08000124   0x08000124   0x0000014e   Code   RO         3843    .text               mf_w.l(dadd.o)
    0x08000272   0x08000272   0x000000e4   Code   RO         3845    .text               mf_w.l(dmul.o)
    0x08000356   0x08000356   0x000000de   Code   RO         3847    .text               mf_w.l(ddiv.o)
    0x08000434   0x08000434   0x00000012   Code   RO         3849    .text               mf_w.l(fflti.o)
    0x08000446   0x08000446   0x00000022   Code   RO         3851    .text               mf_w.l(dflti.o)
    0x08000468   0x08000468   0x00000028   Code   RO         3853    .text               mf_w.l(ffixui.o)
    0x08000490   0x08000490   0x0000003e   Code   RO         3855    .text               mf_w.l(dfixi.o)
    0x080004ce   0x080004ce   0x0000002c   Code   RO         3874    .text               mc_w.l(uidiv.o)
    0x080004fa   0x080004fa   0x0000001e   Code   RO         3878    .text               mc_w.l(llshl.o)
    0x08000518   0x08000518   0x00000020   Code   RO         3880    .text               mc_w.l(llushr.o)
    0x08000538   0x08000538   0x00000024   Code   RO         3882    .text               mc_w.l(llsshr.o)
    0x0800055c   0x0800055c   0x00000000   Code   RO         3884    .text               mc_w.l(iusefp.o)
    0x0800055c   0x0800055c   0x0000006e   Code   RO         3885    .text               mf_w.l(fepilogue.o)
    0x080005ca   0x080005ca   0x000000ba   Code   RO         3887    .text               mf_w.l(depilogue.o)
    0x08000684   0x08000684   0x00000024   Code   RO         3893    .text               mc_w.l(init.o)
    0x080006a8   0x080006a8   0x00000004   Code   RO          140    i.BusFault_Handler  stm32f10x_it.o
    0x080006ac   0x080006ac   0x00000002   Code   RO          141    i.DebugMon_Handler  stm32f10x_it.o
    0x080006ae   0x080006ae   0x00000002   PAD
    0x080006b0   0x080006b0   0x00000014   Code   RO         3311    i.Delay_msST        delay.o
    0x080006c4   0x080006c4   0x00000054   Code   RO         3224    i.EXTI4_Configuration  butcontrol.o
    0x08000718   0x08000718   0x0000002c   Code   RO         3225    i.EXTI4_IRQHandler  butcontrol.o
    0x08000744   0x08000744   0x000000b0   Code   RO         3226    i.EXTI9_5_Configuration  butcontrol.o
    0x080007f4   0x080007f4   0x00000064   Code   RO         3227    i.EXTI9_5_IRQHandler  butcontrol.o
    0x08000858   0x08000858   0x0000000c   Code   RO         1048    i.EXTI_ClearITPendingBit  stm32f10x_exti.o
    0x08000864   0x08000864   0x00000028   Code   RO         1052    i.EXTI_GetITStatus  stm32f10x_exti.o
    0x0800088c   0x0800088c   0x00000094   Code   RO         1053    i.EXTI_Init         stm32f10x_exti.o
    0x08000920   0x08000920   0x00000028   Code   RO         3434    i.Encoder_Pin_Configuraton  gpio_configuration.o
    0x08000948   0x08000948   0x00000090   Code   RO         3366    i.Encoder_Reading   fb_control.o
    0x080009d8   0x080009d8   0x00000060   Code   RO         3341    i.Encoder_Reading_Configuration  encoder_configuration.o
    0x08000a38   0x08000a38   0x00000080   Code   RO         3342    i.Encoder_System_Configuration  encoder_configuration.o
    0x08000ab8   0x08000ab8   0x0000003c   Code   RO         3367    i.FB_Control        fb_control.o
    0x08000af4   0x08000af4   0x00000144   Code   RO         3368    i.FB_Control_PID    fb_control.o
    0x08000c38   0x08000c38   0x00000040   Code   RO         1398    i.GPIO_EXTILineConfig  stm32f10x_gpio.o
    0x08000c78   0x08000c78   0x00000116   Code   RO         1401    i.GPIO_Init         stm32f10x_gpio.o
    0x08000d8e   0x08000d8e   0x00000002   PAD
    0x08000d90   0x08000d90   0x0000004c   Code   RO         3435    i.GPIO_LED_Test     gpio_configuration.o
    0x08000ddc   0x08000ddc   0x00000012   Code   RO         1405    i.GPIO_ReadInputDataBit  stm32f10x_gpio.o
    0x08000dee   0x08000dee   0x00000004   Code   RO         1408    i.GPIO_ResetBits    stm32f10x_gpio.o
    0x08000df2   0x08000df2   0x00000004   Code   RO         1409    i.GPIO_SetBits      stm32f10x_gpio.o
    0x08000df6   0x08000df6   0x00000002   PAD
    0x08000df8   0x08000df8   0x00000050   Code   RO         3436    i.GPIO_USART_Configuration  gpio_configuration.o
    0x08000e48   0x08000e48   0x0000000a   Code   RO         1412    i.GPIO_WriteBit     stm32f10x_gpio.o
    0x08000e52   0x08000e52   0x00000004   Code   RO          142    i.HardFault_Handler  stm32f10x_it.o
    0x08000e56   0x08000e56   0x0000002a   Code   RO         1512    i.I2C_CheckEvent    stm32f10x_i2c.o
    0x08000e80   0x08000e80   0x00000018   Code   RO         1515    i.I2C_Cmd           stm32f10x_i2c.o
    0x08000e98   0x08000e98   0x00000018   Code   RO         1522    i.I2C_GenerateSTART  stm32f10x_i2c.o
    0x08000eb0   0x08000eb0   0x00000018   Code   RO         1523    i.I2C_GenerateSTOP  stm32f10x_i2c.o
    0x08000ec8   0x08000ec8   0x000000ec   Code   RO         1529    i.I2C_Init          stm32f10x_i2c.o
    0x08000fb4   0x08000fb4   0x00000068   Code   RO         3472    i.I2C_LCD_Configuration  liquidcrystal_i2c.o
    0x0800101c   0x0800101c   0x00000012   Code   RO         1536    i.I2C_Send7bitAddress  stm32f10x_i2c.o
    0x0800102e   0x0800102e   0x00000004   Code   RO         1537    i.I2C_SendData      stm32f10x_i2c.o
    0x08001032   0x08001032   0x00000002   PAD
    0x08001034   0x08001034   0x00000074   Code   RO         3228    i.Keypad_Getkey     butcontrol.o
    0x080010a8   0x080010a8   0x00000004   Code   RO          143    i.MemManage_Handler  stm32f10x_it.o
    0x080010ac   0x080010ac   0x00000048   Code   RO         3437    i.Motor_Pin_Configuration  gpio_configuration.o
    0x080010f4   0x080010f4   0x00000002   Code   RO          144    i.NMI_Handler       stm32f10x_it.o
    0x080010f6   0x080010f6   0x00000002   PAD
    0x080010f8   0x080010f8   0x00000070   Code   RO         3343    i.NVIC_Configuration  encoder_configuration.o
    0x08001168   0x08001168   0x00000070   Code   RO          250    i.NVIC_Init         misc.o
    0x080011d8   0x080011d8   0x00000014   Code   RO          251    i.NVIC_PriorityGroupConfig  misc.o
    0x080011ec   0x080011ec   0x0000005c   Code   RO         3268    i.PWM_Configuration  dc_motor_control.o
    0x08001248   0x08001248   0x00000040   Code   RO         3269    i.PWM_update        dc_motor_control.o
    0x08001288   0x08001288   0x00000002   Code   RO          145    i.PendSV_Handler    stm32f10x_it.o
    0x0800128a   0x0800128a   0x00000002   PAD
    0x0800128c   0x0800128c   0x00000020   Code   RO         1817    i.RCC_APB1PeriphClockCmd  stm32f10x_rcc.o
    0x080012ac   0x080012ac   0x00000020   Code   RO         1818    i.RCC_APB1PeriphResetCmd  stm32f10x_rcc.o
    0x080012cc   0x080012cc   0x00000020   Code   RO         1819    i.RCC_APB2PeriphClockCmd  stm32f10x_rcc.o
    0x080012ec   0x080012ec   0x00000020   Code   RO         1820    i.RCC_APB2PeriphResetCmd  stm32f10x_rcc.o
    0x0800130c   0x0800130c   0x000000d4   Code   RO         1827    i.RCC_GetClocksFreq  stm32f10x_rcc.o
    0x080013e0   0x080013e0   0x00000002   Code   RO          146    i.SVC_Handler       stm32f10x_it.o
    0x080013e2   0x080013e2   0x00000008   Code   RO          216    i.SetSysClock       system_stm32f10x.o
    0x080013ea   0x080013ea   0x00000002   PAD
    0x080013ec   0x080013ec   0x000000e0   Code   RO          217    i.SetSysClockTo72   system_stm32f10x.o
    0x080014cc   0x080014cc   0x00000024   Code   RO         3271    i.Stop_Motor_BRA    dc_motor_control.o
    0x080014f0   0x080014f0   0x00000010   Code   RO          147    i.SysTick_Handler   stm32f10x_it.o
    0x08001500   0x08001500   0x00000060   Code   RO          219    i.SystemInit        system_stm32f10x.o
    0x08001560   0x08001560   0x00000080   Code   RO         2435    i.TI1_Config        stm32f10x_tim.o
    0x080015e0   0x080015e0   0x00000098   Code   RO         2436    i.TI2_Config        stm32f10x_tim.o
    0x08001678   0x08001678   0x00000090   Code   RO         2437    i.TI3_Config        stm32f10x_tim.o
    0x08001708   0x08001708   0x00000098   Code   RO         2438    i.TI4_Config        stm32f10x_tim.o
    0x080017a0   0x080017a0   0x00000024   Code   RO         3369    i.TIM2_IRQHandler   fb_control.o
    0x080017c4   0x080017c4   0x00000028   Code   RO         3370    i.TIM3_IRQHandler   fb_control.o
    0x080017ec   0x080017ec   0x00000034   Code   RO         3371    i.TIM4_IRQHandler   fb_control.o
    0x08001820   0x08001820   0x00000018   Code   RO         2439    i.TIM_ARRPreloadConfig  stm32f10x_tim.o
    0x08001838   0x08001838   0x00000006   Code   RO         2445    i.TIM_ClearFlag     stm32f10x_tim.o
    0x0800183e   0x0800183e   0x00000018   Code   RO         2451    i.TIM_Cmd           stm32f10x_tim.o
    0x08001856   0x08001856   0x00000002   PAD
    0x08001858   0x08001858   0x000001e8   Code   RO         2456    i.TIM_DeInit        stm32f10x_tim.o
    0x08001a40   0x08001a40   0x00000042   Code   RO         2460    i.TIM_EncoderInterfaceConfig  stm32f10x_tim.o
    0x08001a82   0x08001a82   0x00000006   Code   RO         2470    i.TIM_GetCounter    stm32f10x_tim.o
    0x08001a88   0x08001a88   0x00000022   Code   RO         2472    i.TIM_GetITStatus   stm32f10x_tim.o
    0x08001aaa   0x08001aaa   0x00000002   PAD
    0x08001aac   0x08001aac   0x000000ac   Code   RO         2474    i.TIM_ICInit        stm32f10x_tim.o
    0x08001b58   0x08001b58   0x00000012   Code   RO         2476    i.TIM_ITConfig      stm32f10x_tim.o
    0x08001b6a   0x08001b6a   0x00000002   PAD
    0x08001b6c   0x08001b6c   0x000000a0   Code   RO         2490    i.TIM_OC3Init       stm32f10x_tim.o
    0x08001c0c   0x08001c0c   0x00000012   Code   RO         2493    i.TIM_OC3PreloadConfig  stm32f10x_tim.o
    0x08001c1e   0x08001c1e   0x00000004   Code   RO         2516    i.TIM_SetCounter    stm32f10x_tim.o
    0x08001c22   0x08001c22   0x00000012   Code   RO         2517    i.TIM_SetIC1Prescaler  stm32f10x_tim.o
    0x08001c34   0x08001c34   0x0000001a   Code   RO         2518    i.TIM_SetIC2Prescaler  stm32f10x_tim.o
    0x08001c4e   0x08001c4e   0x00000012   Code   RO         2519    i.TIM_SetIC3Prescaler  stm32f10x_tim.o
    0x08001c60   0x08001c60   0x0000001a   Code   RO         2520    i.TIM_SetIC4Prescaler  stm32f10x_tim.o
    0x08001c7a   0x08001c7a   0x00000002   PAD
    0x08001c7c   0x08001c7c   0x000000a4   Code   RO         2522    i.TIM_TimeBaseInit  stm32f10x_tim.o
    0x08001d20   0x08001d20   0x00000012   Code   RO         2983    i.USART_ClearFlag   stm32f10x_usart.o
    0x08001d32   0x08001d32   0x00000018   Code   RO         2987    i.USART_Cmd         stm32f10x_usart.o
    0x08001d4a   0x08001d4a   0x00000002   PAD
    0x08001d4c   0x08001d4c   0x0000009c   Code   RO         2989    i.USART_DeInit      stm32f10x_usart.o
    0x08001de8   0x08001de8   0x0000004a   Code   RO         2993    i.USART_ITConfig    stm32f10x_usart.o
    0x08001e32   0x08001e32   0x00000002   PAD
    0x08001e34   0x08001e34   0x000000d8   Code   RO         2994    i.USART_Init        stm32f10x_usart.o
    0x08001f0c   0x08001f0c   0x000000a4   Code   RO         3529    i.USARTx_Configuration  usart_serial.o
    0x08001fb0   0x08001fb0   0x00000004   Code   RO          148    i.UsageFault_Handler  stm32f10x_it.o
    0x08001fb4   0x08001fb4   0x00000028   Code   RO         3629    i.__0sprintf$1      mc_w.l(printf1.o)
    0x08001fdc   0x08001fdc   0x0000000e   Code   RO         3899    i.__scatterload_copy  mc_w.l(handlers.o)
    0x08001fea   0x08001fea   0x00000002   Code   RO         3900    i.__scatterload_null  mc_w.l(handlers.o)
    0x08001fec   0x08001fec   0x0000000e   Code   RO         3901    i.__scatterload_zeroinit  mc_w.l(handlers.o)
    0x08001ffa   0x08001ffa   0x00000002   PAD
    0x08001ffc   0x08001ffc   0x00000154   Code   RO         3634    i._printf_core      mc_w.l(printf1.o)
    0x08002150   0x08002150   0x0000000a   Code   RO         3636    i._sputc            mc_w.l(printf1.o)
    0x0800215a   0x0800215a   0x00000042   Code   RO         3473    i.lcd_Control_Write  liquidcrystal_i2c.o
    0x0800219c   0x0800219c   0x00000046   Code   RO         3474    i.lcd_Data_Write    liquidcrystal_i2c.o
    0x080021e2   0x080021e2   0x00000002   PAD
    0x080021e4   0x080021e4   0x00000060   Code   RO         3475    i.lcd_Write_byte    liquidcrystal_i2c.o
    0x08002244   0x08002244   0x00000026   Code   RO         3476    i.lcd_goto_XY       liquidcrystal_i2c.o
    0x0800226a   0x0800226a   0x00000058   Code   RO         3477    i.lcd_init          liquidcrystal_i2c.o
    0x080022c2   0x080022c2   0x00000016   Code   RO         3478    i.lcd_send_string   liquidcrystal_i2c.o
    0x080022d8   0x080022d8   0x000001c0   Code   RO            1    i.main              main.o
    0x08002498   0x08002498   0x00000020   Data   RO         3897    Region$$Table       anon$$obj.o


    Execution Region RW_IRAM1 (Exec base: 0x20000000, Load base: 0x080024b8, Size: 0x00000550, Max: 0x00005000, ABSOLUTE)

    Exec Addr    Load Addr    Size         Type   Attr      Idx    E Section Name        Object

    0x20000000   0x080024b8   0x00000032   Data   RW            3    .data               main.o
    0x20000032   0x080024ea   0x00000002   PAD
    0x20000034   0x080024ec   0x00000014   Data   RW          220    .data               system_stm32f10x.o
    0x20000048   0x08002500   0x00000014   Data   RW         1847    .data               stm32f10x_rcc.o
    0x2000005c   0x08002514   0x00000014   Data   RW         3229    .data               butcontrol.o
    0x20000070   0x08002528   0x00000004   Data   RW         3314    .data               delay.o
    0x20000074   0x0800252c   0x00000004   PAD
    0x20000078   0x08002530   0x00000050   Data   RW         3372    .data               fb_control.o
    0x200000c8        -       0x00000084   Zero   RW            2    .bss                main.o
    0x2000014c   0x08002580   0x00000004   PAD
    0x20000150        -       0x00000400   Zero   RW         3217    STACK               startup_stm32f10x_md.o


==============================================================================

Image component sizes


      Code (inc. data)   RO Data    RW Data    ZI Data      Debug   Object Name

       520         72          0         20          0       4500   butcontrol.o
         0          0          0          0          0         32   core_cm3.o
       192         22          0          0          0       1714   dc_motor_control.o
        20          4          0          4          0        751   delay.o
       336         28          0          0          0       1804   encoder_configuration.o
       656        116          0         80          0       5267   fb_control.o
       268         38          0          0          0       2252   gpio_configuration.o
       484         32          0          0          0       4341   liquidcrystal_i2c.o
       448        104          0         50        132     281087   main.o
       132         22          0          0          0       1839   misc.o
        36          8        236          0       1024        908   startup_stm32f10x_md.o
       200         18          0          0          0       2472   stm32f10x_exti.o
       378          4          0          0          0       5378   stm32f10x_gpio.o
       372         14          0          0          0       6478   stm32f10x_i2c.o
        40          4          0          0          0       4010   stm32f10x_it.o
       340         44          0         20          0       6076   stm32f10x_rcc.o
      1848        224          0          0          0      15399   stm32f10x_tim.o
       488         28          0          0          0       5323   stm32f10x_usart.o
       328         28          0         20          0       2417   system_stm32f10x.o
       164         14          0          0          0       1520   usart_serial.o

    ----------------------------------------------------------------------
      7278        824        268        200       1160     353568   Object Totals
         0          0         32          0          0          0   (incl. Generated)
        28          0          0          6          4          0   (incl. Padding)

    ----------------------------------------------------------------------

      Code (inc. data)   RO Data    RW Data    ZI Data      Debug   Library Member Name

         0          0          0          0          0          0   entry.o
         0          0          0          0          0          0   entry10a.o
         0          0          0          0          0          0   entry11a.o
         8          4          0          0          0          0   entry2.o
         4          0          0          0          0          0   entry5.o
         0          0          0          0          0          0   entry7b.o
         0          0          0          0          0          0   entry8b.o
         8          4          0          0          0          0   entry9a.o
        30          0          0          0          0          0   handlers.o
        36          8          0          0          0         68   init.o
         0          0          0          0          0          0   iusefp.o
        30          0          0          0          0         68   llshl.o
        36          0          0          0          0         68   llsshr.o
        32          0          0          0          0         68   llushr.o
       390         10          0          0          0        252   printf1.o
        44          0          0          0          0         80   uidiv.o
       334          0          0          0          0        148   dadd.o
       222          0          0          0          0        100   ddiv.o
       186          0          0          0          0        176   depilogue.o
        62          0          0          0          0         80   dfixi.o
        34          0          0          0          0         76   dflti.o
       228          0          0          0          0         96   dmul.o
       110          0          0          0          0        168   fepilogue.o
        40          0          0          0          0         68   ffixui.o
        18          0          0          0          0         68   fflti.o

    ----------------------------------------------------------------------
      1854         26          0          0          0       1584   Library Totals
         2          0          0          0          0          0   (incl. Padding)

    ----------------------------------------------------------------------

      Code (inc. data)   RO Data    RW Data    ZI Data      Debug   Library Name

       618         26          0          0          0        604   mc_w.l
      1234          0          0          0          0        980   mf_w.l

    ----------------------------------------------------------------------
      1854         26          0          0          0       1584   Library Totals

    ----------------------------------------------------------------------

==============================================================================


      Code (inc. data)   RO Data    RW Data    ZI Data      Debug   

      9132        850        268        200       1160     349896   Grand Totals
      9132        850        268        200       1160     349896   ELF Image Totals
      9132        850        268        200          0          0   ROM Totals

==============================================================================

    Total RO  Size (Code + RO Data)                 9400 (   9.18kB)
    Total RW  Size (RW Data + ZI Data)              1360 (   1.33kB)
    Total ROM Size (Code + RO Data + RW Data)       9600 (   9.38kB)

==============================================================================

