<html>
<body>
<pre>
<h1>µVision Build Log</h1>
<h2>Tool Versions:</h2>
IDE-Version: µVision V5.27.0.0
Copyright (C) 2018 ARM Ltd and ARM Germany GmbH. All rights reserved.
License Information: PHUC NGUYEN, IU, LIC=76FWF-6RF4F-PZ8WB-2GS6K-S54IU-5MT4C
 
Tool Versions:
Toolchain:       MDK-ARM Plus  Version: 5.27.0.0
Toolchain Path:  C:\Keil_v5\ARM\ARMCC\Bin
C Compiler:      Armcc.exe V5.06 update 6 (build 750)
Assembler:       Armasm.exe V5.06 update 6 (build 750)
Linker/Locator:  ArmLink.exe V5.06 update 6 (build 750)
Library Manager: ArmAr.exe V5.06 update 6 (build 750)
Hex Converter:   FromElf.exe V5.06 update 6 (build 750)
CPU DLL:         SARMCM3.DLL V5.27.0.0
Dialog DLL:      DCM.DLL V1.17.2.0
Target DLL:      STLink\ST-LINKIII-KEIL_SWO.dll V3.0.5.0
Dialog DLL:      TCM.DLL V1.36.1.0
 
<h2>Project:</h2>
K:\5. CODING\1. TEST\DRUM_COLLECTOR_V2.1\Project\DRUM_COLLECTOR_V2.1.uvprojx
Project File Date:  04/04/2019

<h2>Output:</h2>
*** Using Compiler 'V5.06 update 6 (build 750)', folder: 'C:\Keil_v5\ARM\ARMCC\Bin'
Rebuild target 'DRUM_COLLECTOR_V2.1'
compiling core_cm3.c...
compiling stm32f10x_it.c...
compiling main.c...
..\Source\Source_DIY\inc\Usart_serial.h(17): warning:  #1-D: last line of file ends without a newline
  #endif
..\Source\Source_DIY\inc\FB_Control.h(16): warning:  #1-D: last line of file ends without a newline
  #endif
..\Source\Source_DIY\inc\GPIO_Configuration.h(14): warning:  #1-D: last line of file ends without a newline
  #endif
..\Source\Source_DIY\inc\GPIO_Configuration.h(14): warning:  #1-D: last line of file ends without a newline
  #endif
..\Source\Source_DIY\inc\Encoder_Configuration.h(9): warning:  #1-D: last line of file ends without a newline
  #endif
..\Source\Source_DIY\inc\DC_Motor_Control.h(13): warning:  #1-D: last line of file ends without a newline
  #endif
..\Source\Source_DIY\inc\DC_Motor_Control.h(13): warning:  #1-D: last line of file ends without a newline
  #endif
..\Source\main.c: 7 warnings, 0 errors
compiling system_stm32f10x.c...
compiling misc.c...
compiling stm32f10x_bkp.c...
compiling stm32f10x_adc.c...
compiling stm32f10x_crc.c...
compiling stm32f10x_cec.c...
compiling stm32f10x_can.c...
compiling stm32f10x_dbgmcu.c...
compiling stm32f10x_dac.c...
compiling stm32f10x_dma.c...
compiling stm32f10x_exti.c...
compiling stm32f10x_fsmc.c...
compiling stm32f10x_flash.c...
compiling stm32f10x_iwdg.c...
compiling stm32f10x_i2c.c...
compiling stm32f10x_gpio.c...
compiling stm32f10x_rtc.c...
compiling stm32f10x_pwr.c...
compiling stm32f10x_rcc.c...
compiling stm32f10x_spi.c...
compiling stm32f10x_sdio.c...
compiling stm32f10x_tim.c...
assembling startup_stm32f10x_md.s...
compiling stm32f10x_usart.c...
compiling stm32f10x_wwdg.c...
compiling DC_Motor_Control.c...
..\Source\Source_DIY\inc\DC_Motor_Control.h(13): warning:  #1-D: last line of file ends without a newline
  #endif
..\Source\Source_DIY\inc\DC_Motor_Control.h(13): warning:  #1-D: last line of file ends without a newline
  #endif
..\Source\Source_DIY\inc\FB_Control.h(16): warning:  #1-D: last line of file ends without a newline
  #endif
..\Source\Source_DIY\src\DC_Motor_Control.c(87): warning:  #1-D: last line of file ends without a newline
  	}
..\Source\Source_DIY\src\DC_Motor_Control.c: 4 warnings, 0 errors
compiling delay.c...
..\Source\Source_DIY\src\delay.c(32): warning:  #1-D: last line of file ends without a newline
  }
..\Source\Source_DIY\src\delay.c: 1 warning, 0 errors
compiling Encoder_Configuration.c...
..\Source\Source_DIY\inc\Encoder_Configuration.h(9): warning:  #1-D: last line of file ends without a newline
  #endif
..\Source\Source_DIY\inc\Usart_serial.h(17): warning:  #1-D: last line of file ends without a newline
  #endif
..\Source\Source_DIY\src\Encoder_Configuration.c: 2 warnings, 0 errors
compiling FB_Control.c...
..\Source\Source_DIY\inc\FB_Control.h(16): warning:  #1-D: last line of file ends without a newline
  #endif
..\Source\Source_DIY\inc\Usart_serial.h(17): warning:  #1-D: last line of file ends without a newline
  #endif
..\Source\Source_DIY\inc\GPIO_Configuration.h(14): warning:  #1-D: last line of file ends without a newline
  #endif
..\Source\Source_DIY\inc\GPIO_Configuration.h(14): warning:  #1-D: last line of file ends without a newline
  #endif
..\Source\Source_DIY\inc\DC_Motor_Control.h(13): warning:  #1-D: last line of file ends without a newline
  #endif
..\Source\Source_DIY\inc\DC_Motor_Control.h(13): warning:  #1-D: last line of file ends without a newline
  #endif
..\Source\Source_DIY\src\FB_Control.c(118): warning:  #186-D: pointless comparison of unsigned integer with zero
  		else if( encoderPulse < 0 )
..\Source\Source_DIY\src\FB_Control.c(135): warning:  #1-D: last line of file ends without a newline
  }
..\Source\Source_DIY\src\FB_Control.c: 8 warnings, 0 errors
compiling GPIO_Configuration.c...
..\Source\Source_DIY\inc\GPIO_Configuration.h(14): warning:  #1-D: last line of file ends without a newline
  #endif
..\Source\Source_DIY\inc\GPIO_Configuration.h(14): warning:  #1-D: last line of file ends without a newline
  #endif
..\Source\Source_DIY\src\GPIO_Configuration.c: 2 warnings, 0 errors
compiling LiquidCrystal_I2C.c...
..\Source\Source_DIY\src\LiquidCrystal_I2C.c(125): warning:  #1-D: last line of file ends without a newline
  }
..\Source\Source_DIY\src\LiquidCrystal_I2C.c: 1 warning, 0 errors
compiling Usart_serial.c...
..\Source\Source_DIY\inc\usart_serial.h(17): warning:  #1-D: last line of file ends without a newline
  #endif
..\Source\Source_DIY\src\Usart_serial.c: 1 warning, 0 errors
linking...
Program Size: Code=6012 RO-data=268 RW-data=136 ZI-data=1160  
FromELF: creating hex file...
".\Objects\DRUM_COLLECTOR_V2.1" - 0 Error(s), 26 Warning(s).

<h2>Software Packages used:</h2>

Package Vendor: Keil
                http://www.keil.com/pack/Keil.STM32F1xx_DFP.2.3.0.pack
                Keil.STM32F1xx_DFP.2.3.0
                STMicroelectronics STM32F1 Series Device Support, Drivers and Examples

<h2>Collection of Component include folders:</h2>
  .\RTE\_DRUM_COLLECTOR_V2.1
  C:\Keil_v5\ARM\PACK\Keil\STM32F1xx_DFP\2.3.0\Device\Include

<h2>Collection of Component Files used:</h2>
Build Time Elapsed:  00:00:10
</pre>
</body>
</html>
